[Licensing::Module] Trying to connect to existing licensing client channel...
Built from '6000.4/staging' branch; Version is '6000.4.10f1 (feeafc12a938) revision 16706300'; Using compiler version '194234433'; Build Type 'Release'
[Licensing::IpcConnector] Successfully connected to: "LicenseClient-korea" at "2026-09-17T16:47:40.7829354Z"
OS: 'Windows 10  (10.0.19045) 64bit Core' Language: 'ko' Physical Memory: 7880 MB
BatchMode: 1, IsHumanControllingUs: 0, StartBugReporterOnCrash: 0, Is64bit: 1
System  architecture: x64
Process architecture: x64
Date: 2026-09-17T16:47:40Z

COMMAND LINE ARGUMENTS:
Unity.exe
-quit
-batchmode
-projectPath
C:\Unity\code
-executeMethod
TestCompile.CompileTest
-logFile
C:\Unity\code\compile.log
Successfully changed project path to: C:\Unity\code
C:/Unity/code
[Licensing::Client] Code 10 while verifying Licensing Client signature (process Id: 3220, path: "C:/Program Files/Unity/Hub/Editor/6000.4.10f1/Editor/Data/Resources/Licensing/Client/Unity.Licensing.Client.exe")
[Licensing::Module] LicensingClient has failed validation; ignoring
[Licensing::Client] Handshaking with LicensingClient:
  Version:                 1.18.1+9fbee8e
  Session Id:              65f20c73025d4d718acbc4c4df7ff3a0
  Correlation Id:          4544091c8d567265a1a500d64ab6d873
  External correlation Id: 8439121956975554066
  Machine Id:              5cJWr0XiXK4/b2/xsaHUUO6HAA8=
[Licensing::Module] Successfully connected to LicensingClient on channel: "LicenseClient-korea" (connect: 0.00s, validation: 0.00s, handshake: 0.11s)
[Licensing::IpcConnector] Successfully connected to: "LicenseClient-korea-notifications" at "2026-09-17T16:47:40.8963425Z"
[UnityMemory] Configuration Parameters - Can be set up in boot.config
[Licensing::Module] Error: Access token is unavailable; failed to update
    "memorysetup-temp-allocator-size-gi-baking-worker=262144"
    "memorysetup-temp-allocator-size-gi-baking-worker=262144"
    "memorysetup-temp-allocator-size-gi-baking-worker=262144"
    "memorysetup-temp-allocator-size-gi-baking-worker=262144"
    "memorysetup-temp-allocator-size-gi-baking-worker=262144"
    "memorysetup-temp-allocator-size-nav-mesh-worker=65536"
    "memorysetup-temp-allocator-size-audio-worker=65536"
    "memorysetup-temp-allocator-size-cloud-worker=32768"
    "memorysetup-temp-allocator-size-gfx=262144"
    "memorysetup-temp-allocator-size-preload-manager=33554432"
    "memorysetup-temp-allocator-size-job-worker=262144"
    "memorysetup-temp-allocator-size-background-worker=32768"
    "memorysetup-allocator-temp-initial-block-size-main=262144"
    "memorysetup-allocator-temp-initial-block-size-worker=262144"
    "memorysetup-bucket-allocator-granularity=16"
    "memorysetup-bucket-allocator-bucket-count=8"
    "memorysetup-bucket-allocator-block-size=33554432"
    "memorysetup-bucket-allocator-block-count=8"
    "memorysetup-main-allocator-block-size=16777216"
    "memorysetup-thread-allocator-block-size=16777216"
    "memorysetup-gfx-main-allocator-block-size=16777216"
    "memorysetup-gfx-thread-allocator-block-size=16777216"
    "memorysetup-cache-allocator-block-size=4194304"
    "memorysetup-typetree-allocator-block-size=2097152"
    "memorysetup-profiler-bucket-allocator-granularity=16"
    "memorysetup-profiler-bucket-allocator-bucket-count=8"
    "memorysetup-profiler-bucket-allocator-block-size=33554432"
    "memorysetup-profiler-bucket-allocator-block-count=8"
    "memorysetup-profiler-allocator-block-size=16777216"
    "memorysetup-profiler-editor-allocator-block-size=1048576"
    "memorysetup-temp-allocator-size-main=16777216"
    "memorysetup-job-temp-allocator-block-size=2097152"
    "memorysetup-job-temp-allocator-block-size-background=1048576"
    "memorysetup-job-temp-allocator-reduction-small-platforms=262144"
[Licensing::Client] Successfully resolved entitlement details
[Licensing::Module] License group:
  Id: 14569764733855-UnityPersXXXX
  Product: Unity Personal
  Type: Assigned
  Expiration: Unlimited
Player connection [4956]  Target information:

Player connection [4956]  * "[IP] 172.21.112.1 [Port] 55504 [Flags] 2 [Guid] 3222097088 [EditorId] 3222097088 [Version] 1048832 [Id] WindowsEditor(7,DESKTOP-N0QMTC3) [Debug] 1 [PackageName] WindowsEditor [ProjectName] Editor" 

Player connection [4956]  * "[IP] 192.168.219.108 [Port] 55504 [Flags] 2 [Guid] 3222097088 [EditorId] 3222097088 [Version] 1048832 [Id] WindowsEditor(7,DESKTOP-N0QMTC3) [Debug] 1 [PackageName] WindowsEditor [ProjectName] Editor" 

[Licensing::Client] Successfully updated license, isAsync: True, time: 0.01
Player connection [4956] Host joined multi-casting on [225.0.0.222:54997]...
[Licensing::Client] Successfully resolved entitlement details
[Licensing::Module] Licensing Background thread has ended after 0.15s
Player connection [4956] Host joined alternative multi-casting on [225.0.0.222:34997]...
Input System module state changed to: Initialized.
[Physics::Module] Initialized fallback backend.
[Physics::Module] Id: 0xdecafbad
[Package Manager] Connected to IPC stream "Upm-10680" after 0.4 seconds.
[Licensing::Client] Successfully resolved entitlement details
Library Redirect Path: Library/
[Physics::Module] Selected backend.
[Physics::Module] Name: PhysX
[Physics::Module] Id: 0xf2b8ea05
[Physics::Module] SDK Version: 4.1.2
[Physics::Module] Integration Version: 1.0.0
[Physics::Module] Threading Mode: Multi-Threaded
Initialize engine version: 6000.4.10f1 (feeafc12a938)
[Subsystems] Discovering subsystems at path C:/Program Files/Unity/Hub/Editor/6000.4.10f1/Editor/Data/Resources/UnitySubsystems
[Subsystems] Discovering subsystems at path C:/Unity/code/Assets
GfxDevice: creating device client; kGfxThreadingModeNonThreaded
d3d12: failed to query info queue interface (0x80004002).
Direct3D:
    Version:         Direct3D 12 [level 12.1]
    Renderer:        Intel(R) HD Graphics 530 (ID=0x1912)
    Vendor:          Intel
    VRAM:            3940 MB
    App VRAM Budget: 3546 MB
    Driver:          25.20.100.6577
    Unified Memory Architecture
    Cache Coherent UMA
Initialize mono
Mono path[0] = 'C:/Program Files/Unity/Hub/Editor/6000.4.10f1/Editor/Data/Managed'
Mono path[1] = 'C:/Program Files/Unity/Hub/Editor/6000.4.10f1/Editor/Data/MonoBleedingEdge/lib/mono/unityjit-win32'
Mono config path = 'C:/Program Files/Unity/Hub/Editor/6000.4.10f1/Editor/Data/MonoBleedingEdge/etc'
Using monoOptions --debugger-agent=transport=dt_socket,embedding=1,server=y,suspend=n,address=127.0.0.1:56680
CodeReloadManager initialized
Using cacheserver namespaces - metadata:defaultmetadata, artifacts:defaultartifacts
Using cacheserver namespaces - metadata:defaultmetadata, artifacts:defaultartifacts
ImportWorker Server TCP listen port: 0
AcceleratorClientConnectionCallback - disconnected - :0
Begin MonoManager ReloadAssembly
Registering precompiled unity dll's ...
Register platform support module: C:/Program Files/Unity/Hub/Editor/6000.4.10f1/Editor/Data/PlaybackEngines/WebGLSupport/UnityEditor.WebGL.Extensions.dll
Register platform support module: C:/Program Files/Unity/Hub/Editor/6000.4.10f1/Editor/Data/PlaybackEngines/WindowsStandaloneSupport/UnityEditor.WindowsStandalone.Extensions.dll
Registered in 0.004607 seconds.
Native extension for WindowsStandalone target not found
Native extension for WebGL target not found
Package Manager log level set to [2]
ScheduleIndexationOnStartup MainProcess:False IndexOnStartup:True
Mono: successfully reloaded assembly
- Finished resetting the current domain, in  0.732 seconds
Domain Reload Profiling: 1516ms
	BeginReloadAssembly (258ms)
		CreateAndSetChildDomain (5ms)
	RebuildCommonClasses (67ms)
	RebuildNativeTypeToScriptingClass (21ms)
	initialDomainReloadingComplete (113ms)
	LoadAllAssembliesAndSetupDomain (322ms)
		LoadAssemblies (248ms)
		AnalyzeDomain (308ms)
			TypeCache.Refresh (306ms)
				TypeCache.ScanAssembly (285ms)
	FinalizeReload (735ms)
		SetupLoadedEditorAssemblies (0ms)
			InitializePlatformSupportModulesInManaged (83ms)
			BeforeProcessingInitializeOnLoad (139ms)
			ProcessInitializeOnLoadAttributes (166ms)
			ProcessInitializeOnLoadMethodAttributes (240ms)
[Licensing::Client] Successfully resolved entitlement details
Application.AssetDatabase Initial Refresh Start
[Package Manager] Restoring resolved packages state from cache
[Licensing::Client] Successfully resolved entitlement details
[Package Manager] Registered 71 packages:
  Packages from [https://packages.unity.com]:
    com.unity.animation.rigging@1.4.1 (location: C:\Unity\code\Library\PackageCache\com.unity.animation.rigging@ae5f251e1ed4)
    com.unity.cinemachine@3.1.3 (location: C:\Unity\code\Library\PackageCache\com.unity.cinemachine@624f919d8cdd)
    com.unity.cloud.gltfast@6.9.1 (location: C:\Unity\code\Library\PackageCache\com.unity.cloud.gltfast@161e8e5e9cfb)
    com.unity.collab-proxy@2.12.4 (location: C:\Unity\code\Library\PackageCache\com.unity.collab-proxy@0b1559bcd34e)
    com.unity.inputsystem@1.19.0 (location: C:\Unity\code\Library\PackageCache\com.unity.inputsystem@21a28c3a6c83)
    com.unity.localization@1.5.3 (location: C:\Unity\code\Library\PackageCache\com.unity.localization@aa064bb50234)
    com.unity.timeline@1.8.12 (location: C:\Unity\code\Library\PackageCache\com.unity.timeline@8cd8509afae5)
    com.unity.visualscripting@1.9.11 (location: C:\Unity\code\Library\PackageCache\com.unity.visualscripting@8bed5ad90189)
    com.unity.searcher@4.9.4 (location: C:\Unity\code\Library\PackageCache\com.unity.searcher@d45a78918735)
    com.unity.ai.inference@2.6.1 (location: C:\Unity\code\Library\PackageCache\com.unity.ai.inference@9a123aee5df7)
    com.unity.burst@1.8.29 (location: C:\Unity\code\Library\PackageCache\com.unity.burst@6bb9aca3ef38)
    com.unity.mathematics@1.3.3 (location: C:\Unity\code\Library\PackageCache\com.unity.mathematics@19a9377c4ffa)
    com.unity.addressables@2.9.1 (location: C:\Unity\code\Library\PackageCache\com.unity.addressables@8460f1c9c927)
    com.unity.nuget.newtonsoft-json@3.2.2 (location: C:\Unity\code\Library\PackageCache\com.unity.nuget.newtonsoft-json@4dfd81071c64)
    com.unity.ide.visualstudio@2.0.27 (location: C:\Unity\code\Library\PackageCache\com.unity.ide.visualstudio@dc1ddd4f09b6)
    com.unity.ide.rider@3.0.40 (location: C:\Unity\code\Library\PackageCache\com.unity.ide.rider@e4950c6d131b)
    com.unity.editorcoroutines@1.1.0 (location: C:\Unity\code\Library\PackageCache\com.unity.editorcoroutines@87a15ed012c2)
    com.unity.performance.profile-analyzer@1.3.4 (location: C:\Unity\code\Library\PackageCache\com.unity.performance.profile-analyzer@418130329099)
    com.unity.testtools.codecoverage@1.3.0 (location: C:\Unity\code\Library\PackageCache\com.unity.testtools.codecoverage@19a841221620)
    com.unity.splines@2.8.4 (location: C:\Unity\code\Library\PackageCache\com.unity.splines@9b00833aca09)
    com.unity.dt.app-ui@2.1.1 (location: C:\Unity\code\Library\PackageCache\com.unity.dt.app-ui@8ac7e730dd5d)
    com.unity.nuget.mono-cecil@1.11.6 (location: C:\Unity\code\Library\PackageCache\com.unity.nuget.mono-cecil@ecb9724e46ff)
    com.unity.test-framework.performance@3.4.0 (location: C:\Unity\code\Library\PackageCache\com.unity.test-framework.performance@aa81a99c4a75)
    com.unity.profiling.core@1.0.3 (location: C:\Unity\code\Library\PackageCache\com.unity.profiling.core@8a49f7027d06)
    com.unity.scriptablebuildpipeline@2.6.1 (location: C:\Unity\code\Library\PackageCache\com.unity.scriptablebuildpipeline@36e3b5898ee2)
    com.unity.settings-manager@2.1.1 (location: C:\Unity\code\Library\PackageCache\com.unity.settings-manager@0b8638c5ce86)
  Built-in packages:
    com.unity.feature.development@1.0.2 (location: C:\Unity\code\Library\PackageCache\com.unity.feature.development@767aadbc6eb7)
    com.unity.render-pipelines.core@17.4.0 (location: C:\Unity\code\Library\PackageCache\com.unity.render-pipelines.core@5aab14b68499)
    com.unity.render-pipelines.universal@17.4.0 (location: C:\Unity\code\Library\PackageCache\com.unity.render-pipelines.universal@cdf909593d80)
    com.unity.visualeffectgraph@17.4.0 (location: C:\Unity\code\Library\PackageCache\com.unity.visualeffectgraph@f0b14cafbb5c)
    com.unity.render-pipelines.universal-config@17.4.0 (location: C:\Unity\code\Library\PackageCache\com.unity.render-pipelines.universal-config@0db4263b9e6b)
    com.unity.sentis@2.2.0 (location: C:\Unity\code\Library\PackageCache\com.unity.sentis@eef1e5173b44)
    com.unity.shadergraph@17.4.0 (location: C:\Unity\code\Library\PackageCache\com.unity.shadergraph@93ee0fdc6ad8)
    com.unity.test-framework@1.6.0 (location: C:\Unity\code\Library\PackageCache\com.unity.test-framework@996f223345ba)
    com.unity.textmeshpro@5.0.0 (location: C:\Unity\code\Library\PackageCache\com.unity.textmeshpro@53f43edfd2e0)
    com.unity.ugui@2.0.0 (location: C:\Unity\code\Library\PackageCache\com.unity.ugui@1f2d1ab0d950)
    com.unity.modules.ai@1.0.0 (location: C:\Unity\code\Library\PackageCache\com.unity.modules.ai)
    com.unity.modules.androidjni@1.0.0 (location: C:\Unity\code\Library\PackageCache\com.unity.modules.androidjni)
    com.unity.modules.animation@1.0.0 (location: C:\Unity\code\Library\PackageCache\com.unity.modules.animation)
    com.unity.modules.assetbundle@1.0.0 (location: C:\Unity\code\Library\PackageCache\com.unity.modules.assetbundle)
    com.unity.modules.audio@1.0.0 (location: C:\Unity\code\Library\PackageCache\com.unity.modules.audio)
    com.unity.modules.cloth@1.0.0 (location: C:\Unity\code\Library\PackageCache\com.unity.modules.cloth)
    com.unity.modules.director@1.0.0 (location: C:\Unity\code\Library\PackageCache\com.unity.modules.director)
    com.unity.modules.imageconversion@1.0.0 (location: C:\Unity\code\Library\PackageCache\com.unity.modules.imageconversion)
    com.unity.modules.imgui@1.0.0 (location: C:\Unity\code\Library\PackageCache\com.unity.modules.imgui)
    com.unity.modules.jsonserialize@1.0.0 (location: C:\Unity\code\Library\PackageCache\com.unity.modules.jsonserialize)
    com.unity.modules.particlesystem@1.0.0 (location: C:\Unity\code\Library\PackageCache\com.unity.modules.particlesystem)
    com.unity.modules.physics@1.0.0 (location: C:\Unity\code\Library\PackageCache\com.unity.modules.physics)
    com.unity.modules.physics2d@1.0.0 (location: C:\Unity\code\Library\PackageCache\com.unity.modules.physics2d)
    com.unity.modules.screencapture@1.0.0 (location: C:\Unity\code\Library\PackageCache\com.unity.modules.screencapture)
    com.unity.modules.subsystems@1.0.0 (location: C:\Unity\code\Library\PackageCache\com.unity.modules.subsystems)
    com.unity.modules.terrain@1.0.0 (location: C:\Unity\code\Library\PackageCache\com.unity.modules.terrain)
    com.unity.modules.terrainphysics@1.0.0 (location: C:\Unity\code\Library\PackageCache\com.unity.modules.terrainphysics)
    com.unity.modules.tilemap@1.0.0 (location: C:\Unity\code\Library\PackageCache\com.unity.modules.tilemap)
    com.unity.modules.ui@1.0.0 (location: C:\Unity\code\Library\PackageCache\com.unity.modules.ui)
    com.unity.modules.uielements@1.0.0 (location: C:\Unity\code\Library\PackageCache\com.unity.modules.uielements)
    com.unity.modules.umbra@1.0.0 (location: C:\Unity\code\Library\PackageCache\com.unity.modules.umbra)
    com.unity.modules.unityanalytics@1.0.0 (location: C:\Unity\code\Library\PackageCache\com.unity.modules.unityanalytics)
    com.unity.modules.unitywebrequest@1.0.0 (location: C:\Unity\code\Library\PackageCache\com.unity.modules.unitywebrequest)
    com.unity.modules.unitywebrequestassetbundle@1.0.0 (location: C:\Unity\code\Library\PackageCache\com.unity.modules.unitywebrequestassetbundle)
    com.unity.modules.unitywebrequestaudio@1.0.0 (location: C:\Unity\code\Library\PackageCache\com.unity.modules.unitywebrequestaudio)
    com.unity.modules.unitywebrequesttexture@1.0.0 (location: C:\Unity\code\Library\PackageCache\com.unity.modules.unitywebrequesttexture)
    com.unity.modules.unitywebrequestwww@1.0.0 (location: C:\Unity\code\Library\PackageCache\com.unity.modules.unitywebrequestwww)
    com.unity.modules.vehicles@1.0.0 (location: C:\Unity\code\Library\PackageCache\com.unity.modules.vehicles)
    com.unity.modules.video@1.0.0 (location: C:\Unity\code\Library\PackageCache\com.unity.modules.video)
    com.unity.modules.vr@1.0.0 (location: C:\Unity\code\Library\PackageCache\com.unity.modules.vr)
    com.unity.modules.wind@1.0.0 (location: C:\Unity\code\Library\PackageCache\com.unity.modules.wind)
    com.unity.modules.xr@1.0.0 (location: C:\Unity\code\Library\PackageCache\com.unity.modules.xr)
    com.unity.modules.hierarchycore@1.0.0 (location: C:\Unity\code\Library\PackageCache\com.unity.modules.hierarchycore)
    com.unity.ext.nunit@2.0.5 (location: C:\Unity\code\Library\PackageCache\com.unity.ext.nunit@d8c07649098d)
    com.unity.collections@6.4.0 (location: C:\Unity\code\Library\PackageCache\com.unity.collections@5b6ebd78ccc0)
[Package Manager] com.unity.textmeshpro is deprecated: This package is no longer supported. TextMeshPro functionalities are now included in the com.unity.ugui package. To continue using them, consider adding it to your project dependencies.
[Subsystems] No new subsystems found in resolved package list.
[Package Manager] Done registering packages in 0.03 seconds
Assembly reference Packages/com.unity.cinemachine/Editor/Samples/ExposeHDRPInternals/HDRP-Editor-ref.asmref has no target assembly definition
Assembly reference Packages/com.unity.cinemachine/Editor/Samples/ExposeHDRPInternals/HDRP-Editor-ref.asmref has no target assembly definition
[ScriptCompilation] Requested script compilation because: AssetDatabase observed changes in script compilation related files
info: Microsoft.Hosting.Lifetime[14]
      Now listening on: http://localhost:80
info: Microsoft.Hosting.Lifetime[0]
      Application started. Press Ctrl+C to shut down.
info: Microsoft.Hosting.Lifetime[0]
      Hosting environment: Production
info: Microsoft.Hosting.Lifetime[0]
      Content root path: C:\Unity\code
info: Microsoft.AspNetCore.Hosting.Diagnostics[1]
      Request starting HTTP/2 POST http://ilpp/UnityILPP.PostProcessing/Ping - application/grpc -
info: Microsoft.AspNetCore.Routing.EndpointMiddleware[0]
      Executing endpoint 'gRPC - /UnityILPP.PostProcessing/Ping'
info: Microsoft.AspNetCore.Routing.EndpointMiddleware[1]
      Executed endpoint 'gRPC - /UnityILPP.PostProcessing/Ping'
info: Microsoft.AspNetCore.Hosting.Diagnostics[2]
      Request finished HTTP/2 POST http://ilpp/UnityILPP.PostProcessing/Ping - 200 - application/grpc 45.4913ms
Starting: C:\Program Files\Unity\Hub\Editor\6000.4.10f1\Editor\Data\Tools\BuildPipeline\bee_backend.exe --ipc --defer-dag-verification --dagfile="Library/Bee/1900b0aE.dag" --continue-on-failure --profile="Library/Bee/backend1.traceevents" ScriptAssemblies
WorkingDir: C:/Unity/code
info: Microsoft.AspNetCore.Hosting.Diagnostics[1]
      Request starting HTTP/2 POST http://ilpp/UnityILPP.PostProcessing/ConfigurePostProcessors - application/grpc -
info: Microsoft.AspNetCore.Routing.EndpointMiddleware[0]
      Executing endpoint 'gRPC - /UnityILPP.PostProcessing/ConfigurePostProcessors'
DisplayProgressbar: Compiling Scripts
warn: Unity.ILPP.Runner.PostProcessingAssemblyLoadContext[0]
      Assembly system.runtime.interopservices.windowsruntime has duplicate hint path. Ignoring "C:\Program Files\Unity\Hub\Editor\6000.4.10f1\Editor\Data\UnityReferenceAssemblies\unity-4.8-api\Facades\System.Runtime.InteropServices.WindowsRuntime.dll" in favor of "C:\Program Files\Unity\Hub\Editor\6000.4.10f1\Editor\Data\NetStandard\Extensions\2.0.0\System.Runtime.InteropServices.WindowsRuntime.dll"
warn: Unity.ILPP.Runner.PostProcessingAssemblyLoadContext[0]
      Assembly system.componentmodel.composition has duplicate hint path. Ignoring "C:\Program Files\Unity\Hub\Editor\6000.4.10f1\Editor\Data\UnityReferenceAssemblies\unity-4.8-api\System.ComponentModel.Composition.dll" in favor of "C:\Program Files\Unity\Hub\Editor\6000.4.10f1\Editor\Data\NetStandard\compat\2.1.0\shims\netfx\System.ComponentModel.Composition.dll"
info: Unity.ILPP.Runner.PostProcessingAssemblyLoadContext[0]
      Resolved Unity.Burst.Cecil, Version=0.11.6.0, Culture=neutral, PublicKeyToken=50cebf1cceb9d05e with Library\PackageCache\com.unity.burst@6bb9aca3ef38\Unity.Burst.CodeGen\Unity.Burst.Cecil.dll
info: Unity.ILPP.Runner.PostProcessingAssemblyLoadContext[0]
      Resolved Mono.Cecil, Version=0.11.5.0, Culture=neutral, PublicKeyToken=50cebf1cceb9d05e with Library\PackageCache\com.unity.nuget.mono-cecil@ecb9724e46ff\Mono.Cecil.dll
info: Microsoft.AspNetCore.Routing.EndpointMiddleware[1]
      Executed endpoint 'gRPC - /UnityILPP.PostProcessing/ConfigurePostProcessors'
info: Microsoft.AspNetCore.Hosting.Diagnostics[2]
      Request finished HTTP/2 POST http://ilpp/UnityILPP.PostProcessing/ConfigurePostProcessors - 200 - application/grpc 162.1929ms
info: Microsoft.AspNetCore.Hosting.Diagnostics[1]
      Request starting HTTP/2 POST http://ilpp/UnityILPP.PostProcessing/PostProcessAssembly - application/grpc -
info: Microsoft.AspNetCore.Routing.EndpointMiddleware[0]
      Executing endpoint 'gRPC - /UnityILPP.PostProcessing/PostProcessAssembly'
info: Unity.ILPP.Runner.PostProcessingPipeline[0]
      Processing assembly Library/Bee/artifacts/1900b0aE.dag/ProjectName.UI.dll, with 144 defines and 286 references
info: Unity.ILPP.Runner.PostProcessingPipeline[0]
      processors: Unity.Jobs.CodeGen.JobsILPostProcessor, zzzUnity.Burst.CodeGen.BurstILPostProcessor
info: Unity.ILPP.Runner.PostProcessingPipeline[0]
      running Unity.Jobs.CodeGen.JobsILPostProcessor
info: Unity.ILPP.Runner.PostProcessingPipeline[0]
      running zzzUnity.Burst.CodeGen.BurstILPostProcessor
info: Microsoft.AspNetCore.Routing.EndpointMiddleware[1]
      Executed endpoint 'gRPC - /UnityILPP.PostProcessing/PostProcessAssembly'
info: Microsoft.AspNetCore.Hosting.Diagnostics[2]
      Request finished HTTP/2 POST http://ilpp/UnityILPP.PostProcessing/PostProcessAssembly - 200 - application/grpc 66.0592ms
info: Microsoft.AspNetCore.Hosting.Diagnostics[1]
      Request starting HTTP/2 POST http://ilpp/UnityILPP.PostProcessing/PostProcessAssembly - application/grpc -
info: Microsoft.AspNetCore.Routing.EndpointMiddleware[0]
      Executing endpoint 'gRPC - /UnityILPP.PostProcessing/PostProcessAssembly'
info: Unity.ILPP.Runner.PostProcessingPipeline[0]
      Processing assembly Library/Bee/artifacts/1900b0aE.dag/Assembly-CSharp.dll, with 144 defines and 357 references
info: Unity.ILPP.Runner.PostProcessingPipeline[0]
      processors: Unity.Jobs.CodeGen.JobsILPostProcessor, zzzUnity.Burst.CodeGen.BurstILPostProcessor
info: Unity.ILPP.Runner.PostProcessingPipeline[0]
      running Unity.Jobs.CodeGen.JobsILPostProcessor
info: Unity.ILPP.Runner.PostProcessingAssemblyLoadContext[0]
      Resolved Unity.Collections, Version=0.0.0.0, Culture=neutral, PublicKeyToken=null with Library\Bee\artifacts\1900b0aE.dag\Unity.Collections.dll
info: Unity.ILPP.Runner.PostProcessingAssemblyLoadContext[0]
      Resolved UnityEditor.CoreModule, Version=0.0.0.0, Culture=neutral, PublicKeyToken=null with C:\Program Files\Unity\Hub\Editor\6000.4.10f1\Editor\Data\Managed\UnityEngine\UnityEditor.CoreModule.dll
info: Unity.ILPP.Runner.PostProcessingAssemblyLoadContext[0]
      Resolved UnityEngine.CoreModule, Version=0.0.0.0, Culture=neutral, PublicKeyToken=null with C:\Program Files\Unity\Hub\Editor\6000.4.10f1\Editor\Data\Managed\UnityEngine\UnityEngine.CoreModule.dll
info: Unity.ILPP.Runner.PostProcessingPipeline[0]
      running zzzUnity.Burst.CodeGen.BurstILPostProcessor
info: Unity.ILPP.Runner.PostProcessingAssemblyLoadContext[0]
      Resolved Unity.Burst.Cecil.Rocks, Version=0.11.6.0, Culture=neutral, PublicKeyToken=50cebf1cceb9d05e with Library\PackageCache\com.unity.burst@6bb9aca3ef38\Unity.Burst.CodeGen\Unity.Burst.Cecil.Rocks.dll
info: Microsoft.AspNetCore.Hosting.Diagnostics[1]
      Request starting HTTP/2 POST http://ilpp/UnityILPP.PostProcessing/PostProcessAssembly - application/grpc -
info: Microsoft.AspNetCore.Routing.EndpointMiddleware[0]
      Executing endpoint 'gRPC - /UnityILPP.PostProcessing/PostProcessAssembly'
info: Unity.ILPP.Runner.PostProcessingPipeline[0]
      Processing assembly Library/Bee/artifacts/1900b0aE.dag/Assembly-CSharp-Editor.dll, with 142 defines and 383 references
info: Unity.ILPP.Runner.PostProcessingPipeline[0]
      processors: Unity.Jobs.CodeGen.JobsILPostProcessor, zzzUnity.Burst.CodeGen.BurstILPostProcessor
info: Microsoft.AspNetCore.Routing.EndpointMiddleware[1]
      Executed endpoint 'gRPC - /UnityILPP.PostProcessing/PostProcessAssembly'
info: Microsoft.AspNetCore.Hosting.Diagnostics[2]
      Request finished HTTP/2 POST http://ilpp/UnityILPP.PostProcessing/PostProcessAssembly - 200 - application/grpc 4115.1733ms
info: Unity.ILPP.Runner.PostProcessingPipeline[0]
      running Unity.Jobs.CodeGen.JobsILPostProcessor
info: Unity.ILPP.Runner.PostProcessingPipeline[0]
      running zzzUnity.Burst.CodeGen.BurstILPostProcessor
info: Microsoft.AspNetCore.Routing.EndpointMiddleware[1]
      Executed endpoint 'gRPC - /UnityILPP.PostProcessing/PostProcessAssembly'
info: Microsoft.AspNetCore.Hosting.Diagnostics[2]
      Request finished HTTP/2 POST http://ilpp/UnityILPP.PostProcessing/PostProcessAssembly - 200 - application/grpc 1194.3676ms
ExitCode: 0 Duration: 10s
[1083/1423  0s] ILPP-Configuration Library/ilpp-configuration.nevergeneratedoutput
[1411/1423  3s] Csc Library/Bee/artifacts/1900b0aE.dag/ProjectName.UI.dll (+2 others)
Assets\Scripts\UI\EquipmentWindow.cs(105,28): warning CS0114: 'EquipmentWindow.Toggle()' hides inherited member 'UIWindow.Toggle()'. To make the current member override that implementation, add the override keyword. Otherwise add the new keyword.

Assets\Scripts\UI\Toolkit\AlchemyStationUTK.cs(45,28): warning CS0114: 'AlchemyStationUTK.Toggle()' hides inherited member 'UTKWindowBase.Toggle()'. To make the current member override that implementation, add the override keyword. Otherwise add the new keyword.

Assets\Scripts\UI\Toolkit\CookingWindowUTK.cs(46,28): warning CS0114: 'CookingWindowUTK.Toggle()' hides inherited member 'UTKWindowBase.Toggle()'. To make the current member override that implementation, add the override keyword. Otherwise add the new keyword.

Assets\Scripts\UI\Toolkit\CraftingWindowUTK.cs(58,28): warning CS0114: 'CraftingWindowUTK.Toggle()' hides inherited member 'UTKWindowBase.Toggle()'. To make the current member override that implementation, add the override keyword. Otherwise add the new keyword.

Assets\Scripts\UI\Toolkit\RepairStationUTK.cs(45,28): warning CS0114: 'RepairStationUTK.Toggle()' hides inherited member 'UTKWindowBase.Toggle()'. To make the current member override that implementation, add the override keyword. Otherwise add the new keyword.

Assets\Scripts\UI\Toolkit\EquipmentWindowUTK.cs(46,28): warning CS0114: 'EquipmentWindowUTK.Toggle()' hides inherited member 'UTKWindowBase.Toggle()'. To make the current member override that implementation, add the override keyword. Otherwise add the new keyword.

Assets\Scripts\UI\Toolkit\InventoryWindowUTK.cs(47,28): warning CS0114: 'InventoryWindowUTK.Toggle()' hides inherited member 'UTKWindowBase.Toggle()'. To make the current member override that implementation, add the override keyword. Otherwise add the new keyword.

Assets\Scripts\UI\TerritoryNPCSpawner.cs(259,24): warning CS0618: 'ProceduralAnimationController' is obsolete: 'Use HybridAnimationController with NeuralAnimationController instead. See MIGRATION_GUIDE_PHASE46.md'
[1412/1423  0s] ILPostProcess Library/Bee/artifacts/1900b0aE.dag/post-processed/ProjectName.UI.dll (+pdb)
Processing assembly Library/Bee/artifacts/1900b0aE.dag/ProjectName.UI.dll, with 144 defines and 286 references

processors: Unity.Jobs.CodeGen.JobsILPostProcessor, zzzUnity.Burst.CodeGen.BurstILPostProcessor

running Unity.Jobs.CodeGen.JobsILPostProcessor

running zzzUnity.Burst.CodeGen.BurstILPostProcessor
[1413/1423  0s] CopyFiles Library/ScriptAssemblies/ProjectName.UI.pdb
[1414/1423  0s] CopyFiles Library/ScriptAssemblies/ProjectName.UI.dll
[1415/1423  0s] Csc Library/Bee/artifacts/1900b0aE.dag/Assembly-CSharp.dll (+2 others)
Assets\Travis Game Assets\Hit Impact Effects\Demo Scene\Scripts\HitImpactEffectsPreview.cs(28,21): warning CS0108: 'HitImpactEffectsPreview.light' hides inherited member 'Component.light'. Use the new keyword if hiding was intended.
[1416/1423  1s] Csc Library/Bee/artifacts/1900b0aE.dag/Assembly-CSharp-Editor.dll (+2 others)
Assets\Editor\DayNightCycleReferenceFixer.cs(24,19): warning CS0618: 'Object.FindFirstObjectByType<T>()' is obsolete: 'FindFirstObjectByType has been deprecated because it relies on instance ID ordering. Use FindAnyObjectByType instead, which does not depend on ordering.'

Assets\Editor\FixAllCriticalIssues.cs(207,27): warning CS0618: 'Object.FindFirstObjectByType<T>()' is obsolete: 'FindFirstObjectByType has been deprecated because it relies on instance ID ordering. Use FindAnyObjectByType instead, which does not depend on ordering.'

Assets\Editor\FixAllCriticalIssues.cs(216,32): warning CS0618: 'Object.FindFirstObjectByType<T>()' is obsolete: 'FindFirstObjectByType has been deprecated because it relies on instance ID ordering. Use FindAnyObjectByType instead, which does not depend on ordering.'

Assets\Editor\FixAllCriticalIssues.cs(225,28): warning CS0618: 'Object.FindFirstObjectByType<T>()' is obsolete: 'FindFirstObjectByType has been deprecated because it relies on instance ID ordering. Use FindAnyObjectByType instead, which does not depend on ordering.'

Assets\Editor\FixAllCriticalIssues.cs(242,25): warning CS0618: 'Object.FindFirstObjectByType<T>()' is obsolete: 'FindFirstObjectByType has been deprecated because it relies on instance ID ordering. Use FindAnyObjectByType instead, which does not depend on ordering.'

Assets\Editor\FixPhase1_Terrain.cs(51,26): warning CS0618: 'Object.FindFirstObjectByType<T>()' is obsolete: 'FindFirstObjectByType has been deprecated because it relies on instance ID ordering. Use FindAnyObjectByType instead, which does not depend on ordering.'

Assets\Editor\DeepDiagnoseScene.cs(193,26): warning CS0618: 'Object.FindFirstObjectByType<T>()' is obsolete: 'FindFirstObjectByType has been deprecated because it relies on instance ID ordering. Use FindAnyObjectByType instead, which does not depend on ordering.'

Assets\Editor\FixPhase4_Camera.cs(106,44): warning CS0618: 'CinemachineCollider' is obsolete: 'CinemachineCollider has been deprecated. Use CinemachineDeoccluder instead'

Assets\Editor\FixPhase4_Camera.cs(107,62): warning CS0618: 'CinemachineCollider' is obsolete: 'CinemachineCollider has been deprecated. Use CinemachineDeoccluder instead'

Assets\Editor\FixPhase4_Camera.cs(113,32): warning CS0618: 'CinemachineCollider' is obsolete: 'CinemachineCollider has been deprecated. Use CinemachineDeoccluder instead'

Assets\Editor\GroundDiagRunner.cs(19,25): warning CS0618: 'Object.FindObjectsOfType<T>()' is obsolete: 'Object.FindObjectsOfType has been deprecated. Use Object.FindObjectsByType instead which lets you decide whether you need the results sorted or not.  FindObjectsOfType sorts the results by InstanceID but if you do not need this using FindObjectSortMode.None is considerably faster.'

Assets\Editor\IndoorShellMenu.cs(30,94): warning CS0618: 'FindObjectsSortMode' is obsolete: 'FindObjectsSortMode has been deprecated. Use the FindObjectsByType overloads that do not take a FindObjectsSortMode parameter.'

Assets\Editor\IndoorShellMenu.cs(30,28): warning CS0618: 'Object.FindObjectsByType<T>(FindObjectsInactive, FindObjectsSortMode)' is obsolete: 'FindObjectsByType with FindObjectsSortMode parameter has been deprecated. Use FindObjectsByType<T>() or FindObjectsByType<T>(FindObjectsInactive) instead. InstanceID will be replaced in the future with EntityId and previous sort order cannot be maintained.'

Assets\Editor\DeepDiagnoseScene.cs(454,21): warning CS0618: 'Object.FindFirstObjectByType<T>()' is obsolete: 'FindFirstObjectByType has been deprecated because it relies on instance ID ordering. Use FindAnyObjectByType instead, which does not depend on ordering.'

Assets\Editor\VFXResourceInstaller.cs(279,23): warning CS0618: 'Object.GetInstanceID()' is obsolete: 'GetInstanceID is deprecated. Use GetEntityId instead. This will be removed in a future version.'

Assets\Editor\FixMainScene.cs(938,19): warning CS0618: 'Object.FindFirstObjectByType<T>()' is obsolete: 'FindFirstObjectByType has been deprecated because it relies on instance ID ordering. Use FindAnyObjectByType instead, which does not depend on ordering.'

Assets\Editor\MonsterRigScanTool.cs(170,51): warning CS0184: The given expression is never of the provided ('AnimatorController') type
[1417/1423  4s] ILPostProcess Library/Bee/artifacts/1900b0aE.dag/post-processed/Assembly-CSharp.dll (+pdb)
Processing assembly Library/Bee/artifacts/1900b0aE.dag/Assembly-CSharp.dll, with 144 defines and 357 references

processors: Unity.Jobs.CodeGen.JobsILPostProcessor, zzzUnity.Burst.CodeGen.BurstILPostProcessor

running Unity.Jobs.CodeGen.JobsILPostProcessor

running zzzUnity.Burst.CodeGen.BurstILPostProcessor
[1418/1423  0s] CopyFiles Library/ScriptAssemblies/Assembly-CSharp.pdb
[1419/1423  0s] CopyFiles Library/ScriptAssemblies/Assembly-CSharp.dll
[1420/1423  2s] ILPostProcess Library/Bee/artifacts/1900b0aE.dag/post-processed/Assembly-CSharp-Editor.dll (+pdb)
Processing assembly Library/Bee/artifacts/1900b0aE.dag/Assembly-CSharp-Editor.dll, with 142 defines and 383 references

processors: Unity.Jobs.CodeGen.JobsILPostProcessor, zzzUnity.Burst.CodeGen.BurstILPostProcessor

running Unity.Jobs.CodeGen.JobsILPostProcessor

running zzzUnity.Burst.CodeGen.BurstILPostProcessor
[1421/1423  0s] CopyFiles Library/ScriptAssemblies/Assembly-CSharp-Editor.pdb
[1422/1423  0s] CopyFiles Library/ScriptAssemblies/Assembly-CSharp-Editor.dll
*** Tundra build success (10.05 seconds), 13 items updated, 1423 evaluated
Assets\Scripts\UI\EquipmentWindow.cs(105,28): warning CS0114: 'EquipmentWindow.Toggle()' hides inherited member 'UIWindow.Toggle()'. To make the current member override that implementation, add the override keyword. Otherwise add the new keyword.
Assets\Scripts\UI\Toolkit\AlchemyStationUTK.cs(45,28): warning CS0114: 'AlchemyStationUTK.Toggle()' hides inherited member 'UTKWindowBase.Toggle()'. To make the current member override that implementation, add the override keyword. Otherwise add the new keyword.
Assets\Scripts\UI\Toolkit\CookingWindowUTK.cs(46,28): warning CS0114: 'CookingWindowUTK.Toggle()' hides inherited member 'UTKWindowBase.Toggle()'. To make the current member override that implementation, add the override keyword. Otherwise add the new keyword.
Assets\Scripts\UI\Toolkit\CraftingWindowUTK.cs(58,28): warning CS0114: 'CraftingWindowUTK.Toggle()' hides inherited member 'UTKWindowBase.Toggle()'. To make the current member override that implementation, add the override keyword. Otherwise add the new keyword.
Assets\Scripts\UI\Toolkit\RepairStationUTK.cs(45,28): warning CS0114: 'RepairStationUTK.Toggle()' hides inherited member 'UTKWindowBase.Toggle()'. To make the current member override that implementation, add the override keyword. Otherwise add the new keyword.
Assets\Scripts\UI\Toolkit\EquipmentWindowUTK.cs(46,28): warning CS0114: 'EquipmentWindowUTK.Toggle()' hides inherited member 'UTKWindowBase.Toggle()'. To make the current member override that implementation, add the override keyword. Otherwise add the new keyword.
Assets\Scripts\UI\Toolkit\InventoryWindowUTK.cs(47,28): warning CS0114: 'InventoryWindowUTK.Toggle()' hides inherited member 'UTKWindowBase.Toggle()'. To make the current member override that implementation, add the override keyword. Otherwise add the new keyword.
Assets\Scripts\UI\TerritoryNPCSpawner.cs(259,24): warning CS0618: 'ProceduralAnimationController' is obsolete: 'Use HybridAnimationController with NeuralAnimationController instead. See MIGRATION_GUIDE_PHASE46.md'
Assets\Travis Game Assets\Hit Impact Effects\Demo Scene\Scripts\HitImpactEffectsPreview.cs(28,21): warning CS0108: 'HitImpactEffectsPreview.light' hides inherited member 'Component.light'. Use the new keyword if hiding was intended.
Assets\Editor\DayNightCycleReferenceFixer.cs(24,19): warning CS0618: 'Object.FindFirstObjectByType<T>()' is obsolete: 'FindFirstObjectByType has been deprecated because it relies on instance ID ordering. Use FindAnyObjectByType instead, which does not depend on ordering.'
Assets\Editor\FixAllCriticalIssues.cs(207,27): warning CS0618: 'Object.FindFirstObjectByType<T>()' is obsolete: 'FindFirstObjectByType has been deprecated because it relies on instance ID ordering. Use FindAnyObjectByType instead, which does not depend on ordering.'
Assets\Editor\FixAllCriticalIssues.cs(216,32): warning CS0618: 'Object.FindFirstObjectByType<T>()' is obsolete: 'FindFirstObjectByType has been deprecated because it relies on instance ID ordering. Use FindAnyObjectByType instead, which does not depend on ordering.'
Assets\Editor\FixAllCriticalIssues.cs(225,28): warning CS0618: 'Object.FindFirstObjectByType<T>()' is obsolete: 'FindFirstObjectByType has been deprecated because it relies on instance ID ordering. Use FindAnyObjectByType instead, which does not depend on ordering.'
Assets\Editor\FixAllCriticalIssues.cs(242,25): warning CS0618: 'Object.FindFirstObjectByType<T>()' is obsolete: 'FindFirstObjectByType has been deprecated because it relies on instance ID ordering. Use FindAnyObjectByType instead, which does not depend on ordering.'
Assets\Editor\FixPhase1_Terrain.cs(51,26): warning CS0618: 'Object.FindFirstObjectByType<T>()' is obsolete: 'FindFirstObjectByType has been deprecated because it relies on instance ID ordering. Use FindAnyObjectByType instead, which does not depend on ordering.'
Assets\Editor\DeepDiagnoseScene.cs(193,26): warning CS0618: 'Object.FindFirstObjectByType<T>()' is obsolete: 'FindFirstObjectByType has been deprecated because it relies on instance ID ordering. Use FindAnyObjectByType instead, which does not depend on ordering.'
Assets\Editor\FixPhase4_Camera.cs(106,44): warning CS0618: 'CinemachineCollider' is obsolete: 'CinemachineCollider has been deprecated. Use CinemachineDeoccluder instead'
Assets\Editor\FixPhase4_Camera.cs(107,62): warning CS0618: 'CinemachineCollider' is obsolete: 'CinemachineCollider has been deprecated. Use CinemachineDeoccluder instead'
Assets\Editor\FixPhase4_Camera.cs(113,32): warning CS0618: 'CinemachineCollider' is obsolete: 'CinemachineCollider has been deprecated. Use CinemachineDeoccluder instead'
Assets\Editor\GroundDiagRunner.cs(19,25): warning CS0618: 'Object.FindObjectsOfType<T>()' is obsolete: 'Object.FindObjectsOfType has been deprecated. Use Object.FindObjectsByType instead which lets you decide whether you need the results sorted or not.  FindObjectsOfType sorts the results by InstanceID but if you do not need this using FindObjectSortMode.None is considerably faster.'
Assets\Editor\IndoorShellMenu.cs(30,94): warning CS0618: 'FindObjectsSortMode' is obsolete: 'FindObjectsSortMode has been deprecated. Use the FindObjectsByType overloads that do not take a FindObjectsSortMode parameter.'
Assets\Editor\IndoorShellMenu.cs(30,28): warning CS0618: 'Object.FindObjectsByType<T>(FindObjectsInactive, FindObjectsSortMode)' is obsolete: 'FindObjectsByType with FindObjectsSortMode parameter has been deprecated. Use FindObjectsByType<T>() or FindObjectsByType<T>(FindObjectsInactive) instead. InstanceID will be replaced in the future with EntityId and previous sort order cannot be maintained.'
Assets\Editor\DeepDiagnoseScene.cs(454,21): warning CS0618: 'Object.FindFirstObjectByType<T>()' is obsolete: 'FindFirstObjectByType has been deprecated because it relies on instance ID ordering. Use FindAnyObjectByType instead, which does not depend on ordering.'
Assets\Editor\VFXResourceInstaller.cs(279,23): warning CS0618: 'Object.GetInstanceID()' is obsolete: 'GetInstanceID is deprecated. Use GetEntityId instead. This will be removed in a future version.'
Assets\Editor\FixMainScene.cs(938,19): warning CS0618: 'Object.FindFirstObjectByType<T>()' is obsolete: 'FindFirstObjectByType has been deprecated because it relies on instance ID ordering. Use FindAnyObjectByType instead, which does not depend on ordering.'
Assets\Editor\MonsterRigScanTool.cs(170,51): warning CS0184: The given expression is never of the provided ('AnimatorController') type
AssetDatabase: script compilation time: 10.927654s
Begin MonoManager ReloadAssembly
Assembly Assembly-CSharp-Editor-firstpass.dll at Library/ScriptAssemblies/Assembly-CSharp-Editor-firstpass.dll not valid. Loading of assembly skipped.
Assembly Assembly-CSharp-firstpass.dll at Library/ScriptAssemblies/Assembly-CSharp-firstpass.dll not valid. Loading of assembly skipped.
Assembly DocCodeExamples.dll at Library/ScriptAssemblies/DocCodeExamples.dll not valid. Loading of assembly skipped.
Assembly TestNewCustomAssembly.dll at Library/ScriptAssemblies/TestNewCustomAssembly.dll not valid. Loading of assembly skipped.
Assembly Unity.Addressables.Editor.Tests.dll at Library/ScriptAssemblies/Unity.Addressables.Editor.Tests.dll not valid. Loading of assembly skipped.
Assembly Unity.Addressables.Runtime.Tests.dll at Library/ScriptAssemblies/Unity.Addressables.Runtime.Tests.dll not valid. Loading of assembly skipped.
Assembly Unity.AppUI.Editor.Tests.dll at Library/ScriptAssemblies/Unity.AppUI.Editor.Tests.dll not valid. Loading of assembly skipped.
Assembly Unity.AppUI.Tests.dll at Library/ScriptAssemblies/Unity.AppUI.Tests.dll not valid. Loading of assembly skipped.
Assembly Unity.Collections.BurstCompatibilityGen.dll at Library/ScriptAssemblies/Unity.Collections.BurstCompatibilityGen.dll not valid. Loading of assembly skipped.
Assembly Unity.Collections.DocCodeSamples.dll at Library/ScriptAssemblies/Unity.Collections.DocCodeSamples.dll not valid. Loading of assembly skipped.
Assembly Unity.Collections.PerformanceTests.dll at Library/ScriptAssemblies/Unity.Collections.PerformanceTests.dll not valid. Loading of assembly skipped.
Assembly Unity.Collections.Tests.dll at Library/ScriptAssemblies/Unity.Collections.Tests.dll not valid. Loading of assembly skipped.
Assembly Unity.Collections.Tests.Playmode.dll at Library/ScriptAssemblies/Unity.Collections.Tests.Playmode.dll not valid. Loading of assembly skipped.
Assembly Unity.InputSystem.IntegrationTests.dll at Library/ScriptAssemblies/Unity.InputSystem.IntegrationTests.dll not valid. Loading of assembly skipped.
Assembly Unity.Localization.DocCodeSamples.dll at Library/ScriptAssemblies/Unity.Localization.DocCodeSamples.dll not valid. Loading of assembly skipped.
Assembly Unity.Mathematics.Tests.dll at Library/ScriptAssemblies/Unity.Mathematics.Tests.dll not valid. Loading of assembly skipped.
Assembly Unity.Nuget.Mono-Cecil.dll at Library/ScriptAssemblies/Unity.Nuget.Mono-Cecil.dll not valid. Loading of assembly skipped.
Assembly Unity.PathTracing.Editor.Tests.dll at Library/ScriptAssemblies/Unity.PathTracing.Editor.Tests.dll not valid. Loading of assembly skipped.
Assembly Unity.PathTracing.Runtime.Tests.dll at Library/ScriptAssemblies/Unity.PathTracing.Runtime.Tests.dll not valid. Loading of assembly skipped.
Assembly Unity.Performance.Profile-Analyzer.EditorTests.dll at Library/ScriptAssemblies/Unity.Performance.Profile-Analyzer.EditorTests.dll not valid. Loading of assembly skipped.
Assembly Unity.RenderPipelines.Core.Editor.Tests.dll at Library/ScriptAssemblies/Unity.RenderPipelines.Core.Editor.Tests.dll not valid. Loading of assembly skipped.
Assembly Unity.RenderPipelines.Core.Runtime.Tests.dll at Library/ScriptAssemblies/Unity.RenderPipelines.Core.Runtime.Tests.dll not valid. Loading of assembly skipped.
Assembly Unity.RenderPipelines.Universal.Config.Editor.Tests.dll at Library/ScriptAssemblies/Unity.RenderPipelines.Universal.Config.Editor.Tests.dll not valid. Loading of assembly skipped.
Assembly Unity.RenderPipelines.Universal.Editor.Tests.dll at Library/ScriptAssemblies/Unity.RenderPipelines.Universal.Editor.Tests.dll not valid. Loading of assembly skipped.
Assembly Unity.RenderPipelines.Universal.Runtime.Tests.dll at Library/ScriptAssemblies/Unity.RenderPipelines.Universal.Runtime.Tests.dll not valid. Loading of assembly skipped.
Assembly Unity.ResourceManager.Tests.dll at Library/ScriptAssemblies/Unity.ResourceManager.Tests.dll not valid. Loading of assembly skipped.
Assembly Unity.ScriptableBuildPipeline.Editor.Tests.dll at Library/ScriptAssemblies/Unity.ScriptableBuildPipeline.Editor.Tests.dll not valid. Loading of assembly skipped.
Assembly Unity.ScriptableBuildPipeline.Tests.dll at Library/ScriptAssemblies/Unity.ScriptableBuildPipeline.Tests.dll not valid. Loading of assembly skipped.
Assembly Unity.ScriptableBuildPipelineTests.Runtime.Tests.dll at Library/ScriptAssemblies/Unity.ScriptableBuildPipelineTests.Runtime.Tests.dll not valid. Loading of assembly skipped.
Assembly Unity.Searcher.EditorTests.dll at Library/ScriptAssemblies/Unity.Searcher.EditorTests.dll not valid. Loading of assembly skipped.
Assembly Unity.Settings.Tests.dll at Library/ScriptAssemblies/Unity.Settings.Tests.dll not valid. Loading of assembly skipped.
Assembly Unity.ShaderGraph.Editor.Tests.dll at Library/ScriptAssemblies/Unity.ShaderGraph.Editor.Tests.dll not valid. Loading of assembly skipped.
Assembly Unity.TestTools.CodeCoverage.Editor.Compatibility.dll at Library/ScriptAssemblies/Unity.TestTools.CodeCoverage.Editor.Compatibility.dll not valid. Loading of assembly skipped.
Assembly Unity.TextMeshPro.Editor.Tests.dll at Library/ScriptAssemblies/Unity.TextMeshPro.Editor.Tests.dll not valid. Loading of assembly skipped.
Assembly Unity.TextMeshPro.Tests.dll at Library/ScriptAssemblies/Unity.TextMeshPro.Tests.dll not valid. Loading of assembly skipped.
Assembly Unity.UnifiedRayTracing.Editor.Tests.dll at Library/ScriptAssemblies/Unity.UnifiedRayTracing.Editor.Tests.dll not valid. Loading of assembly skipped.
Assembly Unity.VisualEffectGraph.Editor.Tests.dll at Library/ScriptAssemblies/Unity.VisualEffectGraph.Editor.Tests.dll not valid. Loading of assembly skipped.
Assembly Unity.VisualEffectGraph.Runtime.Tests.dll at Library/ScriptAssemblies/Unity.VisualEffectGraph.Runtime.Tests.dll not valid. Loading of assembly skipped.
Assembly UnityEditor.UI.Common.Tests.dll at Library/ScriptAssemblies/UnityEditor.UI.Common.Tests.dll not valid. Loading of assembly skipped.
Assembly UnityEditor.UI.EditorTests.dll at Library/ScriptAssemblies/UnityEditor.UI.EditorTests.dll not valid. Loading of assembly skipped.
Assembly UnityEngine.UI.Tests.dll at Library/ScriptAssemblies/UnityEngine.UI.Tests.dll not valid. Loading of assembly skipped.
Symbol file LoadedFromMemory is not a mono symbol file
Symbol file LoadedFromMemory is not a mono symbol file
'Packages/com.unity.cinemachine/Editor/Editors/CinemachineVirtualCameraBaseEditor.cs' contains partial class of Unity.Object, exactly 1 of the partial classes needs to be in a file with the same filename. This is to know the one that can be referenced from ie. GameObjects
'Packages/com.unity.cinemachine/Editor/Obsolete/CinemachineVirtualCameraBaseEditor.cs' contains partial class of Unity.Object, exactly 1 of the partial classes needs to be in a file with the same filename. This is to know the one that can be referenced from ie. GameObjects
Refreshing native plugins compatible for Editor in 29.72 ms, found 5 plugins.
Native extension for WindowsStandalone target not found
Native extension for WebGL target not found
Assembly reference Packages/com.unity.cinemachine/Editor/Samples/ExposeHDRPInternals/HDRP-Editor-ref.asmref has no target assembly definition
Refreshing native plugins compatible for Editor in 7.71 ms, found 5 plugins.
[MODES] ModeService[none].Initialize
[MODES] ModeService[none].LoadModes
[MODES] Loading mode Default (0) for mode-current-id-포이즌
ScheduleIndexationOnStartup MainProcess:True IndexOnStartup:True
Mono: successfully reloaded assembly
- Finished resetting the current domain, in  8.159 seconds
Domain Reload Profiling: 12594ms
	BeginReloadAssembly (575ms)
		DisableScriptedObjects (80ms)
		CreateAndSetChildDomain (193ms)
	RebuildCommonClasses (57ms)
	RebuildNativeTypeToScriptingClass (23ms)
	initialDomainReloadingComplete (1732ms)
	LoadAllAssembliesAndSetupDomain (2046ms)
		LoadAssemblies (1338ms)
		AnalyzeDomain (899ms)
			TypeCache.Refresh (675ms)
				TypeCache.ScanAssembly (642ms)
			BuildScriptInfoCaches (185ms)
			ResolveRequiredComponents (34ms)
	FinalizeReload (8160ms)
		SetupLoadedEditorAssemblies (0ms)
			InitializePlatformSupportModulesInManaged (42ms)
			BeforeProcessingInitializeOnLoad (567ms)
			ProcessInitializeOnLoadAttributes (5218ms)
			ProcessInitializeOnLoadMethodAttributes (1700ms)
			AfterProcessingInitializeOnLoad (18ms)
			EditorAssembliesLoaded (4ms)
		AwakeInstancesAfterBackupRestoration (93ms)
Start importing Assets/Resources/UI/Theme.uss using Guid(0044c4408e4b45f4181a322b99f449ff) (ScriptedImporter)Assets/Resources/UI/Theme.uss (line 201): warning: Unknown property 'pointer-events' (did you mean 'border-radius'?)
    pointer-events: none
 -> (Import Result ID: '5eb3777c1725d821951c952e6ed814ee') in 0.205272 seconds [static and dynamic dependencies]. Details - ImportResultOutputID=8724a2943adba759eeabcefa97b6f2c6 DependenciesID=50e66e483dcff4dc1dfb7ebbd2c4c7aa StaticDependenciesID=424af3a08a23f76a2507ebcd8c75af7c 
Refreshing native plugins compatible for Editor in 8.66 ms, found 5 plugins.
(Values over 0.050ms)
Asset Pipeline Refresh (id=04214bc7fad781e4e868f96657d59588): Total: 27.116 seconds - Initiated by InitialRefreshV2(ForceSynchronousImport)
	Summary:
		Imports: total=1 (actual=1, local cache=0, cache server=0)
		Asset DB Process Time: managed=7 ms, native=10414 ms
		Asset DB Callback time: managed=975 ms, native=71 ms
		Scripting: domain reloads=1, domain reload time=4446 ms, compile time=10930 ms, other=268 ms
		Project Asset Count: scripts=2679, non-scripts=7668
		Asset File Changes: new=0, changed=1, moved=0, deleted=0
		Scan Filter Count: 0
	InvokePackagesCallback: 43.390ms
	ApplyChangesToAssetFolders: 1.070ms
	Scan: 320.630ms
	OnSourceAssetsModified: 1.107ms
	CategorizeScriptCompilationAssets: 128.592ms
	ProcessAssetsWithTransientArtifactChanges: 258.310ms
	CategorizeAssets: 247.135ms
	CompileScripts: 10930.087ms
	ImportOutOfDateAssets: 9035.091ms (8226.727ms without children)
		ImportManagerImport: 798.782ms (576.334ms without children)
			UpdateCategorizedAssets: 0.076ms
		UnloadImportedAssets: 3.506ms
		EnsureUptoDateAssetsAreRegisteredWithGuidPM: 3.119ms
		OnDemandSchedulerStart: 2.895ms
	PostProcessAllAssets: 992.013ms
		VCAutoAddAssetPostprocess 8.564ms
		XRBuildSystem.XRAssetImported 2.075ms
		PostProcessCallbackCreateDeferredMaterials 0.064ms
		AssemblyValidation.PostprocessAllAssets 0.055ms
		MonoPostProcessAllAssets: 974.239ms
			AssetPostprocessor.OnPostprocessAllAssets 684.443ms
			StyleCatalogPostProcessor.OnPostprocessAllAssets 118.092ms
			UniversalRenderPipelineGlobalSettingsPostprocessor.OnPostprocessAllAssets 38.036ms
			BuilderAssetPostprocessor.OnPostprocessAllAssets 22.854ms
			RetainedModeAssetPostprocessor.OnPostprocessAllAssets 15.076ms
			WindowAssetPostprocessingWatcher.OnPostprocessAllAssets 9.895ms
			AssetChangedListener.OnPostprocessAllAssets 3.890ms
			SpeedTree9Postprocessor.OnPostprocessAllAssets 3.454ms
			ShaderGraphAssetPostProcessor.OnPostprocessAllAssets 3.072ms
			RenderPipelineGlobalSettingsPostprocessor.OnPostprocessAllAssets 2.032ms
			LocalizationAssetPostProcessor.OnPostprocessAllAssets 1.918ms
			VFXGraphPreprocessor.OnPostprocessAllAssets 1.759ms
			AddressablesAssetPostProcessor.OnPostprocessAllAssets 1.560ms
			MaterialPostprocessor.OnPostprocessAllAssets 1.162ms
			UVCSAssetPostprocessor.OnPostprocessAllAssets 0.917ms
			AssetPathToTypes.OnPostprocessAllAssets 0.859ms
			ArtifactBrowserPostProcessor.OnPostprocessAllAssets 0.742ms
			TMPro_TexturePostProcessor.OnPostprocessAllAssets 0.690ms
			TerrainToolbarOverlayPostProcessor.OnPostprocessAllAssets 0.663ms
			AssetDatabaseCallbacks.OnPostprocessAllAssets 0.640ms
			TextAssetPostProcessor.OnPostprocessAllAssets 0.566ms
			InputActionAssetPostprocessor.OnPostprocessAllAssets 0.535ms
			ReferencedClipsPostProcessor.OnPostprocessAllAssets 0.519ms
			CinemachineSettings.OnPostprocessAllAssets 0.480ms
			ModelAssetProcessor.OnPostprocessAllAssets 0.470ms
			AudioMixerPostprocessor.OnPostprocessAllAssets 0.470ms
			InputActionJsonNameModifierAssetProcessor.OnPostprocessAllAssets 0.468ms
			ScenarioDriftAssetsTracker.OnPostprocessAllAssets 0.409ms
			SpeedTreePostProcessor.OnPostprocessAllAssets 0.401ms
			ConfigAssetsTracker.OnPostprocessAllAssets 0.374ms
			AssetEvents.OnPostprocessAllAssets 0.374ms
			PostProcessor.OnPostprocessAllAssets 0.352ms
			ProjectSettingsPostprocessor.OnPostprocessAllAssets 0.308ms
			SyncVS.PostprocessSyncProject 0.276ms
			SamplePostprocessor.OnPostprocessAllAssets 0.202ms
			AudioContainerPostProcessor.OnPostprocessAllAssets 0.102ms
	PostAssetChangesProfiler: 15.608ms
	UnloadStreamsBegin: 5.800ms
	PersistCurrentRevisions: 0.665ms
	GenerateScriptTypeHashes: 28.354ms
	GenerateScriptTypeSerializationHashes: 37.110ms
	Untracked: 5127.843ms

Application.AssetDatabase Initial Refresh End
Launched and connected shader compiler UnityShaderCompiler.exe after 0.10 seconds
Scanning for USB devices : 8.520ms
Initializing Unity extensions:
Unloading 84 Unused Serialized files (Serialized files now loaded: 0)
Unloading 11404 unused Assets / (16.2 MB). Loaded Objects now: 12333.
Memory consumption went from 321.1 MB to 304.9 MB.
Total: 58.235400 ms (FindLiveObjects: 3.460700 ms CreateObjectMapping: 4.790100 ms MarkObjects: 23.332200 ms  DeleteObjects: 26.005500 ms)

[ScriptCompilation] Requested script compilation because: Requested through public api
Compilation requested
UnityEngine.Debug:ExtractStackTraceNoAlloc (byte*,int,string)
UnityEngine.StackTraceUtility:ExtractStackTrace ()
UnityEngine.DebugLogHandler:Internal_Log (UnityEngine.LogType,UnityEngine.LogOption,string,UnityEngine.Object)
UnityEngine.DebugLogHandler:LogFormat (UnityEngine.LogType,UnityEngine.Object,string,object[])
UnityEngine.Logger:Log (UnityEngine.LogType,object)
UnityEngine.Debug:Log (object)
TestCompile:CompileTest () (at Assets/Scripts/TestCompile.cs:11)

(Filename: Assets/Scripts/TestCompile.cs Line: 11)

Batchmode quit successfully invoked - shutting down!
Font Asset [LiberationSans SDF - Fallback] Units Per EM set to 2048. Please commit the newly serialized value.
UnityEngine.Debug:ExtractStackTraceNoAlloc (byte*,int,string)
UnityEngine.StackTraceUtility:ExtractStackTrace ()
UnityEngine.DebugLogHandler:Internal_Log (UnityEngine.LogType,UnityEngine.LogOption,string,UnityEngine.Object)
UnityEngine.DebugLogHandler:LogFormat (UnityEngine.LogType,UnityEngine.Object,string,object[])
UnityEngine.Logger:Log (UnityEngine.LogType,object)
UnityEngine.Debug:Log (object)
TMPro.TMP_FontAsset:ReadFontAssetDefinition () (at ./Library/PackageCache/com.unity.ugui@1f2d1ab0d950/Runtime/TMP/TMP_FontAsset.cs:820)
TMPro.TMP_FontAsset:OnValidate () (at ./Library/PackageCache/com.unity.ugui@1f2d1ab0d950/Runtime/TMP/TMP_FontAsset.cs:758)
UnityEditor.AssetDatabase:LoadAssetAtPath (string,System.Type)
UnityEditor.AssetDatabase:LoadAssetAtPath<TMPro.TMP_FontAsset> (string)
TMPro.EditorEventCallbacks/<>c:<InitializeFontAssetResourceChangeCallBacks>b__0_0 () (at ./Library/PackageCache/com.unity.ugui@1f2d1ab0d950/Editor/TMP/TMP_EditorResourceManager.cs:32)
UnityEditor.EditorApplication:Internal_EditorApplicationQuit ()

(Filename: ./Library/PackageCache/com.unity.ugui@1f2d1ab0d950/Runtime/TMP/TMP_FontAsset.cs Line: 820)

Start importing ProjectSettings/EditorBuildSettings.asset using Guid(0000000000000000b000000000000000) (LibraryAssetImporter) -> (Import Result ID: 'bd52947ed447db5b1a3fd28b4c69231b') in 0.1033597 seconds [static dependencies only]. Details - ImportResultOutputID=d777934f36c664454d62eda103573334 DependenciesID=6e07365756e0b154cce5b039bbda3d76 StaticDependenciesID=92333616223ccd73505ef5204746baf5 
Refreshing native plugins compatible for Editor in 8.18 ms, found 5 plugins.
(Values over 0.050ms)
Asset Pipeline Refresh (id=7678e013f1be01e4088b17fb7d023f44): Total: 1.149 seconds - Initiated by StopAssetImportingV2(NoUpdateAssetOptions)
	Summary:
		Imports: total=1 (actual=1, local cache=0, cache server=0)
		Asset DB Process Time: managed=1 ms, native=1048 ms
		Asset DB Callback time: managed=19 ms, native=78 ms
		Scripting: domain reloads=0, domain reload time=0 ms, compile time=0 ms, other=0 ms
		Project Asset Count: scripts=2679, non-scripts=7668
		Asset File Changes: new=0, changed=0, moved=0, deleted=0
		Scan Filter Count: 1
	ApplyChangesToAssetFolders: 0.573ms
	Scan: 100.270ms
	ProcessAssetsWithTransientArtifactChanges: 1.978ms
	CategorizeAssets: 603.408ms
	ImportOutOfDateAssets: 128.369ms (2.651ms without children)
		ImportManagerImport: 121.194ms (2.457ms without children)
		UnloadImportedAssets: 0.302ms
		EnsureUptoDateAssetsAreRegisteredWithGuidPM: 2.353ms
		OnDemandSchedulerStart: 1.811ms
	PostProcessAllAssets: 83.962ms
		XRBuildSystem.XRAssetImported 54.278ms
		PostProcessCallbackCreateDeferredMaterials 1.189ms
		ShaderAssetModifiedCallback 0.071ms
		MonoPostProcessAllAssets: 19.400ms
			AssetPostprocessor.OnPostprocessAllAssets 11.069ms
			AssetChangedListener.OnPostprocessAllAssets 4.348ms
			RenderPipelineGlobalSettingsPostprocessor.OnPostprocessAllAssets 1.418ms
			ModelAssetProcessor.OnPostprocessAllAssets 0.886ms
			ShaderGraphAssetPostProcessor.OnPostprocessAllAssets 0.300ms
			SyncVS.PostprocessSyncProject 0.238ms
			UniversalRenderPipelineGlobalSettingsPostprocessor.OnPostprocessAllAssets 0.200ms
			RetainedModeAssetPostprocessor.OnPostprocessAllAssets 0.058ms
	PostAssetChangesProfiler: 13.973ms
	GatherAllCurrentPrimaryImportResultRevisions: 1.947ms
	PersistCurrentRevisions: 0.405ms
	Untracked: 214.042ms

[Physics::Module] Cleanup current backend.
[Physics::Module] Id: 0xf2b8ea05
Input System module state changed to: ShutdownInProgress.
Input Polling Thread exited.
Input System module state changed to: Shutdown.
[Licensing::IpcConnector] LicenseClient-korea-notifications channel disconnected successfully.
[Licensing::IpcConnector] LicenseClient-korea channel disconnected successfully.
AcceleratorClientConnectionCallback - disconnected - :0
Cleanup mono
CodeReloadManager destroyed
abort_threads: Failed aborting id: 000000000000335C, mono_thread_manage will ignore it

abort_threads: Failed aborting id: 0000000000000A08, mono_thread_manage will ignore it

abort_threads: Failed aborting id: 0000000000001230, mono_thread_manage will ignore it

abort_threads: Failed aborting id: 000000000000335C, mono_thread_manage will ignore it

abort_threads: Failed aborting id: 0000000000000A08, mono_thread_manage will ignore it

abort_threads: Failed aborting id: 0000000000001230, mono_thread_manage will ignore it

debugger-agent: Unable to listen on 3160
Exiting batchmode successfully now!
Exiting without the bug reporter. Application will terminate with return code 0