[Licensing::Module] Trying to connect to existing licensing client channel...
Built from '6000.4/staging' branch; Version is '6000.4.10f1 (feeafc12a938) revision 16706300'; Using compiler version '194234433'; Build Type 'Release'
OS: 'Windows 10  (10.0.19045) 64bit Core' Language: 'ko' Physical Memory: 7880 MB
BatchMode: 1, IsHumanControllingUs: 0, StartBugReporterOnCrash: 0, Is64bit: 1
System  architecture: x64
Process architecture: x64
Date: 2026-09-18T01:31:24Z
[Licensing::IpcConnector] Successfully connected to: "LicenseClient-korea" at "2026-09-18T01:31:24.3544241Z"
[Licensing::Client] Code 10 while verifying Licensing Client signature (process Id: 3220, path: "C:/Program Files/Unity/Hub/Editor/6000.4.10f1/Editor/Data/Resources/Licensing/Client/Unity.Licensing.Client.exe")
[Licensing::Module] LicensingClient has failed validation; ignoring
[Licensing::Client] Handshaking with LicensingClient:
  Version:                 1.18.1+9fbee8e
  Session Id:              b34be601575645d793f2915982445e57
  Correlation Id:          4544091c8d567265a1a500d64ab6d873
  External correlation Id: 8671728928999167125
  Machine Id:              5cJWr0XiXK4/b2/xsaHUUO6HAA8=
[Licensing::Module] Successfully connected to LicensingClient on channel: "LicenseClient-korea" (connect: 0.00s, validation: 0.00s, handshake: 0.18s)
[Licensing::IpcConnector] Successfully connected to: "LicenseClient-korea-notifications" at "2026-09-18T01:31:24.5391718Z"
[Licensing::Module] Error: Access token is unavailable; failed to update
[Licensing::Client] Successfully resolved entitlement details
[Licensing::Module] License group:
  Id: 14569764733855-UnityPersXXXX
  Product: Unity Personal
  Type: Assigned
  Expiration: Unlimited
[Licensing::Client] Successfully updated license, isAsync: True, time: 0.00
[Licensing::Client] Successfully resolved entitlement details
[Licensing::Module] Licensing Background thread has ended after 0.20s

COMMAND LINE ARGUMENTS:
Unity.exe
-quit
-batchmode
-projectPath
C:\Unity\code
-executeMethod
TestCompile.CompileTest
-logFile
C:\Unity\code\compile.log
Successfully changed project path to: C:\Unity\code
C:/Unity/code
[UnityMemory] Configuration Parameters - Can be set up in boot.config
    "memorysetup-temp-allocator-size-gi-baking-worker=262144"
    "memorysetup-temp-allocator-size-gi-baking-worker=262144"
    "memorysetup-temp-allocator-size-gi-baking-worker=262144"
    "memorysetup-temp-allocator-size-gi-baking-worker=262144"
    "memorysetup-temp-allocator-size-gi-baking-worker=262144"
    "memorysetup-temp-allocator-size-nav-mesh-worker=65536"
    "memorysetup-temp-allocator-size-audio-worker=65536"
    "memorysetup-temp-allocator-size-cloud-worker=32768"
    "memorysetup-temp-allocator-size-gfx=262144"
    "memorysetup-temp-allocator-size-preload-manager=33554432"
    "memorysetup-temp-allocator-size-job-worker=262144"
    "memorysetup-temp-allocator-size-background-worker=32768"
    "memorysetup-allocator-temp-initial-block-size-main=262144"
    "memorysetup-allocator-temp-initial-block-size-worker=262144"
    "memorysetup-bucket-allocator-granularity=16"
    "memorysetup-bucket-allocator-bucket-count=8"
    "memorysetup-bucket-allocator-block-size=33554432"
    "memorysetup-bucket-allocator-block-count=8"
    "memorysetup-main-allocator-block-size=16777216"
    "memorysetup-thread-allocator-block-size=16777216"
    "memorysetup-gfx-main-allocator-block-size=16777216"
    "memorysetup-gfx-thread-allocator-block-size=16777216"
    "memorysetup-cache-allocator-block-size=4194304"
    "memorysetup-typetree-allocator-block-size=2097152"
    "memorysetup-profiler-bucket-allocator-granularity=16"
    "memorysetup-profiler-bucket-allocator-bucket-count=8"
    "memorysetup-profiler-bucket-allocator-block-size=33554432"
    "memorysetup-profiler-bucket-allocator-block-count=8"
    "memorysetup-profiler-allocator-block-size=16777216"
    "memorysetup-profiler-editor-allocator-block-size=1048576"
    "memorysetup-temp-allocator-size-main=16777216"
    "memorysetup-job-temp-allocator-block-size=2097152"
    "memorysetup-job-temp-allocator-block-size-background=1048576"
    "memorysetup-job-temp-allocator-reduction-small-platforms=262144"
Player connection [13680]  Target information:

Player connection [13680]  * "[IP] 172.21.112.1 [Port] 55504 [Flags] 2 [Guid] 1269050242 [EditorId] 1269050242 [Version] 1048832 [Id] WindowsEditor(7,DESKTOP-N0QMTC3) [Debug] 1 [PackageName] WindowsEditor [ProjectName] Editor" 

Player connection [13680]  * "[IP] 192.168.219.108 [Port] 55504 [Flags] 2 [Guid] 1269050242 [EditorId] 1269050242 [Version] 1048832 [Id] WindowsEditor(7,DESKTOP-N0QMTC3) [Debug] 1 [PackageName] WindowsEditor [ProjectName] Editor" 

Player connection [13680] Host joined multi-casting on [225.0.0.222:54997]...
Player connection [13680] Host joined alternative multi-casting on [225.0.0.222:34997]...
Input System module state changed to: Initialized.
[Physics::Module] Initialized fallback backend.
[Physics::Module] Id: 0xdecafbad
[Package Manager] Connected to IPC stream "Upm-13640" after 0.3 seconds.
[Licensing::Client] Successfully resolved entitlement details
Library Redirect Path: Library/
[Physics::Module] Selected backend.
[Physics::Module] Name: PhysX
[Physics::Module] Id: 0xf2b8ea05
[Physics::Module] SDK Version: 4.1.2
[Physics::Module] Integration Version: 1.0.0
[Physics::Module] Threading Mode: Multi-Threaded
Initialize engine version: 6000.4.10f1 (feeafc12a938)
[Subsystems] Discovering subsystems at path C:/Program Files/Unity/Hub/Editor/6000.4.10f1/Editor/Data/Resources/UnitySubsystems
[Subsystems] Discovering subsystems at path C:/Unity/code/Assets
GfxDevice: creating device client; kGfxThreadingModeNonThreaded
d3d12: failed to query info queue interface (0x80004002).
Direct3D:
    Version:         Direct3D 12 [level 12.1]
    Renderer:        Intel(R) HD Graphics 530 (ID=0x1912)
    Vendor:          Intel
    VRAM:            3940 MB
    App VRAM Budget: 3546 MB
    Driver:          25.20.100.6577
    Unified Memory Architecture
    Cache Coherent UMA
Initialize mono
Mono path[0] = 'C:/Program Files/Unity/Hub/Editor/6000.4.10f1/Editor/Data/Managed'
Mono path[1] = 'C:/Program Files/Unity/Hub/Editor/6000.4.10f1/Editor/Data/MonoBleedingEdge/lib/mono/unityjit-win32'
Mono config path = 'C:/Program Files/Unity/Hub/Editor/6000.4.10f1/Editor/Data/MonoBleedingEdge/etc'
Using monoOptions --debugger-agent=transport=dt_socket,embedding=1,server=y,suspend=n,address=127.0.0.1:56640
CodeReloadManager initialized
Using cacheserver namespaces - metadata:defaultmetadata, artifacts:defaultartifacts
Using cacheserver namespaces - metadata:defaultmetadata, artifacts:defaultartifacts
ImportWorker Server TCP listen port: 0
AcceleratorClientConnectionCallback - disconnected - :0
Begin MonoManager ReloadAssembly
Registering precompiled unity dll's ...
Register platform support module: C:/Program Files/Unity/Hub/Editor/6000.4.10f1/Editor/Data/PlaybackEngines/WebGLSupport/UnityEditor.WebGL.Extensions.dll
Register platform support module: C:/Program Files/Unity/Hub/Editor/6000.4.10f1/Editor/Data/PlaybackEngines/WindowsStandaloneSupport/UnityEditor.WindowsStandalone.Extensions.dll
Registered in 0.014705 seconds.
Native extension for WindowsStandalone target not found
Native extension for WebGL target not found
Package Manager log level set to [2]
ScheduleIndexationOnStartup MainProcess:False IndexOnStartup:True
Mono: successfully reloaded assembly
- Finished resetting the current domain, in  0.920 seconds
Domain Reload Profiling: 2093ms
	BeginReloadAssembly (385ms)
		CreateAndSetChildDomain (20ms)
	RebuildCommonClasses (100ms)
	RebuildNativeTypeToScriptingClass (24ms)
	initialDomainReloadingComplete (173ms)
	LoadAllAssembliesAndSetupDomain (488ms)
		LoadAssemblies (361ms)
		AnalyzeDomain (467ms)
			TypeCache.Refresh (463ms)
				TypeCache.ScanAssembly (425ms)
	FinalizeReload (924ms)
		SetupLoadedEditorAssemblies (0ms)
			InitializePlatformSupportModulesInManaged (106ms)
			BeforeProcessingInitializeOnLoad (147ms)
			ProcessInitializeOnLoadAttributes (216ms)
			ProcessInitializeOnLoadMethodAttributes (330ms)
[Licensing::Client] Successfully resolved entitlement details
Application.AssetDatabase Initial Refresh Start
[Package Manager] Restoring resolved packages state from cache
[Licensing::Client] Successfully resolved entitlement details
[Package Manager] Registered 71 packages:
  Packages from [https://packages.unity.com]:
    com.unity.animation.rigging@1.4.1 (location: C:\Unity\code\Library\PackageCache\com.unity.animation.rigging@ae5f251e1ed4)
    com.unity.cinemachine@3.1.3 (location: C:\Unity\code\Library\PackageCache\com.unity.cinemachine@624f919d8cdd)
    com.unity.cloud.gltfast@6.9.1 (location: C:\Unity\code\Library\PackageCache\com.unity.cloud.gltfast@161e8e5e9cfb)
    com.unity.collab-proxy@2.12.4 (location: C:\Unity\code\Library\PackageCache\com.unity.collab-proxy@0b1559bcd34e)
    com.unity.inputsystem@1.19.0 (location: C:\Unity\code\Library\PackageCache\com.unity.inputsystem@21a28c3a6c83)
    com.unity.localization@1.5.3 (location: C:\Unity\code\Library\PackageCache\com.unity.localization@aa064bb50234)
    com.unity.timeline@1.8.12 (location: C:\Unity\code\Library\PackageCache\com.unity.timeline@8cd8509afae5)
    com.unity.visualscripting@1.9.11 (location: C:\Unity\code\Library\PackageCache\com.unity.visualscripting@8bed5ad90189)
    com.unity.searcher@4.9.4 (location: C:\Unity\code\Library\PackageCache\com.unity.searcher@d45a78918735)
    com.unity.ai.inference@2.6.1 (location: C:\Unity\code\Library\PackageCache\com.unity.ai.inference@9a123aee5df7)
    com.unity.burst@1.8.29 (location: C:\Unity\code\Library\PackageCache\com.unity.burst@6bb9aca3ef38)
    com.unity.mathematics@1.3.3 (location: C:\Unity\code\Library\PackageCache\com.unity.mathematics@19a9377c4ffa)
    com.unity.addressables@2.9.1 (location: C:\Unity\code\Library\PackageCache\com.unity.addressables@8460f1c9c927)
    com.unity.nuget.newtonsoft-json@3.2.2 (location: C:\Unity\code\Library\PackageCache\com.unity.nuget.newtonsoft-json@4dfd81071c64)
    com.unity.ide.visualstudio@2.0.27 (location: C:\Unity\code\Library\PackageCache\com.unity.ide.visualstudio@dc1ddd4f09b6)
    com.unity.ide.rider@3.0.40 (location: C:\Unity\code\Library\PackageCache\com.unity.ide.rider@e4950c6d131b)
    com.unity.editorcoroutines@1.1.0 (location: C:\Unity\code\Library\PackageCache\com.unity.editorcoroutines@87a15ed012c2)
    com.unity.performance.profile-analyzer@1.3.4 (location: C:\Unity\code\Library\PackageCache\com.unity.performance.profile-analyzer@418130329099)
    com.unity.testtools.codecoverage@1.3.0 (location: C:\Unity\code\Library\PackageCache\com.unity.testtools.codecoverage@19a841221620)
    com.unity.splines@2.8.4 (location: C:\Unity\code\Library\PackageCache\com.unity.splines@9b00833aca09)
    com.unity.dt.app-ui@2.1.1 (location: C:\Unity\code\Library\PackageCache\com.unity.dt.app-ui@8ac7e730dd5d)
    com.unity.nuget.mono-cecil@1.11.6 (location: C:\Unity\code\Library\PackageCache\com.unity.nuget.mono-cecil@ecb9724e46ff)
    com.unity.test-framework.performance@3.4.0 (location: C:\Unity\code\Library\PackageCache\com.unity.test-framework.performance@aa81a99c4a75)
    com.unity.profiling.core@1.0.3 (location: C:\Unity\code\Library\PackageCache\com.unity.profiling.core@8a49f7027d06)
    com.unity.scriptablebuildpipeline@2.6.1 (location: C:\Unity\code\Library\PackageCache\com.unity.scriptablebuildpipeline@36e3b5898ee2)
    com.unity.settings-manager@2.1.1 (location: C:\Unity\code\Library\PackageCache\com.unity.settings-manager@0b8638c5ce86)
  Built-in packages:
    com.unity.feature.development@1.0.2 (location: C:\Unity\code\Library\PackageCache\com.unity.feature.development@767aadbc6eb7)
    com.unity.render-pipelines.core@17.4.0 (location: C:\Unity\code\Library\PackageCache\com.unity.render-pipelines.core@5aab14b68499)
    com.unity.render-pipelines.universal@17.4.0 (location: C:\Unity\code\Library\PackageCache\com.unity.render-pipelines.universal@cdf909593d80)
    com.unity.visualeffectgraph@17.4.0 (location: C:\Unity\code\Library\PackageCache\com.unity.visualeffectgraph@f0b14cafbb5c)
    com.unity.render-pipelines.universal-config@17.4.0 (location: C:\Unity\code\Library\PackageCache\com.unity.render-pipelines.universal-config@0db4263b9e6b)
    com.unity.sentis@2.2.0 (location: C:\Unity\code\Library\PackageCache\com.unity.sentis@eef1e5173b44)
    com.unity.shadergraph@17.4.0 (location: C:\Unity\code\Library\PackageCache\com.unity.shadergraph@93ee0fdc6ad8)
    com.unity.test-framework@1.6.0 (location: C:\Unity\code\Library\PackageCache\com.unity.test-framework@996f223345ba)
    com.unity.textmeshpro@5.0.0 (location: C:\Unity\code\Library\PackageCache\com.unity.textmeshpro@53f43edfd2e0)
    com.unity.ugui@2.0.0 (location: C:\Unity\code\Library\PackageCache\com.unity.ugui@1f2d1ab0d950)
    com.unity.modules.ai@1.0.0 (location: C:\Unity\code\Library\PackageCache\com.unity.modules.ai)
    com.unity.modules.androidjni@1.0.0 (location: C:\Unity\code\Library\PackageCache\com.unity.modules.androidjni)
    com.unity.modules.animation@1.0.0 (location: C:\Unity\code\Library\PackageCache\com.unity.modules.animation)
    com.unity.modules.assetbundle@1.0.0 (location: C:\Unity\code\Library\PackageCache\com.unity.modules.assetbundle)
    com.unity.modules.audio@1.0.0 (location: C:\Unity\code\Library\PackageCache\com.unity.modules.audio)
    com.unity.modules.cloth@1.0.0 (location: C:\Unity\code\Library\PackageCache\com.unity.modules.cloth)
    com.unity.modules.director@1.0.0 (location: C:\Unity\code\Library\PackageCache\com.unity.modules.director)
    com.unity.modules.imageconversion@1.0.0 (location: C:\Unity\code\Library\PackageCache\com.unity.modules.imageconversion)
    com.unity.modules.imgui@1.0.0 (location: C:\Unity\code\Library\PackageCache\com.unity.modules.imgui)
    com.unity.modules.jsonserialize@1.0.0 (location: C:\Unity\code\Library\PackageCache\com.unity.modules.jsonserialize)
    com.unity.modules.particlesystem@1.0.0 (location: C:\Unity\code\Library\PackageCache\com.unity.modules.particlesystem)
    com.unity.modules.physics@1.0.0 (location: C:\Unity\code\Library\PackageCache\com.unity.modules.physics)
    com.unity.modules.physics2d@1.0.0 (location: C:\Unity\code\Library\PackageCache\com.unity.modules.physics2d)
    com.unity.modules.screencapture@1.0.0 (location: C:\Unity\code\Library\PackageCache\com.unity.modules.screencapture)
    com.unity.modules.subsystems@1.0.0 (location: C:\Unity\code\Library\PackageCache\com.unity.modules.subsystems)
    com.unity.modules.terrain@1.0.0 (location: C:\Unity\code\Library\PackageCache\com.unity.modules.terrain)
    com.unity.modules.terrainphysics@1.0.0 (location: C:\Unity\code\Library\PackageCache\com.unity.modules.terrainphysics)
    com.unity.modules.tilemap@1.0.0 (location: C:\Unity\code\Library\PackageCache\com.unity.modules.tilemap)
    com.unity.modules.ui@1.0.0 (location: C:\Unity\code\Library\PackageCache\com.unity.modules.ui)
    com.unity.modules.uielements@1.0.0 (location: C:\Unity\code\Library\PackageCache\com.unity.modules.uielements)
    com.unity.modules.umbra@1.0.0 (location: C:\Unity\code\Library\PackageCache\com.unity.modules.umbra)
    com.unity.modules.unityanalytics@1.0.0 (location: C:\Unity\code\Library\PackageCache\com.unity.modules.unityanalytics)
    com.unity.modules.unitywebrequest@1.0.0 (location: C:\Unity\code\Library\PackageCache\com.unity.modules.unitywebrequest)
    com.unity.modules.unitywebrequestassetbundle@1.0.0 (location: C:\Unity\code\Library\PackageCache\com.unity.modules.unitywebrequestassetbundle)
    com.unity.modules.unitywebrequestaudio@1.0.0 (location: C:\Unity\code\Library\PackageCache\com.unity.modules.unitywebrequestaudio)
    com.unity.modules.unitywebrequesttexture@1.0.0 (location: C:\Unity\code\Library\PackageCache\com.unity.modules.unitywebrequesttexture)
    com.unity.modules.unitywebrequestwww@1.0.0 (location: C:\Unity\code\Library\PackageCache\com.unity.modules.unitywebrequestwww)
    com.unity.modules.vehicles@1.0.0 (location: C:\Unity\code\Library\PackageCache\com.unity.modules.vehicles)
    com.unity.modules.video@1.0.0 (location: C:\Unity\code\Library\PackageCache\com.unity.modules.video)
    com.unity.modules.vr@1.0.0 (location: C:\Unity\code\Library\PackageCache\com.unity.modules.vr)
    com.unity.modules.wind@1.0.0 (location: C:\Unity\code\Library\PackageCache\com.unity.modules.wind)
    com.unity.modules.xr@1.0.0 (location: C:\Unity\code\Library\PackageCache\com.unity.modules.xr)
    com.unity.modules.hierarchycore@1.0.0 (location: C:\Unity\code\Library\PackageCache\com.unity.modules.hierarchycore)
    com.unity.ext.nunit@2.0.5 (location: C:\Unity\code\Library\PackageCache\com.unity.ext.nunit@d8c07649098d)
    com.unity.collections@6.4.0 (location: C:\Unity\code\Library\PackageCache\com.unity.collections@5b6ebd78ccc0)
[Package Manager] com.unity.textmeshpro is deprecated: This package is no longer supported. TextMeshPro functionalities are now included in the com.unity.ugui package. To continue using them, consider adding it to your project dependencies.
[Subsystems] No new subsystems found in resolved package list.
[Package Manager] Done registering packages in 0.04 seconds
Assembly reference Packages/com.unity.cinemachine/Editor/Samples/ExposeHDRPInternals/HDRP-Editor-ref.asmref has no target assembly definition
Assembly reference Packages/com.unity.cinemachine/Editor/Samples/ExposeHDRPInternals/HDRP-Editor-ref.asmref has no target assembly definition
[ScriptCompilation] Requested script compilation because: AssetDatabase observed changes in script compilation related files
info: Microsoft.Hosting.Lifetime[14]
      Now listening on: http://localhost:80
info: Microsoft.Hosting.Lifetime[0]
      Application started. Press Ctrl+C to shut down.
info: Microsoft.Hosting.Lifetime[0]
      Hosting environment: Production
info: Microsoft.Hosting.Lifetime[0]
      Content root path: C:\Unity\code
info: Microsoft.AspNetCore.Hosting.Diagnostics[1]
      Request starting HTTP/2 POST http://ilpp/UnityILPP.PostProcessing/Ping - application/grpc -
info: Microsoft.AspNetCore.Routing.EndpointMiddleware[0]
      Executing endpoint 'gRPC - /UnityILPP.PostProcessing/Ping'
info: Microsoft.AspNetCore.Routing.EndpointMiddleware[1]
      Executed endpoint 'gRPC - /UnityILPP.PostProcessing/Ping'
info: Microsoft.AspNetCore.Hosting.Diagnostics[2]
      Request finished HTTP/2 POST http://ilpp/UnityILPP.PostProcessing/Ping - 200 - application/grpc 71.9259ms
Starting: C:\Program Files\Unity\Hub\Editor\6000.4.10f1\Editor\Data\Tools\BuildPipeline\bee_backend.exe --ipc --defer-dag-verification --dagfile="Library/Bee/1900b0aE.dag" --continue-on-failure --profile="Library/Bee/backend1.traceevents" ScriptAssemblies
WorkingDir: C:/Unity/code
DisplayProgressbar: Compiling Scripts
Starting: C:\Program Files\Unity\Hub\Editor\6000.4.10f1\Editor\Data\netcorerun\netcorerun.exe "C:\Program Files\Unity\Hub\Editor\6000.4.10f1\Editor\Data\Tools\BuildPipeline\ScriptCompilationBuildProgram.exe" "Library/Bee/1900b0aE.dag.json" "Library/Bee/1900b0aE-inputdata.json" "Library\Bee\buildprogram0.traceevents"
WorkingDir: C:/Unity/code
ExitCode: 4 Duration: 0s944ms
Rebuilding DAG because FileSignature timestamp changed: Library/Bee/1900b0aE-inputdata.json
*** Tundra requires additional run (0.87 seconds), 0 items updated, 7 evaluated
ExitCode: 0 Duration: 5s34ms
Starting: C:\Program Files\Unity\Hub\Editor\6000.4.10f1\Editor\Data\Tools\BuildPipeline\bee_backend.exe --ipc --defer-dag-verification --dagfile="Library/Bee/1900b0aE.dag" --continue-on-failure --dagfilejson="Library\Bee\1900b0aE.dag.json" --profile="Library/Bee/backend2.traceevents" ScriptAssemblies
WorkingDir: C:/Unity/code
info: Microsoft.AspNetCore.Hosting.Diagnostics[1]
      Request starting HTTP/2 POST http://ilpp/UnityILPP.PostProcessing/ConfigurePostProcessors - application/grpc -
info: Microsoft.AspNetCore.Routing.EndpointMiddleware[0]
      Executing endpoint 'gRPC - /UnityILPP.PostProcessing/ConfigurePostProcessors'
warn: Unity.ILPP.Runner.PostProcessingAssemblyLoadContext[0]
      Assembly system.runtime.interopservices.windowsruntime has duplicate hint path. Ignoring "C:\Program Files\Unity\Hub\Editor\6000.4.10f1\Editor\Data\UnityReferenceAssemblies\unity-4.8-api\Facades\System.Runtime.InteropServices.WindowsRuntime.dll" in favor of "C:\Program Files\Unity\Hub\Editor\6000.4.10f1\Editor\Data\NetStandard\Extensions\2.0.0\System.Runtime.InteropServices.WindowsRuntime.dll"
warn: Unity.ILPP.Runner.PostProcessingAssemblyLoadContext[0]
      Assembly system.componentmodel.composition has duplicate hint path. Ignoring "C:\Program Files\Unity\Hub\Editor\6000.4.10f1\Editor\Data\UnityReferenceAssemblies\unity-4.8-api\System.ComponentModel.Composition.dll" in favor of "C:\Program Files\Unity\Hub\Editor\6000.4.10f1\Editor\Data\NetStandard\compat\2.1.0\shims\netfx\System.ComponentModel.Composition.dll"
info: Unity.ILPP.Runner.PostProcessingAssemblyLoadContext[0]
      Resolved Unity.Burst.Cecil, Version=0.11.6.0, Culture=neutral, PublicKeyToken=50cebf1cceb9d05e with Library\PackageCache\com.unity.burst@6bb9aca3ef38\Unity.Burst.CodeGen\Unity.Burst.Cecil.dll
info: Unity.ILPP.Runner.PostProcessingAssemblyLoadContext[0]
      Resolved Mono.Cecil, Version=0.11.5.0, Culture=neutral, PublicKeyToken=50cebf1cceb9d05e with Library\PackageCache\com.unity.nuget.mono-cecil@ecb9724e46ff\Mono.Cecil.dll
info: Microsoft.AspNetCore.Routing.EndpointMiddleware[1]
      Executed endpoint 'gRPC - /UnityILPP.PostProcessing/ConfigurePostProcessors'
info: Microsoft.AspNetCore.Hosting.Diagnostics[2]
      Request finished HTTP/2 POST http://ilpp/UnityILPP.PostProcessing/ConfigurePostProcessors - 200 - application/grpc 335.8517ms
info: Microsoft.AspNetCore.Hosting.Diagnostics[1]
      Request starting HTTP/2 POST http://ilpp/UnityILPP.PostProcessing/PostProcessAssembly - application/grpc -
info: Microsoft.AspNetCore.Routing.EndpointMiddleware[0]
      Executing endpoint 'gRPC - /UnityILPP.PostProcessing/PostProcessAssembly'
info: Unity.ILPP.Runner.PostProcessingPipeline[0]
      Processing assembly Library/Bee/artifacts/1900b0aE.dag/Assembly-CSharp.dll, with 144 defines and 357 references
info: Unity.ILPP.Runner.PostProcessingPipeline[0]
      processors: Unity.Jobs.CodeGen.JobsILPostProcessor, zzzUnity.Burst.CodeGen.BurstILPostProcessor
info: Microsoft.AspNetCore.Hosting.Diagnostics[1]
      Request starting HTTP/2 POST http://ilpp/UnityILPP.PostProcessing/PostProcessAssembly - application/grpc -
info: Microsoft.AspNetCore.Routing.EndpointMiddleware[0]
      Executing endpoint 'gRPC - /UnityILPP.PostProcessing/PostProcessAssembly'
info: Microsoft.AspNetCore.Hosting.Diagnostics[1]
      Request starting HTTP/2 POST http://ilpp/UnityILPP.PostProcessing/PostProcessAssembly - application/grpc -
info: Microsoft.AspNetCore.Routing.EndpointMiddleware[0]
      Executing endpoint 'gRPC - /UnityILPP.PostProcessing/PostProcessAssembly'
info: Unity.ILPP.Runner.PostProcessingPipeline[0]
      Processing assembly Library/Bee/artifacts/1900b0aE.dag/Assembly-CSharp-Editor.dll, with 142 defines and 383 references
info: Unity.ILPP.Runner.PostProcessingPipeline[0]
      processors: Unity.Jobs.CodeGen.JobsILPostProcessor, zzzUnity.Burst.CodeGen.BurstILPostProcessor
info: Unity.ILPP.Runner.PostProcessingPipeline[0]
      Processing assembly Library/Bee/artifacts/1900b0aE.dag/ProjectName.UI.dll, with 144 defines and 286 references
info: Unity.ILPP.Runner.PostProcessingPipeline[0]
      processors: Unity.Jobs.CodeGen.JobsILPostProcessor, zzzUnity.Burst.CodeGen.BurstILPostProcessor
info: Unity.ILPP.Runner.PostProcessingPipeline[0]
      running Unity.Jobs.CodeGen.JobsILPostProcessor
info: Unity.ILPP.Runner.PostProcessingAssemblyLoadContext[0]
      Resolved Unity.Collections, Version=0.0.0.0, Culture=neutral, PublicKeyToken=null with Library\Bee\artifacts\1900b0aE.dag\Unity.Collections.dll
info: Unity.ILPP.Runner.PostProcessingAssemblyLoadContext[0]
      Resolved UnityEditor.CoreModule, Version=0.0.0.0, Culture=neutral, PublicKeyToken=null with C:\Program Files\Unity\Hub\Editor\6000.4.10f1\Editor\Data\Managed\UnityEngine\UnityEditor.CoreModule.dll
info: Unity.ILPP.Runner.PostProcessingAssemblyLoadContext[0]
      Resolved UnityEngine.CoreModule, Version=0.0.0.0, Culture=neutral, PublicKeyToken=null with C:\Program Files\Unity\Hub\Editor\6000.4.10f1\Editor\Data\Managed\UnityEngine\UnityEngine.CoreModule.dll
info: Unity.ILPP.Runner.PostProcessingPipeline[0]
      running zzzUnity.Burst.CodeGen.BurstILPostProcessor
info: Unity.ILPP.Runner.PostProcessingPipeline[0]
      running Unity.Jobs.CodeGen.JobsILPostProcessor
info: Unity.ILPP.Runner.PostProcessingPipeline[0]
      running zzzUnity.Burst.CodeGen.BurstILPostProcessor
info: Unity.ILPP.Runner.PostProcessingAssemblyLoadContext[0]
      Resolved Unity.Burst.Cecil.Rocks, Version=0.11.6.0, Culture=neutral, PublicKeyToken=50cebf1cceb9d05e with Library\PackageCache\com.unity.burst@6bb9aca3ef38\Unity.Burst.CodeGen\Unity.Burst.Cecil.Rocks.dll
info: Unity.ILPP.Runner.PostProcessingPipeline[0]
      running Unity.Jobs.CodeGen.JobsILPostProcessor
info: Microsoft.AspNetCore.Routing.EndpointMiddleware[1]
      Executed endpoint 'gRPC - /UnityILPP.PostProcessing/PostProcessAssembly'
info: Microsoft.AspNetCore.Hosting.Diagnostics[2]
      Request finished HTTP/2 POST http://ilpp/UnityILPP.PostProcessing/PostProcessAssembly - 200 - application/grpc 1970.3940ms
info: Unity.ILPP.Runner.PostProcessingPipeline[0]
      running zzzUnity.Burst.CodeGen.BurstILPostProcessor
info: Microsoft.AspNetCore.Routing.EndpointMiddleware[1]
      Executed endpoint 'gRPC - /UnityILPP.PostProcessing/PostProcessAssembly'
info: Microsoft.AspNetCore.Hosting.Diagnostics[2]
      Request finished HTTP/2 POST http://ilpp/UnityILPP.PostProcessing/PostProcessAssembly - 200 - application/grpc 2155.1351ms
info: Microsoft.AspNetCore.Routing.EndpointMiddleware[1]
      Executed endpoint 'gRPC - /UnityILPP.PostProcessing/PostProcessAssembly'
info: Microsoft.AspNetCore.Hosting.Diagnostics[2]
      Request finished HTTP/2 POST http://ilpp/UnityILPP.PostProcessing/PostProcessAssembly - 200 - application/grpc 2139.3201ms
ExitCode: 0 Duration: 15s
Finished compiling graph: 1427 nodes, 29221 flattened edges (23607 ToBuild, 236 ToUse), maximum node priority 1604
[ 871/1423  0s] ILPP-Configuration Library/ilpp-configuration.nevergeneratedoutput
[BUSY       6s] Csc Library/Bee/artifacts/1900b0aE.dag/ProjectName.UI.dll (+2 others)
[1411/1423  9s] Csc Library/Bee/artifacts/1900b0aE.dag/ProjectName.UI.dll (+2 others)
Assets\Scripts\UI\Toolkit\AchievementUTK.cs(55,28): warning CS0114: 'AchievementUTK.Toggle()' hides inherited member 'UTKWindowBase.Toggle()'. To make the current member override that implementation, add the override keyword. Otherwise add the new keyword.

Assets\Scripts\UI\Toolkit\AlchemyStationUTK.cs(45,28): warning CS0114: 'AlchemyStationUTK.Toggle()' hides inherited member 'UTKWindowBase.Toggle()'. To make the current member override that implementation, add the override keyword. Otherwise add the new keyword.

Assets\Scripts\UI\Toolkit\ArenaBattleUTK.cs(52,28): warning CS0114: 'ArenaBattleUTK.Toggle()' hides inherited member 'UTKWindowBase.Toggle()'. To make the current member override that implementation, add the override keyword. Otherwise add the new keyword.

Assets\Scripts\UI\Toolkit\ArenaMenuUTK.cs(57,28): warning CS0114: 'ArenaMenuUTK.Toggle()' hides inherited member 'UTKWindowBase.Toggle()'. To make the current member override that implementation, add the override keyword. Otherwise add the new keyword.

Assets\Scripts\UI\Toolkit\ChurchUTK.cs(41,28): warning CS0114: 'ChurchUTK.Toggle()' hides inherited member 'UTKWindowBase.Toggle()'. To make the current member override that implementation, add the override keyword. Otherwise add the new keyword.

Assets\Scripts\UI\Toolkit\ChurchUTK.cs(59,32): warning CS0108: 'ChurchUTK._titleLabel' hides inherited member 'UTKWindowBase._titleLabel'. Use the new keyword if hiding was intended.

Assets\Scripts\UI\Toolkit\GameStatsUTK.cs(59,28): warning CS0114: 'GameStatsUTK.Toggle()' hides inherited member 'UTKWindowBase.Toggle()'. To make the current member override that implementation, add the override keyword. Otherwise add the new keyword.

Assets\Scripts\UI\Toolkit\GasSprayUTK.cs(39,28): warning CS0114: 'GasSprayUTK.Toggle()' hides inherited member 'UTKWindowBase.Toggle()'. To make the current member override that implementation, add the override keyword. Otherwise add the new keyword.

Assets\Scripts\UI\Toolkit\CookingWindowUTK.cs(46,28): warning CS0114: 'CookingWindowUTK.Toggle()' hides inherited member 'UTKWindowBase.Toggle()'. To make the current member override that implementation, add the override keyword. Otherwise add the new keyword.

Assets\Scripts\UI\Toolkit\NPCDailyUTK.cs(37,28): warning CS0114: 'NPCDailyUTK.Toggle()' hides inherited member 'UTKWindowBase.Toggle()'. To make the current member override that implementation, add the override keyword. Otherwise add the new keyword.

Assets\Scripts\UI\Toolkit\NPCDailyUTK.cs(43,28): warning CS0114: 'NPCDailyUTK.Close()' hides inherited member 'UTKWindowBase.Close()'. To make the current member override that implementation, add the override keyword. Otherwise add the new keyword.

Assets\Scripts\UI\Toolkit\CraftingWindowUTK.cs(58,28): warning CS0114: 'CraftingWindowUTK.Toggle()' hides inherited member 'UTKWindowBase.Toggle()'. To make the current member override that implementation, add the override keyword. Otherwise add the new keyword.

Assets\Scripts\UI\Toolkit\NPCDialogueUTK.cs(49,28): warning CS0114: 'NPCDialogueUTK.Toggle()' hides inherited member 'UTKWindowBase.Toggle()'. To make the current member override that implementation, add the override keyword. Otherwise add the new keyword.

Assets\Scripts\UI\Toolkit\OptionsUTK.cs(43,28): warning CS0114: 'OptionsUTK.Toggle()' hides inherited member 'UTKWindowBase.Toggle()'. To make the current member override that implementation, add the override keyword. Otherwise add the new keyword.

Assets\Scripts\UI\Toolkit\DynamicEventUTK.cs(54,28): warning CS0114: 'DynamicEventUTK.Toggle()' hides inherited member 'UTKWindowBase.Toggle()'. To make the current member override that implementation, add the override keyword. Otherwise add the new keyword.

Assets\Scripts\UI\Toolkit\DynamicEventUTK.cs(60,28): warning CS0114: 'DynamicEventUTK.Close()' hides inherited member 'UTKWindowBase.Close()'. To make the current member override that implementation, add the override keyword. Otherwise add the new keyword.

Assets\Scripts\UI\Toolkit\EncyclopediaWindowUTK.cs(63,28): warning CS0114: 'EncyclopediaWindowUTK.Toggle()' hides inherited member 'UTKWindowBase.Toggle()'. To make the current member override that implementation, add the override keyword. Otherwise add the new keyword.

Assets\Scripts\UI\Toolkit\PlayerFlagUTK.cs(52,28): warning CS0114: 'PlayerFlagUTK.Toggle()' hides inherited member 'UTKWindowBase.Toggle()'. To make the current member override that implementation, add the override keyword. Otherwise add the new keyword.

Assets\Scripts\UI\Toolkit\TutorialGuideUTK.cs(77,28): warning CS0114: 'TutorialGuideUTK.Toggle()' hides inherited member 'UTKWindowBase.Toggle()'. To make the current member override that implementation, add the override keyword. Otherwise add the new keyword.

Assets\Scripts\UI\Toolkit\QuestChoiceUTK.cs(58,28): warning CS0114: 'QuestChoiceUTK.Toggle()' hides inherited member 'UTKWindowBase.Toggle()'. To make the current member override that implementation, add the override keyword. Otherwise add the new keyword.

Assets\Scripts\UI\Toolkit\QuestJournalUTK.cs(62,28): warning CS0114: 'QuestJournalUTK.Toggle()' hides inherited member 'UTKWindowBase.Toggle()'. To make the current member override that implementation, add the override keyword. Otherwise add the new keyword.

Assets\Scripts\UI\EquipmentWindow.cs(105,28): warning CS0114: 'EquipmentWindow.Toggle()' hides inherited member 'UIWindow.Toggle()'. To make the current member override that implementation, add the override keyword. Otherwise add the new keyword.

Assets\Scripts\UI\Toolkit\QuestWindowUTK.cs(64,28): warning CS0114: 'QuestWindowUTK.Toggle()' hides inherited member 'UTKWindowBase.Toggle()'. To make the current member override that implementation, add the override keyword. Otherwise add the new keyword.

Assets\Scripts\UI\Toolkit\EnvoyMissionUTK.cs(46,28): warning CS0114: 'EnvoyMissionUTK.Toggle()' hides inherited member 'UTKWindowBase.Toggle()'. To make the current member override that implementation, add the override keyword. Otherwise add the new keyword.

Assets\Scripts\UI\Toolkit\InventoryWindowUTK.cs(47,28): warning CS0114: 'InventoryWindowUTK.Toggle()' hides inherited member 'UTKWindowBase.Toggle()'. To make the current member override that implementation, add the override keyword. Otherwise add the new keyword.

Assets\Scripts\UI\Toolkit\EquipmentWindowUTK.cs(46,28): warning CS0114: 'EquipmentWindowUTK.Toggle()' hides inherited member 'UTKWindowBase.Toggle()'. To make the current member override that implementation, add the override keyword. Otherwise add the new keyword.

Assets\Scripts\UI\Toolkit\ItemDescriptionWindowUTK.cs(77,28): warning CS0114: 'ItemDescriptionWindowUTK.Show()' hides inherited member 'UTKWindowBase.Show()'. To make the current member override that implementation, add the override keyword. Otherwise add the new keyword.

Assets\Scripts\UI\Toolkit\ItemDescriptionWindowUTK.cs(85,28): warning CS0114: 'ItemDescriptionWindowUTK.Hide()' hides inherited member 'UTKWindowBase.Hide()'. To make the current member override that implementation, add the override keyword. Otherwise add the new keyword.

Assets\Scripts\UI\Toolkit\ItemDescriptionWindowUTK.cs(118,28): warning CS0108: 'ItemDescriptionWindowUTK.Clear()' hides inherited member 'VisualElement.Clear()'. Use the new keyword if hiding was intended.

Assets\Scripts\UI\Toolkit\ReadDocumentUTK.cs(46,28): warning CS0114: 'ReadDocumentUTK.Toggle()' hides inherited member 'UTKWindowBase.Toggle()'. To make the current member override that implementation, add the override keyword. Otherwise add the new keyword.

Assets\Scripts\UI\Toolkit\ReadDocumentUTK.cs(60,23): warning CS0108: 'ReadDocumentUTK._titleLabel' hides inherited member 'UTKWindowBase._titleLabel'. Use the new keyword if hiding was intended.

Assets\Scripts\UI\Toolkit\RepairStationUTK.cs(45,28): warning CS0114: 'RepairStationUTK.Toggle()' hides inherited member 'UTKWindowBase.Toggle()'. To make the current member override that implementation, add the override keyword. Otherwise add the new keyword.

Assets\Scripts\UI\Toolkit\FastTravelUTK.cs(45,28): warning CS0114: 'FastTravelUTK.Toggle()' hides inherited member 'UTKWindowBase.Toggle()'. To make the current member override that implementation, add the override keyword. Otherwise add the new keyword.

Assets\Scripts\UI\Toolkit\RevengeListUTK.cs(46,28): warning CS0114: 'RevengeListUTK.Toggle()' hides inherited member 'UTKWindowBase.Toggle()'. To make the current member override that implementation, add the override keyword. Otherwise add the new keyword.

Assets\Scripts\UI\Toolkit\FestivalUTK.cs(55,28): warning CS0114: 'FestivalUTK.Toggle()' hides inherited member 'UTKWindowBase.Toggle()'. To make the current member override that implementation, add the override keyword. Otherwise add the new keyword.

Assets\Scripts\UI\Toolkit\FestivalUTK.cs(61,28): warning CS0114: 'FestivalUTK.Close()' hides inherited member 'UTKWindowBase.Close()'. To make the current member override that implementation, add the override keyword. Otherwise add the new keyword.

Assets\Scripts\UI\Toolkit\LockpickingUTK.cs(142,28): warning CS0114: 'LockpickingUTK.Toggle()' hides inherited member 'UTKWindowBase.Toggle()'. To make the current member override that implementation, add the override keyword. Otherwise add the new keyword.

Assets\Scripts\UI\Toolkit\FishingUTK.cs(131,28): warning CS0114: 'FishingUTK.Toggle()' hides inherited member 'UTKWindowBase.Toggle()'. To make the current member override that implementation, add the override keyword. Otherwise add the new keyword.

Assets\Scripts\UI\Toolkit\MercenaryHireUTK.cs(47,28): warning CS0114: 'MercenaryHireUTK.Toggle()' hides inherited member 'UTKWindowBase.Toggle()'. To make the current member override that implementation, add the override keyword. Otherwise add the new keyword.

Assets\Scripts\UI\Toolkit\MercyUTK.cs(173,28): warning CS0114: 'MercyUTK.Toggle()' hides inherited member 'UTKWindowBase.Toggle()'. To make the current member override that implementation, add the override keyword. Otherwise add the new keyword.

Assets\Scripts\UI\Toolkit\SettingsMenuUTK.cs(49,28): warning CS0114: 'SettingsMenuUTK.Toggle()' hides inherited member 'UTKWindowBase.Toggle()'. To make the current member override that implementation, add the override keyword. Otherwise add the new keyword.

Assets\Scripts\UI\Toolkit\LordAudienceUTK.cs(49,28): warning CS0114: 'LordAudienceUTK.Toggle()' hides inherited member 'UTKWindowBase.Toggle()'. To make the current member override that implementation, add the override keyword. Otherwise add the new keyword.

Assets\Scripts\UI\Toolkit\WorldMapWindowUTK.cs(43,28): warning CS0114: 'WorldMapWindowUTK.Toggle()' hides inherited member 'UTKWindowBase.Toggle()'. To make the current member override that implementation, add the override keyword. Otherwise add the new keyword.

Assets\Scripts\UI\Toolkit\SpyMissionUTK.cs(47,28): warning CS0114: 'SpyMissionUTK.Toggle()' hides inherited member 'UTKWindowBase.Toggle()'. To make the current member override that implementation, add the override keyword. Otherwise add the new keyword.

Assets\Scripts\UI\Toolkit\TerritoryDeploymentUTK.cs(44,28): warning CS0114: 'TerritoryDeploymentUTK.Toggle()' hides inherited member 'UTKWindowBase.Toggle()'. To make the current member override that implementation, add the override keyword. Otherwise add the new keyword.

Assets\Scripts\UI\TerritoryNPCSpawner.cs(259,24): warning CS0618: 'ProceduralAnimationController' is obsolete: 'Use HybridAnimationController with NeuralAnimationController instead. See MIGRATION_GUIDE_PHASE46.md'

Assets\Scripts\UI\Toolkit\GuardSquadHotbarUTK.cs(334,38): warning CS0618: 'Object.GetInstanceID()' is obsolete: 'GetInstanceID is deprecated. Use GetEntityId instead. This will be removed in a future version.'

Assets\Scripts\UI\Toolkit\PlayerFlagUTK.cs(72,22): warning CS0414: The field 'PlayerFlagUTK._showMessage' is assigned but its value is never used

Assets\Scripts\UI\Toolkit\WorldMapWindowUTK.cs(193,22): warning CS0414: The field 'WorldMapWindowUTK._legacyMapPreviouslyOpen' is assigned but its value is never used
[1414/1423  2s] ILPostProcess Library/Bee/artifacts/1900b0aE.dag/post-processed/ProjectName.UI.dll (+pdb)
Processing assembly Library/Bee/artifacts/1900b0aE.dag/ProjectName.UI.dll, with 144 defines and 286 references

processors: Unity.Jobs.CodeGen.JobsILPostProcessor, zzzUnity.Burst.CodeGen.BurstILPostProcessor

running Unity.Jobs.CodeGen.JobsILPostProcessor

running zzzUnity.Burst.CodeGen.BurstILPostProcessor
[1415/1423  0s] CopyFiles Library/ScriptAssemblies/ProjectName.UI.pdb
[1416/1423  0s] CopyFiles Library/ScriptAssemblies/ProjectName.UI.dll
[1417/1423  2s] ILPostProcess Library/Bee/artifacts/1900b0aE.dag/post-processed/Assembly-CSharp.dll (+pdb)
Processing assembly Library/Bee/artifacts/1900b0aE.dag/Assembly-CSharp.dll, with 144 defines and 357 references

processors: Unity.Jobs.CodeGen.JobsILPostProcessor, zzzUnity.Burst.CodeGen.BurstILPostProcessor

running Unity.Jobs.CodeGen.JobsILPostProcessor

running zzzUnity.Burst.CodeGen.BurstILPostProcessor
[1418/1423  2s] ILPostProcess Library/Bee/artifacts/1900b0aE.dag/post-processed/Assembly-CSharp-Editor.dll (+pdb)
Processing assembly Library/Bee/artifacts/1900b0aE.dag/Assembly-CSharp-Editor.dll, with 142 defines and 383 references

processors: Unity.Jobs.CodeGen.JobsILPostProcessor, zzzUnity.Burst.CodeGen.BurstILPostProcessor

running Unity.Jobs.CodeGen.JobsILPostProcessor

running zzzUnity.Burst.CodeGen.BurstILPostProcessor
*** Tundra build success (15.72 seconds), 7 items updated, 1423 evaluated
Assets\Scripts\UI\Toolkit\AchievementUTK.cs(55,28): warning CS0114: 'AchievementUTK.Toggle()' hides inherited member 'UTKWindowBase.Toggle()'. To make the current member override that implementation, add the override keyword. Otherwise add the new keyword.
Assets\Scripts\UI\Toolkit\AlchemyStationUTK.cs(45,28): warning CS0114: 'AlchemyStationUTK.Toggle()' hides inherited member 'UTKWindowBase.Toggle()'. To make the current member override that implementation, add the override keyword. Otherwise add the new keyword.
Assets\Scripts\UI\Toolkit\ArenaBattleUTK.cs(52,28): warning CS0114: 'ArenaBattleUTK.Toggle()' hides inherited member 'UTKWindowBase.Toggle()'. To make the current member override that implementation, add the override keyword. Otherwise add the new keyword.
Assets\Scripts\UI\Toolkit\ArenaMenuUTK.cs(57,28): warning CS0114: 'ArenaMenuUTK.Toggle()' hides inherited member 'UTKWindowBase.Toggle()'. To make the current member override that implementation, add the override keyword. Otherwise add the new keyword.
Assets\Scripts\UI\Toolkit\ChurchUTK.cs(41,28): warning CS0114: 'ChurchUTK.Toggle()' hides inherited member 'UTKWindowBase.Toggle()'. To make the current member override that implementation, add the override keyword. Otherwise add the new keyword.
Assets\Scripts\UI\Toolkit\ChurchUTK.cs(59,32): warning CS0108: 'ChurchUTK._titleLabel' hides inherited member 'UTKWindowBase._titleLabel'. Use the new keyword if hiding was intended.
Assets\Scripts\UI\Toolkit\GameStatsUTK.cs(59,28): warning CS0114: 'GameStatsUTK.Toggle()' hides inherited member 'UTKWindowBase.Toggle()'. To make the current member override that implementation, add the override keyword. Otherwise add the new keyword.
Assets\Scripts\UI\Toolkit\GasSprayUTK.cs(39,28): warning CS0114: 'GasSprayUTK.Toggle()' hides inherited member 'UTKWindowBase.Toggle()'. To make the current member override that implementation, add the override keyword. Otherwise add the new keyword.
Assets\Scripts\UI\Toolkit\CookingWindowUTK.cs(46,28): warning CS0114: 'CookingWindowUTK.Toggle()' hides inherited member 'UTKWindowBase.Toggle()'. To make the current member override that implementation, add the override keyword. Otherwise add the new keyword.
Assets\Scripts\UI\Toolkit\NPCDailyUTK.cs(37,28): warning CS0114: 'NPCDailyUTK.Toggle()' hides inherited member 'UTKWindowBase.Toggle()'. To make the current member override that implementation, add the override keyword. Otherwise add the new keyword.
Assets\Scripts\UI\Toolkit\NPCDailyUTK.cs(43,28): warning CS0114: 'NPCDailyUTK.Close()' hides inherited member 'UTKWindowBase.Close()'. To make the current member override that implementation, add the override keyword. Otherwise add the new keyword.
Assets\Scripts\UI\Toolkit\CraftingWindowUTK.cs(58,28): warning CS0114: 'CraftingWindowUTK.Toggle()' hides inherited member 'UTKWindowBase.Toggle()'. To make the current member override that implementation, add the override keyword. Otherwise add the new keyword.
Assets\Scripts\UI\Toolkit\NPCDialogueUTK.cs(49,28): warning CS0114: 'NPCDialogueUTK.Toggle()' hides inherited member 'UTKWindowBase.Toggle()'. To make the current member override that implementation, add the override keyword. Otherwise add the new keyword.
Assets\Scripts\UI\Toolkit\OptionsUTK.cs(43,28): warning CS0114: 'OptionsUTK.Toggle()' hides inherited member 'UTKWindowBase.Toggle()'. To make the current member override that implementation, add the override keyword. Otherwise add the new keyword.
Assets\Scripts\UI\Toolkit\DynamicEventUTK.cs(54,28): warning CS0114: 'DynamicEventUTK.Toggle()' hides inherited member 'UTKWindowBase.Toggle()'. To make the current member override that implementation, add the override keyword. Otherwise add the new keyword.
Assets\Scripts\UI\Toolkit\DynamicEventUTK.cs(60,28): warning CS0114: 'DynamicEventUTK.Close()' hides inherited member 'UTKWindowBase.Close()'. To make the current member override that implementation, add the override keyword. Otherwise add the new keyword.
Assets\Scripts\UI\Toolkit\EncyclopediaWindowUTK.cs(63,28): warning CS0114: 'EncyclopediaWindowUTK.Toggle()' hides inherited member 'UTKWindowBase.Toggle()'. To make the current member override that implementation, add the override keyword. Otherwise add the new keyword.
Assets\Scripts\UI\Toolkit\PlayerFlagUTK.cs(52,28): warning CS0114: 'PlayerFlagUTK.Toggle()' hides inherited member 'UTKWindowBase.Toggle()'. To make the current member override that implementation, add the override keyword. Otherwise add the new keyword.
Assets\Scripts\UI\Toolkit\TutorialGuideUTK.cs(77,28): warning CS0114: 'TutorialGuideUTK.Toggle()' hides inherited member 'UTKWindowBase.Toggle()'. To make the current member override that implementation, add the override keyword. Otherwise add the new keyword.
Assets\Scripts\UI\Toolkit\QuestChoiceUTK.cs(58,28): warning CS0114: 'QuestChoiceUTK.Toggle()' hides inherited member 'UTKWindowBase.Toggle()'. To make the current member override that implementation, add the override keyword. Otherwise add the new keyword.
Assets\Scripts\UI\Toolkit\QuestJournalUTK.cs(62,28): warning CS0114: 'QuestJournalUTK.Toggle()' hides inherited member 'UTKWindowBase.Toggle()'. To make the current member override that implementation, add the override keyword. Otherwise add the new keyword.
Assets\Scripts\UI\EquipmentWindow.cs(105,28): warning CS0114: 'EquipmentWindow.Toggle()' hides inherited member 'UIWindow.Toggle()'. To make the current member override that implementation, add the override keyword. Otherwise add the new keyword.
Assets\Scripts\UI\Toolkit\QuestWindowUTK.cs(64,28): warning CS0114: 'QuestWindowUTK.Toggle()' hides inherited member 'UTKWindowBase.Toggle()'. To make the current member override that implementation, add the override keyword. Otherwise add the new keyword.
Assets\Scripts\UI\Toolkit\EnvoyMissionUTK.cs(46,28): warning CS0114: 'EnvoyMissionUTK.Toggle()' hides inherited member 'UTKWindowBase.Toggle()'. To make the current member override that implementation, add the override keyword. Otherwise add the new keyword.
Assets\Scripts\UI\Toolkit\InventoryWindowUTK.cs(47,28): warning CS0114: 'InventoryWindowUTK.Toggle()' hides inherited member 'UTKWindowBase.Toggle()'. To make the current member override that implementation, add the override keyword. Otherwise add the new keyword.
Assets\Scripts\UI\Toolkit\EquipmentWindowUTK.cs(46,28): warning CS0114: 'EquipmentWindowUTK.Toggle()' hides inherited member 'UTKWindowBase.Toggle()'. To make the current member override that implementation, add the override keyword. Otherwise add the new keyword.
Assets\Scripts\UI\Toolkit\ItemDescriptionWindowUTK.cs(77,28): warning CS0114: 'ItemDescriptionWindowUTK.Show()' hides inherited member 'UTKWindowBase.Show()'. To make the current member override that implementation, add the override keyword. Otherwise add the new keyword.
Assets\Scripts\UI\Toolkit\ItemDescriptionWindowUTK.cs(85,28): warning CS0114: 'ItemDescriptionWindowUTK.Hide()' hides inherited member 'UTKWindowBase.Hide()'. To make the current member override that implementation, add the override keyword. Otherwise add the new keyword.
Assets\Scripts\UI\Toolkit\ItemDescriptionWindowUTK.cs(118,28): warning CS0108: 'ItemDescriptionWindowUTK.Clear()' hides inherited member 'VisualElement.Clear()'. Use the new keyword if hiding was intended.
Assets\Scripts\UI\Toolkit\ReadDocumentUTK.cs(46,28): warning CS0114: 'ReadDocumentUTK.Toggle()' hides inherited member 'UTKWindowBase.Toggle()'. To make the current member override that implementation, add the override keyword. Otherwise add the new keyword.
Assets\Scripts\UI\Toolkit\ReadDocumentUTK.cs(60,23): warning CS0108: 'ReadDocumentUTK._titleLabel' hides inherited member 'UTKWindowBase._titleLabel'. Use the new keyword if hiding was intended.
Assets\Scripts\UI\Toolkit\RepairStationUTK.cs(45,28): warning CS0114: 'RepairStationUTK.Toggle()' hides inherited member 'UTKWindowBase.Toggle()'. To make the current member override that implementation, add the override keyword. Otherwise add the new keyword.
Assets\Scripts\UI\Toolkit\FastTravelUTK.cs(45,28): warning CS0114: 'FastTravelUTK.Toggle()' hides inherited member 'UTKWindowBase.Toggle()'. To make the current member override that implementation, add the override keyword. Otherwise add the new keyword.
Assets\Scripts\UI\Toolkit\RevengeListUTK.cs(46,28): warning CS0114: 'RevengeListUTK.Toggle()' hides inherited member 'UTKWindowBase.Toggle()'. To make the current member override that implementation, add the override keyword. Otherwise add the new keyword.
Assets\Scripts\UI\Toolkit\FestivalUTK.cs(55,28): warning CS0114: 'FestivalUTK.Toggle()' hides inherited member 'UTKWindowBase.Toggle()'. To make the current member override that implementation, add the override keyword. Otherwise add the new keyword.
Assets\Scripts\UI\Toolkit\FestivalUTK.cs(61,28): warning CS0114: 'FestivalUTK.Close()' hides inherited member 'UTKWindowBase.Close()'. To make the current member override that implementation, add the override keyword. Otherwise add the new keyword.
Assets\Scripts\UI\Toolkit\LockpickingUTK.cs(142,28): warning CS0114: 'LockpickingUTK.Toggle()' hides inherited member 'UTKWindowBase.Toggle()'. To make the current member override that implementation, add the override keyword. Otherwise add the new keyword.
Assets\Scripts\UI\Toolkit\FishingUTK.cs(131,28): warning CS0114: 'FishingUTK.Toggle()' hides inherited member 'UTKWindowBase.Toggle()'. To make the current member override that implementation, add the override keyword. Otherwise add the new keyword.
Assets\Scripts\UI\Toolkit\MercenaryHireUTK.cs(47,28): warning CS0114: 'MercenaryHireUTK.Toggle()' hides inherited member 'UTKWindowBase.Toggle()'. To make the current member override that implementation, add the override keyword. Otherwise add the new keyword.
Assets\Scripts\UI\Toolkit\MercyUTK.cs(173,28): warning CS0114: 'MercyUTK.Toggle()' hides inherited member 'UTKWindowBase.Toggle()'. To make the current member override that implementation, add the override keyword. Otherwise add the new keyword.
Assets\Scripts\UI\Toolkit\SettingsMenuUTK.cs(49,28): warning CS0114: 'SettingsMenuUTK.Toggle()' hides inherited member 'UTKWindowBase.Toggle()'. To make the current member override that implementation, add the override keyword. Otherwise add the new keyword.
Assets\Scripts\UI\Toolkit\LordAudienceUTK.cs(49,28): warning CS0114: 'LordAudienceUTK.Toggle()' hides inherited member 'UTKWindowBase.Toggle()'. To make the current member override that implementation, add the override keyword. Otherwise add the new keyword.
Assets\Scripts\UI\Toolkit\WorldMapWindowUTK.cs(43,28): warning CS0114: 'WorldMapWindowUTK.Toggle()' hides inherited member 'UTKWindowBase.Toggle()'. To make the current member override that implementation, add the override keyword. Otherwise add the new keyword.
Assets\Scripts\UI\Toolkit\SpyMissionUTK.cs(47,28): warning CS0114: 'SpyMissionUTK.Toggle()' hides inherited member 'UTKWindowBase.Toggle()'. To make the current member override that implementation, add the override keyword. Otherwise add the new keyword.
Assets\Scripts\UI\Toolkit\TerritoryDeploymentUTK.cs(44,28): warning CS0114: 'TerritoryDeploymentUTK.Toggle()' hides inherited member 'UTKWindowBase.Toggle()'. To make the current member override that implementation, add the override keyword. Otherwise add the new keyword.
Assets\Scripts\UI\TerritoryNPCSpawner.cs(259,24): warning CS0618: 'ProceduralAnimationController' is obsolete: 'Use HybridAnimationController with NeuralAnimationController instead. See MIGRATION_GUIDE_PHASE46.md'
Assets\Scripts\UI\Toolkit\GuardSquadHotbarUTK.cs(334,38): warning CS0618: 'Object.GetInstanceID()' is obsolete: 'GetInstanceID is deprecated. Use GetEntityId instead. This will be removed in a future version.'
Assets\Scripts\UI\Toolkit\PlayerFlagUTK.cs(72,22): warning CS0414: The field 'PlayerFlagUTK._showMessage' is assigned but its value is never used
Assets\Scripts\UI\Toolkit\WorldMapWindowUTK.cs(193,22): warning CS0414: The field 'WorldMapWindowUTK._legacyMapPreviouslyOpen' is assigned but its value is never used
AssetDatabase: script compilation time: 23.045425s
Begin MonoManager ReloadAssembly
Assembly Assembly-CSharp-Editor-firstpass.dll at Library/ScriptAssemblies/Assembly-CSharp-Editor-firstpass.dll not valid. Loading of assembly skipped.
Assembly Assembly-CSharp-firstpass.dll at Library/ScriptAssemblies/Assembly-CSharp-firstpass.dll not valid. Loading of assembly skipped.
Assembly DocCodeExamples.dll at Library/ScriptAssemblies/DocCodeExamples.dll not valid. Loading of assembly skipped.
Assembly TestNewCustomAssembly.dll at Library/ScriptAssemblies/TestNewCustomAssembly.dll not valid. Loading of assembly skipped.
Assembly Unity.Addressables.Editor.Tests.dll at Library/ScriptAssemblies/Unity.Addressables.Editor.Tests.dll not valid. Loading of assembly skipped.
Assembly Unity.Addressables.Runtime.Tests.dll at Library/ScriptAssemblies/Unity.Addressables.Runtime.Tests.dll not valid. Loading of assembly skipped.
Assembly Unity.AppUI.Editor.Tests.dll at Library/ScriptAssemblies/Unity.AppUI.Editor.Tests.dll not valid. Loading of assembly skipped.
Assembly Unity.AppUI.Tests.dll at Library/ScriptAssemblies/Unity.AppUI.Tests.dll not valid. Loading of assembly skipped.
Assembly Unity.Collections.BurstCompatibilityGen.dll at Library/ScriptAssemblies/Unity.Collections.BurstCompatibilityGen.dll not valid. Loading of assembly skipped.
Assembly Unity.Collections.DocCodeSamples.dll at Library/ScriptAssemblies/Unity.Collections.DocCodeSamples.dll not valid. Loading of assembly skipped.
Assembly Unity.Collections.PerformanceTests.dll at Library/ScriptAssemblies/Unity.Collections.PerformanceTests.dll not valid. Loading of assembly skipped.
Assembly Unity.Collections.Tests.dll at Library/ScriptAssemblies/Unity.Collections.Tests.dll not valid. Loading of assembly skipped.
Assembly Unity.Collections.Tests.Playmode.dll at Library/ScriptAssemblies/Unity.Collections.Tests.Playmode.dll not valid. Loading of assembly skipped.
Assembly Unity.InputSystem.IntegrationTests.dll at Library/ScriptAssemblies/Unity.InputSystem.IntegrationTests.dll not valid. Loading of assembly skipped.
Assembly Unity.Localization.DocCodeSamples.dll at Library/ScriptAssemblies/Unity.Localization.DocCodeSamples.dll not valid. Loading of assembly skipped.
Assembly Unity.Mathematics.Tests.dll at Library/ScriptAssemblies/Unity.Mathematics.Tests.dll not valid. Loading of assembly skipped.
Assembly Unity.Nuget.Mono-Cecil.dll at Library/ScriptAssemblies/Unity.Nuget.Mono-Cecil.dll not valid. Loading of assembly skipped.
Assembly Unity.PathTracing.Editor.Tests.dll at Library/ScriptAssemblies/Unity.PathTracing.Editor.Tests.dll not valid. Loading of assembly skipped.
Assembly Unity.PathTracing.Runtime.Tests.dll at Library/ScriptAssemblies/Unity.PathTracing.Runtime.Tests.dll not valid. Loading of assembly skipped.
Assembly Unity.Performance.Profile-Analyzer.EditorTests.dll at Library/ScriptAssemblies/Unity.Performance.Profile-Analyzer.EditorTests.dll not valid. Loading of assembly skipped.
Assembly Unity.RenderPipelines.Core.Editor.Tests.dll at Library/ScriptAssemblies/Unity.RenderPipelines.Core.Editor.Tests.dll not valid. Loading of assembly skipped.
Assembly Unity.RenderPipelines.Core.Runtime.Tests.dll at Library/ScriptAssemblies/Unity.RenderPipelines.Core.Runtime.Tests.dll not valid. Loading of assembly skipped.
Assembly Unity.RenderPipelines.Universal.Config.Editor.Tests.dll at Library/ScriptAssemblies/Unity.RenderPipelines.Universal.Config.Editor.Tests.dll not valid. Loading of assembly skipped.
Assembly Unity.RenderPipelines.Universal.Editor.Tests.dll at Library/ScriptAssemblies/Unity.RenderPipelines.Universal.Editor.Tests.dll not valid. Loading of assembly skipped.
Assembly Unity.RenderPipelines.Universal.Runtime.Tests.dll at Library/ScriptAssemblies/Unity.RenderPipelines.Universal.Runtime.Tests.dll not valid. Loading of assembly skipped.
Assembly Unity.ResourceManager.Tests.dll at Library/ScriptAssemblies/Unity.ResourceManager.Tests.dll not valid. Loading of assembly skipped.
Assembly Unity.ScriptableBuildPipeline.Editor.Tests.dll at Library/ScriptAssemblies/Unity.ScriptableBuildPipeline.Editor.Tests.dll not valid. Loading of assembly skipped.
Assembly Unity.ScriptableBuildPipeline.Tests.dll at Library/ScriptAssemblies/Unity.ScriptableBuildPipeline.Tests.dll not valid. Loading of assembly skipped.
Assembly Unity.ScriptableBuildPipelineTests.Runtime.Tests.dll at Library/ScriptAssemblies/Unity.ScriptableBuildPipelineTests.Runtime.Tests.dll not valid. Loading of assembly skipped.
Assembly Unity.Searcher.EditorTests.dll at Library/ScriptAssemblies/Unity.Searcher.EditorTests.dll not valid. Loading of assembly skipped.
Assembly Unity.Settings.Tests.dll at Library/ScriptAssemblies/Unity.Settings.Tests.dll not valid. Loading of assembly skipped.
Assembly Unity.ShaderGraph.Editor.Tests.dll at Library/ScriptAssemblies/Unity.ShaderGraph.Editor.Tests.dll not valid. Loading of assembly skipped.
Assembly Unity.TestTools.CodeCoverage.Editor.Compatibility.dll at Library/ScriptAssemblies/Unity.TestTools.CodeCoverage.Editor.Compatibility.dll not valid. Loading of assembly skipped.
Assembly Unity.TextMeshPro.Editor.Tests.dll at Library/ScriptAssemblies/Unity.TextMeshPro.Editor.Tests.dll not valid. Loading of assembly skipped.
Assembly Unity.TextMeshPro.Tests.dll at Library/ScriptAssemblies/Unity.TextMeshPro.Tests.dll not valid. Loading of assembly skipped.
Assembly Unity.UnifiedRayTracing.Editor.Tests.dll at Library/ScriptAssemblies/Unity.UnifiedRayTracing.Editor.Tests.dll not valid. Loading of assembly skipped.
Assembly Unity.VisualEffectGraph.Editor.Tests.dll at Library/ScriptAssemblies/Unity.VisualEffectGraph.Editor.Tests.dll not valid. Loading of assembly skipped.
Assembly Unity.VisualEffectGraph.Runtime.Tests.dll at Library/ScriptAssemblies/Unity.VisualEffectGraph.Runtime.Tests.dll not valid. Loading of assembly skipped.
Assembly UnityEditor.UI.Common.Tests.dll at Library/ScriptAssemblies/UnityEditor.UI.Common.Tests.dll not valid. Loading of assembly skipped.
Assembly UnityEditor.UI.EditorTests.dll at Library/ScriptAssemblies/UnityEditor.UI.EditorTests.dll not valid. Loading of assembly skipped.
Assembly UnityEngine.UI.Tests.dll at Library/ScriptAssemblies/UnityEngine.UI.Tests.dll not valid. Loading of assembly skipped.
Symbol file LoadedFromMemory is not a mono symbol file
Symbol file LoadedFromMemory is not a mono symbol file
'Packages/com.unity.cinemachine/Editor/Editors/CinemachineVirtualCameraBaseEditor.cs' contains partial class of Unity.Object, exactly 1 of the partial classes needs to be in a file with the same filename. This is to know the one that can be referenced from ie. GameObjects
'Packages/com.unity.cinemachine/Editor/Obsolete/CinemachineVirtualCameraBaseEditor.cs' contains partial class of Unity.Object, exactly 1 of the partial classes needs to be in a file with the same filename. This is to know the one that can be referenced from ie. GameObjects
Refreshing native plugins compatible for Editor in 10.07 ms, found 5 plugins.
Native extension for WindowsStandalone target not found
Native extension for WebGL target not found
Assembly reference Packages/com.unity.cinemachine/Editor/Samples/ExposeHDRPInternals/HDRP-Editor-ref.asmref has no target assembly definition
Refreshing native plugins compatible for Editor in 7.39 ms, found 5 plugins.
[MODES] ModeService[none].Initialize
[MODES] ModeService[none].LoadModes
[MODES] Loading mode Default (0) for mode-current-id-포이즌
ScheduleIndexationOnStartup MainProcess:True IndexOnStartup:True
Mono: successfully reloaded assembly
- Finished resetting the current domain, in  6.829 seconds
Domain Reload Profiling: 9764ms
	BeginReloadAssembly (476ms)
		DisableScriptedObjects (38ms)
		CreateAndSetChildDomain (169ms)
	RebuildCommonClasses (59ms)
	RebuildNativeTypeToScriptingClass (23ms)
	initialDomainReloadingComplete (513ms)
	LoadAllAssembliesAndSetupDomain (1863ms)
		LoadAssemblies (1235ms)
		AnalyzeDomain (797ms)
			TypeCache.Refresh (577ms)
				TypeCache.ScanAssembly (548ms)
			BuildScriptInfoCaches (181ms)
			ResolveRequiredComponents (35ms)
	FinalizeReload (6829ms)
		SetupLoadedEditorAssemblies (0ms)
			InitializePlatformSupportModulesInManaged (44ms)
			BeforeProcessingInitializeOnLoad (559ms)
			ProcessInitializeOnLoadAttributes (5100ms)
			ProcessInitializeOnLoadMethodAttributes (678ms)
			AfterProcessingInitializeOnLoad (16ms)
		AwakeInstancesAfterBackupRestoration (44ms)
Start importing Packages/com.unity.render-pipelines.core/Tests/Editor/UnifiedRayTracing/TraceRays.urtshader using Guid(1142bbad8b9e8c44c83a9775ff120d37) (ScriptedImporter)Launched and connected shader compiler UnityShaderCompiler.exe after 0.03 seconds

Compiling Ray Tracing Shader "TraceRays.urtshader", keywords = <no keywords>
    finished in 0.05 seconds. Local cache hits 1, remote cache hits 0, compiled 0 platform variants
 -> (Import Result ID: '33f398bdfa7c10409c63e16472cf5448') in 0.1918492 seconds [static and dynamic dependencies]. Details - ImportResultOutputID=c318fb77de2db73647fab9e98851469d DependenciesID=c4b6cbf45f1a126b654d3ec43ff518b4 StaticDependenciesID=b7859538b7c8061be2c1df0681a26cec 
Start importing Packages/com.unity.render-pipelines.core/Runtime/Lighting/SurfaceCache/RisEstimation.urtshader using Guid(713f6141bd66a134383b787f2eaa7c11) (ScriptedImporter)
Compiling Ray Tracing Shader "RisEstimation.urtshader", keywords = <no keywords>
    finished in 0.00 seconds. Local cache hits 1, remote cache hits 0, compiled 0 platform variants
 -> (Import Result ID: '3e0794f61b814c58fba62fbdf018b2be') in 0.0616599 seconds [static and dynamic dependencies]. Details - ImportResultOutputID=eceb737164082aa5ea9ee5b30b9eb0ad DependenciesID=d73329633f0139446b7cd637b36b6fd8 StaticDependenciesID=1251c416255850dca778d66927462604 
Start importing Packages/com.unity.render-pipelines.core/Runtime/PathTracing/Shaders/LightmapShadowMaskIntegration.urtshader using Guid(d19f4f8a13b6edb48b986a47ec96402e) (ScriptedImporter)
Compiling Ray Tracing Shader "LightmapShadowMaskIntegration.urtshader", keywords = <no keywords>
    finished in 0.00 seconds. Local cache hits 1, remote cache hits 0, compiled 0 platform variants
 -> (Import Result ID: 'f245faaebb45e24d73ea768da04f8d41') in 0.0861022 seconds [static and dynamic dependencies]. Details - ImportResultOutputID=5e53dd02842c7495c53e3d1bc7a78ddc DependenciesID=db81e65f389a69c4574c50cd7e5e276d StaticDependenciesID=dddefbaa39ba5d51a386df5433e82fa1 
Start importing Packages/com.unity.render-pipelines.core/Runtime/PathTracing/Shaders/LightmapGBufferDebug.urtshader using Guid(737a1597422c12547a8714d76a9406ec) (ScriptedImporter)
Compiling Ray Tracing Shader "LightmapGBufferDebug.urtshader", keywords = <no keywords>
    finished in 0.00 seconds. Local cache hits 1, remote cache hits 0, compiled 0 platform variants
 -> (Import Result ID: 'e5c06b1d2dad6f7975fe60b947e94539') in 0.0231726 seconds [static and dynamic dependencies]. Details - ImportResultOutputID=e0c24e325b6a556ed6c8a59b48713ca2 DependenciesID=baf99c66c6069e7b579c55cd6b4cdb96 StaticDependenciesID=62194a0448f2b8616e1214fb593272db 
Start importing Packages/com.unity.render-pipelines.core/Runtime/PathTracing/Shaders/LightmapNormalIntegration.urtshader using Guid(1451d029813b192429211be28181beab) (ScriptedImporter)
Compiling Ray Tracing Shader "LightmapNormalIntegration.urtshader", keywords = <no keywords>
    finished in 0.00 seconds. Local cache hits 1, remote cache hits 0, compiled 0 platform variants
 -> (Import Result ID: 'ce972ba09ce3ff2cbf02665ead7cd8ab') in 0.0225698 seconds [static and dynamic dependencies]. Details - ImportResultOutputID=f3ad37befedec87f4be431be1f35efde DependenciesID=7812c5e79d5bc15a69d0e20c9928e52b StaticDependenciesID=cbe3820d9825e61936c3967ec27e4e90 
Start importing Packages/com.unity.render-pipelines.core/Editor/Lighting/ProbeVolume/RenderingLayerMask/TraceRenderingLayerMask.urtshader using Guid(94a070d33e408384bafc1dea4a565df9) (ScriptedImporter)
Compiling Ray Tracing Shader "TraceRenderingLayerMask.urtshader", keywords = <no keywords>
    finished in 0.00 seconds. Local cache hits 1, remote cache hits 0, compiled 0 platform variants
 -> (Import Result ID: '6c2cfebc6165a04b035d10bc02129e6b') in 0.0317662 seconds [static and dynamic dependencies]. Details - ImportResultOutputID=0dc2dececef44bfb87e215abcba869e8 DependenciesID=16de5d81d8af1d6c5b7e34df569e403b StaticDependenciesID=83d03f1fcc976b11b697d3bab0b97d8c 
Start importing Packages/com.unity.render-pipelines.core/Runtime/Lighting/SurfaceCache/UniformEstimation.urtshader using Guid(94a39d12848d8d64ca962a72b74e7c50) (ScriptedImporter)
Compiling Ray Tracing Shader "UniformEstimation.urtshader", keywords = <no keywords>
    finished in 0.00 seconds. Local cache hits 1, remote cache hits 0, compiled 0 platform variants
 -> (Import Result ID: '82d95866967d7d448c23bb0d2fb10000') in 0.023325 seconds [static and dynamic dependencies]. Details - ImportResultOutputID=208dd87ba38690ecbdd8ce2ef3a42322 DependenciesID=d6ea983cec9f32cfce64242dd4b8eecc StaticDependenciesID=f100dc97879ef35876f7ad5427566dd9 
Start importing Packages/com.unity.render-pipelines.core/Tests/Editor/UnifiedRayTracing/TraceTransparentRays.urtshader using Guid(6513c3b892e933c4f8d00c19d5c47532) (ScriptedImporter)
Compiling Ray Tracing Shader "TraceTransparentRays.urtshader", keywords = <no keywords>
    finished in 0.00 seconds. Local cache hits 1, remote cache hits 0, compiled 0 platform variants
 -> (Import Result ID: 'bc209695f9cf005a88d081252f657429') in 0.0146006 seconds [static and dynamic dependencies]. Details - ImportResultOutputID=91bbc23bfffb7105b2b114873efdb1f2 DependenciesID=6945867d669fd72bb85a201c6705b033 StaticDependenciesID=5e41b194f27d8b70c797e75555e2b1f0 
Start importing Packages/com.unity.render-pipelines.core/Runtime/PathTracing/Shaders/LightmapIndirectIntegration.urtshader using Guid(7624adbeb148b5c48ab5ab660cc2602a) (ScriptedImporter)
Compiling Ray Tracing Shader "LightmapIndirectIntegration.urtshader", keywords = <no keywords>
    finished in 0.00 seconds. Local cache hits 1, remote cache hits 0, compiled 0 platform variants
 -> (Import Result ID: '67e8c330902cd5e732e06c94bd0f7618') in 0.0267549 seconds [static and dynamic dependencies]. Details - ImportResultOutputID=f09eeff93767bc2d4ca4231c8567847d DependenciesID=a6bfb09c833f569387ed01fe5be7f68d StaticDependenciesID=6d19372de11b03798f093933090e79bb 
Start importing Packages/com.unity.render-pipelines.core/Runtime/PathTracing/Shaders/LightmapGBufferIntegration.urtshader using Guid(e9f4de6d1e07fb94f9a60d35b618f724) (ScriptedImporter)
Compiling Ray Tracing Shader "LightmapGBufferIntegration.urtshader", keywords = <no keywords>
    finished in 0.00 seconds. Local cache hits 1, remote cache hits 0, compiled 0 platform variants
 -> (Import Result ID: 'c0f4b2582ffcf2c2ff54d4177df54ac3') in 0.0226478 seconds [static and dynamic dependencies]. Details - ImportResultOutputID=1c0e528a9979685af5e087a9161fbef3 DependenciesID=6581769ff26ea9b7b14b553554989a7c StaticDependenciesID=66dc06979910318021783fcb4ccd3ecc 
Start importing Packages/com.unity.render-pipelines.core/Editor/Lighting/ProbeVolume/DynamicGI/DynamicGISkyOcclusion.urtshader using Guid(5a2a534753fbdb44e96c3c78b5a6999d) (ScriptedImporter)
Compiling Ray Tracing Shader "DynamicGISkyOcclusion.urtshader", keywords = <no keywords>
    finished in 0.06 seconds. Local cache hits 1, remote cache hits 0, compiled 0 platform variants
 -> (Import Result ID: 'a86cbfdaed43755cb737c6394f2f7dd8') in 0.0858901 seconds [static and dynamic dependencies]. Details - ImportResultOutputID=a874898d18eae9e00b79828747828672 DependenciesID=16df158a22f4c8051a6679df21bb6f16 StaticDependenciesID=18974378deb0e4fc540e6b2321b0ff13 
Start importing Packages/com.unity.render-pipelines.core/Runtime/PathTracing/Shaders/LightmapDirectIntegration.urtshader using Guid(5bbebdef5916845478fcef13fa10d89f) (ScriptedImporter)
Compiling Ray Tracing Shader "LightmapDirectIntegration.urtshader", keywords = <no keywords>
    finished in 0.00 seconds. Local cache hits 1, remote cache hits 0, compiled 0 platform variants
 -> (Import Result ID: 'dad1bd87862ce17b1a6f9b60244690d8') in 0.0242626 seconds [static and dynamic dependencies]. Details - ImportResultOutputID=575772a2c318afcd1a335e99619769d8 DependenciesID=4dbce75b84537949726dd242cfb94486 StaticDependenciesID=63188f79534be5f4b9e074ad4af5bfb7 
Start importing Packages/com.unity.render-pipelines.core/Tests/Editor/UnifiedRayTracing/TraceRaysAndFetchAttributes.urtshader using Guid(fbc59f55df2416344b008dc23753cae2) (ScriptedImporter)
Compiling Ray Tracing Shader "TraceRaysAndFetchAttributes.urtshader", keywords = <no keywords>
    finished in 0.00 seconds. Local cache hits 1, remote cache hits 0, compiled 0 platform variants
 -> (Import Result ID: 'e7d10f853c78da67c2d4f837eb8ca0a1') in 0.0252689 seconds [static and dynamic dependencies]. Details - ImportResultOutputID=4a191d661b3d19bc4a36fd8aa98bb84f DependenciesID=1a1ad1f36cae5eba17a1cef34e1e16e8 StaticDependenciesID=aa8291e86ea82085a643681c1c779d39 
Start importing Packages/com.unity.render-pipelines.core/Runtime/PathTracing/Shaders/LightmapAOIntegration.urtshader using Guid(1c410815c01ce1d4d82c645c0cd45747) (ScriptedImporter)
Compiling Ray Tracing Shader "LightmapAOIntegration.urtshader", keywords = <no keywords>
    finished in 0.00 seconds. Local cache hits 1, remote cache hits 0, compiled 0 platform variants
 -> (Import Result ID: '7b740e58b85665f099cfd3e5419aa5dc') in 0.0262298 seconds [static and dynamic dependencies]. Details - ImportResultOutputID=6e193c7fad6abe3f3874d7d6f1463481 DependenciesID=e72323d3c7187fd5422b976e024d74e6 StaticDependenciesID=bcaf3aac9727a2ca27155e619d011e5f 
Start importing Packages/com.unity.render-pipelines.core/Runtime/PathTracing/Shaders/ProbeIntegrationValidity.urtshader using Guid(2c32233d92a2d0745930664c087c5c9a) (ScriptedImporter)
Compiling Ray Tracing Shader "ProbeIntegrationValidity.urtshader", keywords = <no keywords>
    finished in 0.00 seconds. Local cache hits 1, remote cache hits 0, compiled 0 platform variants
 -> (Import Result ID: 'e33da5794499a03236819bc23dbe3dc4') in 0.0226522 seconds [static and dynamic dependencies]. Details - ImportResultOutputID=d935b17231a0a22067d89f21ab9c2798 DependenciesID=cc1a0c0428cf7c676e0b3197f9173821 StaticDependenciesID=4aea10376946a8225ccdfdec15a70dac 
Start importing Packages/com.unity.render-pipelines.core/Runtime/PathTracing/Shaders/LightmapValidityIntegration.urtshader using Guid(ace95ac84e213794891b4bd7c9b3c158) (ScriptedImporter)
Compiling Ray Tracing Shader "LightmapValidityIntegration.urtshader", keywords = <no keywords>
    finished in 0.00 seconds. Local cache hits 1, remote cache hits 0, compiled 0 platform variants
 -> (Import Result ID: '2afc97fdb6ed91bdf651e0ae5f6d3b94') in 0.0351728 seconds [static and dynamic dependencies]. Details - ImportResultOutputID=f7002ecb1d7cf6ba26b81594bf688948 DependenciesID=44c876861aeaaad98c736054441de774 StaticDependenciesID=46d905dacc01197a8e043a8ad4f9d21d 
Start importing Packages/com.unity.render-pipelines.core/Runtime/Lighting/SurfaceCache/RestirCandidateTemporal.urtshader using Guid(ad3a9f9982f8c4f4a839a78955e78458) (ScriptedImporter)
Compiling Ray Tracing Shader "RestirCandidateTemporal.urtshader", keywords = <no keywords>
    finished in 0.00 seconds. Local cache hits 1, remote cache hits 0, compiled 0 platform variants
 -> (Import Result ID: '7a88537960c967378283b95eb6bfd77a') in 0.0229093 seconds [static and dynamic dependencies]. Details - ImportResultOutputID=5682df992b9d47745a9b5d3f3fbcf3d2 DependenciesID=78a0f525e4751e3ae6e7570f333d8352 StaticDependenciesID=2beaac54fac463ee5ee15c00b0990d01 
Start importing Packages/com.unity.render-pipelines.core/Runtime/PathTracing/Shaders/ProbeIntegrationIndirect.urtshader using Guid(5ecdabd800f05984696f22ba95284516) (ScriptedImporter)
Compiling Ray Tracing Shader "ProbeIntegrationIndirect.urtshader", keywords = <no keywords>
    finished in 0.00 seconds. Local cache hits 1, remote cache hits 0, compiled 0 platform variants
 -> (Import Result ID: 'f51aca4d67869a41150f3e0a8e3bdc15') in 0.0406748 seconds [static and dynamic dependencies]. Details - ImportResultOutputID=9b755da8d53ee6bb90c5cd2610a8961c DependenciesID=b62f52344154070230c3cd7a53f26643 StaticDependenciesID=83ecbbd61911181b4944eb7ac9eabee5 
Start importing Packages/com.unity.render-pipelines.core/Tests/Runtime/PathTracing/PathIteratorTest.urtshader using Guid(6e0b547bab30a804c8123974120d583f) (ScriptedImporter)
Compiling Ray Tracing Shader "PathIteratorTest.urtshader", keywords = <no keywords>
    finished in 0.00 seconds. Local cache hits 1, remote cache hits 0, compiled 0 platform variants
 -> (Import Result ID: '500f35121367e5c7e958cfb9d9a29a64') in 0.0348066 seconds [static and dynamic dependencies]. Details - ImportResultOutputID=8d0df153da311f7d10e1500823ef010c DependenciesID=30dba2cb67a2cd2adb3f577c231d71f9 StaticDependenciesID=cf2a33ce9b71ea08a4459556694e1323 
Start importing Packages/com.unity.render-pipelines.core/Runtime/PathTracing/Shaders/LiveGI.urtshader using Guid(ceb7a31b84722d144bbeff1c8cd88769) (ScriptedImporter)
Compiling Ray Tracing Shader "LiveGI.urtshader", keywords = <no keywords>
    finished in 0.00 seconds. Local cache hits 1, remote cache hits 0, compiled 0 platform variants
 -> (Import Result ID: 'a74720dc4b3e01c6956e9a23f3fef792') in 0.0288024 seconds [static and dynamic dependencies]. Details - ImportResultOutputID=b7b0361b445e4d63e4c025ef6477c385 DependenciesID=80daf8d3ed4d3722d8ec04bb2b08e853 StaticDependenciesID=628001b751fe9fddf64a203b1446575e 
Start importing Packages/com.unity.render-pipelines.core/Runtime/PathTracing/Shaders/ProbeIntegrationOcclusion.urtshader using Guid(de3013e16d99f2746ab1735ec06a660b) (ScriptedImporter)
Compiling Ray Tracing Shader "ProbeIntegrationOcclusion.urtshader", keywords = <no keywords>
    finished in 0.00 seconds. Local cache hits 1, remote cache hits 0, compiled 0 platform variants
 -> (Import Result ID: 'e85389a39c7b98508fbacb7957d65688') in 0.0234476 seconds [static and dynamic dependencies]. Details - ImportResultOutputID=0b84ff315b8a5318a99b10956e4c5d4e DependenciesID=71548de73cf28ea4ad8faa250dda4e5f StaticDependenciesID=183f3d853e4af89ec08f4e79696e167d 
Start importing Packages/com.unity.render-pipelines.core/Runtime/PathTracing/Shaders/ProbeIntegrationDirect.urtshader using Guid(1f9bfe60b4ad75943a5281839c1a4e5c) (ScriptedImporter)
Compiling Ray Tracing Shader "ProbeIntegrationDirect.urtshader", keywords = <no keywords>
    finished in 0.00 seconds. Local cache hits 1, remote cache hits 0, compiled 0 platform variants
 -> (Import Result ID: '25964f87db05586a640fad2d9cc15939') in 0.0251151 seconds [static and dynamic dependencies]. Details - ImportResultOutputID=efae7c68c01649f56dbb0e593d0167d0 DependenciesID=f079aadab5140229f59b2610f71b3fa7 StaticDependenciesID=d3f99f9cc1ae2c0c0147c2fa8da668fc 
Start importing Packages/com.unity.render-pipelines.core/Editor/Lighting/ProbeVolume/VirtualOffset/TraceVirtualOffset.urtshader using Guid(ff2cbab5da58bf04d82c5f34037ed123) (ScriptedImporter)
Compiling Ray Tracing Shader "TraceVirtualOffset.urtshader", keywords = <no keywords>
    finished in 0.00 seconds. Local cache hits 1, remote cache hits 0, compiled 0 platform variants
 -> (Import Result ID: 'a57c84c41270216125416ad4640d4f06') in 0.0189438 seconds [static and dynamic dependencies]. Details - ImportResultOutputID=734d0cfdf242e2376dd95fc0e7c01a88 DependenciesID=64a4d613723520d2612b3ca586afd1d2 StaticDependenciesID=f51ff46b48d84884c883ac486ebfd7f9 
Refreshing native plugins compatible for Editor in 8.10 ms, found 5 plugins.
(Values over 0.050ms)
Asset Pipeline Refresh (id=4ee7bdf9bf060b84a939ed4fb6ff5872): Total: 44.353 seconds - Initiated by InitialRefreshV2(ForceSynchronousImport)
	Summary:
		Imports: total=23 (actual=23, local cache=0, cache server=0)
		Asset DB Process Time: managed=7 ms, native=17025 ms
		Asset DB Callback time: managed=552 ms, native=443 ms
		Scripting: domain reloads=1, domain reload time=2947 ms, compile time=23048 ms, other=326 ms
		Project Asset Count: scripts=2679, non-scripts=7668
		Asset File Changes: new=0, changed=1, moved=0, deleted=0
		Scan Filter Count: 0
	InvokePackagesCallback: 53.118ms
	ApplyChangesToAssetFolders: 1.074ms
	Scan: 7651.373ms
	OnSourceAssetsModified: 1.237ms
	CategorizeScriptCompilationAssets: 489.699ms
	ProcessAssetsWithTransientArtifactChanges: 234.506ms
	CategorizeAssets: 200.735ms
	CompileScripts: 23047.883ms
	ImportOutOfDateAssets: 7828.923ms (6872.104ms without children)
		ImportManagerImport: 949.342ms (3.291ms without children)
			UpdateCategorizedAssets: 2.176ms
		UnloadImportedAssets: 3.267ms
		ReloadImportedAssets: 6.078ms
		EnsureUptoDateAssetsAreRegisteredWithGuidPM: 2.270ms
		OnDemandSchedulerStart: 1.868ms
	PostProcessAllAssets: 933.898ms
		ComputeShaderImportPostprocess 218.484ms
		RaytracingShaderImportPostprocess 156.494ms
		VCAutoAddAssetPostprocess 2.379ms
		XRBuildSystem.XRAssetImported 1.958ms
		ShaderAssetModifiedCallback 0.097ms
		PostProcessCallbackCreateDeferredMaterials 0.093ms
		MonoPostProcessAllAssets: 551.930ms
			AssetPostprocessor.OnPostprocessAllAssets 388.720ms
			StyleCatalogPostProcessor.OnPostprocessAllAssets 39.590ms
			UniversalRenderPipelineGlobalSettingsPostprocessor.OnPostprocessAllAssets 35.413ms
			AssetChangedListener.OnPostprocessAllAssets 11.041ms
			BuilderAssetPostprocessor.OnPostprocessAllAssets 9.478ms
			ShaderGraphAssetPostProcessor.OnPostprocessAllAssets 9.377ms
			LocalizationAssetPostProcessor.OnPostprocessAllAssets 4.968ms
			SpeedTree9Postprocessor.OnPostprocessAllAssets 4.930ms
			WindowAssetPostprocessingWatcher.OnPostprocessAllAssets 3.934ms
			VFXGraphPreprocessor.OnPostprocessAllAssets 2.753ms
			RetainedModeAssetPostprocessor.OnPostprocessAllAssets 2.714ms
			MaterialPostprocessor.OnPostprocessAllAssets 1.781ms
			AddressablesAssetPostProcessor.OnPostprocessAllAssets 1.505ms
			RenderPipelineGlobalSettingsPostprocessor.OnPostprocessAllAssets 1.330ms
			InputActionAssetPostprocessor.OnPostprocessAllAssets 1.201ms
			InputActionJsonNameModifierAssetProcessor.OnPostprocessAllAssets 0.982ms
			AssetPathToTypes.OnPostprocessAllAssets 0.934ms
			TextAssetPostProcessor.OnPostprocessAllAssets 0.890ms
			ArtifactBrowserPostProcessor.OnPostprocessAllAssets 0.736ms
			TMPro_TexturePostProcessor.OnPostprocessAllAssets 0.677ms
			PostProcessor.OnPostprocessAllAssets 0.620ms
			ReferencedClipsPostProcessor.OnPostprocessAllAssets 0.593ms
			TerrainToolbarOverlayPostProcessor.OnPostprocessAllAssets 0.586ms
			UVCSAssetPostprocessor.OnPostprocessAllAssets 0.571ms
			CinemachineSettings.OnPostprocessAllAssets 0.457ms
			ModelAssetProcessor.OnPostprocessAllAssets 0.452ms
			AudioMixerPostprocessor.OnPostprocessAllAssets 0.427ms
			SpeedTreePostProcessor.OnPostprocessAllAssets 0.368ms
			AssetEvents.OnPostprocessAllAssets 0.336ms
			ProjectSettingsPostprocessor.OnPostprocessAllAssets 0.325ms
			AssetDatabaseCallbacks.OnPostprocessAllAssets 0.280ms
			SamplePostprocessor.OnPostprocessAllAssets 0.258ms
			SyncVS.PostprocessSyncProject 0.243ms
			ConfigAssetsTracker.OnPostprocessAllAssets 0.236ms
			ScenarioDriftAssetsTracker.OnPostprocessAllAssets 0.224ms
			AudioContainerPostProcessor.OnPostprocessAllAssets 0.101ms
	PostAssetChangesProfiler: 12.572ms
	UnloadStreamsBegin: 6.161ms
	PersistCurrentRevisions: 0.935ms
	GenerateScriptTypeHashes: 6.981ms
	GenerateScriptTypeSerializationHashes: 11.734ms
	Untracked: 3882.815ms

Application.AssetDatabase Initial Refresh End
Scanning for USB devices : 6.822ms
Initializing Unity extensions:
Unloading 104 Unused Serialized files (Serialized files now loaded: 0)
Unloading 11497 unused Assets / (25.6 MB). Loaded Objects now: 12386.
Memory consumption went from 327.0 MB to 301.5 MB.
Total: 39.857500 ms (FindLiveObjects: 2.360500 ms CreateObjectMapping: 3.936900 ms MarkObjects: 12.949600 ms  DeleteObjects: 19.794900 ms)

[ScriptCompilation] Requested script compilation because: Requested through public api
Compilation requested
UnityEngine.Debug:ExtractStackTraceNoAlloc (byte*,int,string)
UnityEngine.StackTraceUtility:ExtractStackTrace ()
UnityEngine.DebugLogHandler:Internal_Log (UnityEngine.LogType,UnityEngine.LogOption,string,UnityEngine.Object)
UnityEngine.DebugLogHandler:LogFormat (UnityEngine.LogType,UnityEngine.Object,string,object[])
UnityEngine.Logger:Log (UnityEngine.LogType,object)
UnityEngine.Debug:Log (object)
TestCompile:CompileTest () (at Assets/Scripts/TestCompile.cs:11)

(Filename: Assets/Scripts/TestCompile.cs Line: 11)

Batchmode quit successfully invoked - shutting down!
Curl error 42: Callback aborted
Font Asset [LiberationSans SDF - Fallback] Units Per EM set to 2048. Please commit the newly serialized value.
UnityEngine.Debug:ExtractStackTraceNoAlloc (byte*,int,string)
UnityEngine.StackTraceUtility:ExtractStackTrace ()
UnityEngine.DebugLogHandler:Internal_Log (UnityEngine.LogType,UnityEngine.LogOption,string,UnityEngine.Object)
UnityEngine.DebugLogHandler:LogFormat (UnityEngine.LogType,UnityEngine.Object,string,object[])
UnityEngine.Logger:Log (UnityEngine.LogType,object)
UnityEngine.Debug:Log (object)
TMPro.TMP_FontAsset:ReadFontAssetDefinition () (at ./Library/PackageCache/com.unity.ugui@1f2d1ab0d950/Runtime/TMP/TMP_FontAsset.cs:820)
TMPro.TMP_FontAsset:OnValidate () (at ./Library/PackageCache/com.unity.ugui@1f2d1ab0d950/Runtime/TMP/TMP_FontAsset.cs:758)
UnityEditor.AssetDatabase:LoadAssetAtPath (string,System.Type)
UnityEditor.AssetDatabase:LoadAssetAtPath<TMPro.TMP_FontAsset> (string)
TMPro.EditorEventCallbacks/<>c:<InitializeFontAssetResourceChangeCallBacks>b__0_0 () (at ./Library/PackageCache/com.unity.ugui@1f2d1ab0d950/Editor/TMP/TMP_EditorResourceManager.cs:32)
UnityEditor.EditorApplication:Internal_EditorApplicationQuit ()

(Filename: ./Library/PackageCache/com.unity.ugui@1f2d1ab0d950/Runtime/TMP/TMP_FontAsset.cs Line: 820)

Start importing ProjectSettings/EditorBuildSettings.asset using Guid(0000000000000000b000000000000000) (LibraryAssetImporter) -> (Import Result ID: 'bd52947ed447db5b1a3fd28b4c69231b') in 0.0161955 seconds [static dependencies only]. Details - ImportResultOutputID=d777934f36c664454d62eda103573334 DependenciesID=6e07365756e0b154cce5b039bbda3d76 StaticDependenciesID=92333616223ccd73505ef5204746baf5 
Refreshing native plugins compatible for Editor in 5.86 ms, found 5 plugins.
Asset Pipeline Refresh (id=4766aefcdd4aecf499e42e99ba7ac010): Total: 0.206 seconds - Initiated by StopAssetImportingV2(NoUpdateAssetOptions)
[Physics::Module] Cleanup current backend.
[Physics::Module] Id: 0xf2b8ea05
Input System module state changed to: ShutdownInProgress.
Input Polling Thread exited.
Input System module state changed to: Shutdown.
[Licensing::IpcConnector] LicenseClient-korea-notifications channel disconnected successfully.
[Licensing::IpcConnector] LicenseClient-korea channel disconnected successfully.
AcceleratorClientConnectionCallback - disconnected - :0
Cleanup mono
CodeReloadManager destroyed
abort_threads: Failed aborting id: 0000000000001A28, mono_thread_manage will ignore it

abort_threads: Failed aborting id: 0000000000002E04, mono_thread_manage will ignore it

abort_threads: Failed aborting id: 0000000000002354, mono_thread_manage will ignore it

abort_threads: Failed aborting id: 0000000000002E04, mono_thread_manage will ignore it

abort_threads: Failed aborting id: 0000000000002354, mono_thread_manage will ignore it

abort_threads: Failed aborting id: 0000000000001A28, mono_thread_manage will ignore it

debugger-agent: Unable to listen on 3144
Exiting batchmode successfully now!
Exiting without the bug reporter. Application will terminate with return code 0