[Licensing::Module] Trying to connect to existing licensing client channel...
Built from '6000.4/staging' branch; Version is '6000.4.10f1 (feeafc12a938) revision 16706300'; Using compiler version '194234433'; Build Type 'Release'
[Licensing::IpcConnector] Successfully connected to: "LicenseClient-korea" at "2026-08-13T09:07:50.8140887Z"
OS: 'Windows 10  (10.0.19045) 64bit Core' Language: 'ko' Physical Memory: 7880 MB
BatchMode: 1, IsHumanControllingUs: 0, StartBugReporterOnCrash: 0, Is64bit: 1
System  architecture: x64
Process architecture: x64
Date: 2026-08-13T09:07:50Z
[Licensing::Client] Code 10 while verifying Licensing Client signature (process Id: 5416, path: "C:/Program Files/Unity/Hub/Editor/6000.4.10f1/Editor/Data/Resources/Licensing/Client/Unity.Licensing.Client.exe")
[Licensing::Module] LicensingClient has failed validation; ignoring
[Licensing::Client] Error: "Licensing::LicensingClient::SendReceiveAndDeserialize" was called, but Editor is not connected to Licensing Client
[Licensing::Module] Error: Failed to handshake to channel: "LicenseClient-korea"
[Licensing::IpcConnector] Successfully connected to: "LicenseClient-korea-6000.4.10" at "2026-08-13T09:07:50.9358491Z"
[Licensing::Client] Code 10 while verifying Licensing Client signature (process Id: 21496, path: "C:/Program Files/Unity/Hub/Editor/6000.4.10f1/Editor/Data/Resources/Licensing/Client/Unity.Licensing.Client.exe")
[Licensing::Module] LicensingClient has failed validation; ignoring
[Licensing::Client] Error: "Licensing::LicensingClient::SendReceiveAndDeserialize" was called, but Editor is not connected to Licensing Client
[Licensing::Module] Error: Failed to handshake to channel: "LicenseClient-korea-6000.4.10"
[Licensing::Module] Error: Licensing initialization failed after 0.13s

COMMAND LINE ARGUMENTS:
Unity.exe
-quit
-batchmode
-nographics
-projectPath
C:\Unity\code
-logFile
compile_check_new.log
Successfully changed project path to: C:\Unity\code
C:/Unity/code
Exiting without the bug reporter. Application will terminate with return code 1