[Licensing::Module] Trying to connect to existing licensing client channel...
Built from '6000.4/staging' branch; Version is '6000.4.10f1 (feeafc12a938) revision 16706300'; Using compiler version '194234433'; Build Type 'Release'
OS: 'Windows 10  (10.0.19045) 64bit Core' Language: 'ko' Physical Memory: 7880 MB
BatchMode: 1, IsHumanControllingUs: 0, StartBugReporterOnCrash: 0, Is64bit: 1
System  architecture: x64
Process architecture: x64
Date: 2026-09-11T02:01:15Z
[Licensing::IpcConnector] Successfully connected to: "LicenseClient-korea" at "2026-09-11T02:01:15.4283274Z"
[Licensing::Client] Code 10 while verifying Licensing Client signature (process Id: 6468, path: "C:/Program Files/Unity/Hub/Editor/6000.4.10f1/Editor/Data/Resources/Licensing/Client/Unity.Licensing.Client.exe")
[Licensing::Module] LicensingClient has failed validation; ignoring
[Licensing::Client] Handshaking with LicensingClient:
  Version:                 1.18.1+9fbee8e
  Session Id:              c0066022242b4567976ef3e1dede963f
  Correlation Id:          1e631e93fa7d0c0ac9048d15a0e97291
  External correlation Id: 7916259173582833459
  Machine Id:              5cJWr0XiXK4/b2/xsaHUUO6HAA8=
[Licensing::Module] Successfully connected to LicensingClient on channel: "LicenseClient-korea" (connect: 0.00s, validation: 0.00s, handshake: 0.17s)
[Licensing::IpcConnector] Successfully connected to: "LicenseClient-korea-notifications" at "2026-09-11T02:01:15.5978013Z"
[Licensing::Module] Error: Access token is unavailable; failed to update
[Licensing::Client] Successfully resolved entitlement details
[Licensing::Module] License group:
  Id: 14569764733855-UnityPersXXXX
  Product: Unity Personal
  Type: Assigned
  Expiration: Unlimited
[Licensing::Client] Successfully updated license, isAsync: True, time: 0.00
[Licensing::Client] Successfully resolved entitlement details
[Licensing::Module] Licensing Background thread has ended after 0.19s

COMMAND LINE ARGUMENTS:
Unity.exe
-quit
-batchmode
-projectPath
C:\Unity\code
-executeMethod
WeaponSwingDirectionAnalyzer.AnalyzeWeaponCombo2
-logFile
C:\Unity\code\swingdir.log
Successfully changed project path to: C:\Unity\code
C:/Unity/code
[UnityMemory] Configuration Parameters - Can be set up in boot.config
    "memorysetup-temp-allocator-size-gi-baking-worker=262144"
    "memorysetup-temp-allocator-size-gi-baking-worker=262144"
    "memorysetup-temp-allocator-size-gi-baking-worker=262144"
    "memorysetup-temp-allocator-size-gi-baking-worker=262144"
    "memorysetup-temp-allocator-size-gi-baking-worker=262144"
    "memorysetup-temp-allocator-size-nav-mesh-worker=65536"
    "memorysetup-temp-allocator-size-audio-worker=65536"
    "memorysetup-temp-allocator-size-cloud-worker=32768"
    "memorysetup-temp-allocator-size-gfx=262144"
    "memorysetup-temp-allocator-size-preload-manager=33554432"
    "memorysetup-temp-allocator-size-job-worker=262144"
    "memorysetup-temp-allocator-size-background-worker=32768"
    "memorysetup-allocator-temp-initial-block-size-main=262144"
    "memorysetup-allocator-temp-initial-block-size-worker=262144"
    "memorysetup-bucket-allocator-granularity=16"
    "memorysetup-bucket-allocator-bucket-count=8"
    "memorysetup-bucket-allocator-block-size=33554432"
    "memorysetup-bucket-allocator-block-count=8"
    "memorysetup-main-allocator-block-size=16777216"
    "memorysetup-thread-allocator-block-size=16777216"
    "memorysetup-gfx-main-allocator-block-size=16777216"
    "memorysetup-gfx-thread-allocator-block-size=16777216"
    "memorysetup-cache-allocator-block-size=4194304"
    "memorysetup-typetree-allocator-block-size=2097152"
    "memorysetup-profiler-bucket-allocator-granularity=16"
    "memorysetup-profiler-bucket-allocator-bucket-count=8"
    "memorysetup-profiler-bucket-allocator-block-size=33554432"
    "memorysetup-profiler-bucket-allocator-block-count=8"
    "memorysetup-profiler-allocator-block-size=16777216"
    "memorysetup-profiler-editor-allocator-block-size=1048576"
    "memorysetup-temp-allocator-size-main=16777216"
    "memorysetup-job-temp-allocator-block-size=2097152"
    "memorysetup-job-temp-allocator-block-size-background=1048576"
    "memorysetup-job-temp-allocator-reduction-small-platforms=262144"
Player connection [2596]  Target information:

Player connection [2596]  * "[IP] 172.21.112.1 [Port] 55504 [Flags] 2 [Guid] 1816328173 [EditorId] 1816328173 [Version] 1048832 [Id] WindowsEditor(7,DESKTOP-N0QMTC3) [Debug] 1 [PackageName] WindowsEditor [ProjectName] Editor" 

Player connection [2596]  * "[IP] 192.168.219.108 [Port] 55504 [Flags] 2 [Guid] 1816328173 [EditorId] 1816328173 [Version] 1048832 [Id] WindowsEditor(7,DESKTOP-N0QMTC3) [Debug] 1 [PackageName] WindowsEditor [ProjectName] Editor" 

Player connection [2596] Host joined multi-casting on [225.0.0.222:54997]...
Player connection [2596] Host joined alternative multi-casting on [225.0.0.222:34997]...
Input System module state changed to: Initialized.
[Physics::Module] Initialized fallback backend.
[Physics::Module] Id: 0xdecafbad
[Package Manager] Connected to IPC stream "Upm-10584" after 0.3 seconds.
[Licensing::Client] Successfully resolved entitlement details
Library Redirect Path: Library/
[Physics::Module] Selected backend.
[Physics::Module] Name: PhysX
[Physics::Module] Id: 0xf2b8ea05
[Physics::Module] SDK Version: 4.1.2
[Physics::Module] Integration Version: 1.0.0
[Physics::Module] Threading Mode: Multi-Threaded
Refreshing native plugins compatible for Editor in 2.30 ms, found 0 plugins.
Initialize engine version: 6000.4.10f1 (feeafc12a938)
[Subsystems] Discovering subsystems at path C:/Program Files/Unity/Hub/Editor/6000.4.10f1/Editor/Data/Resources/UnitySubsystems
[Subsystems] Discovering subsystems at path C:/Unity/code/Assets
GfxDevice: creating device client; kGfxThreadingModeNonThreaded
d3d12: failed to query info queue interface (0x80004002).
Direct3D:
    Version:         Direct3D 12 [level 12.1]
    Renderer:        Intel(R) HD Graphics 530 (ID=0x1912)
    Vendor:          Intel
    VRAM:            3940 MB
    App VRAM Budget: 3546 MB
    Driver:          25.20.100.6577
    Unified Memory Architecture
    Cache Coherent UMA
Initialize mono
Mono path[0] = 'C:/Program Files/Unity/Hub/Editor/6000.4.10f1/Editor/Data/Managed'
Mono path[1] = 'C:/Program Files/Unity/Hub/Editor/6000.4.10f1/Editor/Data/MonoBleedingEdge/lib/mono/unityjit-win32'
Mono config path = 'C:/Program Files/Unity/Hub/Editor/6000.4.10f1/Editor/Data/MonoBleedingEdge/etc'
Using monoOptions --debugger-agent=transport=dt_socket,embedding=1,server=y,suspend=n,address=127.0.0.1:56584
CodeReloadManager initialized
Using cacheserver namespaces - metadata:defaultmetadata, artifacts:defaultartifacts
Using cacheserver namespaces - metadata:defaultmetadata, artifacts:defaultartifacts
ImportWorker Server TCP listen port: 0
AcceleratorClientConnectionCallback - disconnected - :0
Begin MonoManager ReloadAssembly
Registering precompiled unity dll's ...
Register platform support module: C:/Program Files/Unity/Hub/Editor/6000.4.10f1/Editor/Data/PlaybackEngines/WebGLSupport/UnityEditor.WebGL.Extensions.dll
Register platform support module: C:/Program Files/Unity/Hub/Editor/6000.4.10f1/Editor/Data/PlaybackEngines/WindowsStandaloneSupport/UnityEditor.WindowsStandalone.Extensions.dll
Registered in 0.012413 seconds.
Native extension for WindowsStandalone target not found
Native extension for WebGL target not found
Package Manager log level set to [2]
ScheduleIndexationOnStartup MainProcess:False IndexOnStartup:True
Mono: successfully reloaded assembly
- Finished resetting the current domain, in  1.318 seconds
Domain Reload Profiling: 2797ms
	BeginReloadAssembly (621ms)
		CreateAndSetChildDomain (10ms)
	RebuildCommonClasses (130ms)
	RebuildNativeTypeToScriptingClass (26ms)
	initialDomainReloadingComplete (151ms)
	LoadAllAssembliesAndSetupDomain (548ms)
		LoadAssemblies (615ms)
		AnalyzeDomain (513ms)
			TypeCache.Refresh (511ms)
				TypeCache.ScanAssembly (466ms)
	FinalizeReload (1320ms)
		SetupLoadedEditorAssemblies (0ms)
			InitializePlatformSupportModulesInManaged (133ms)
			BeforeProcessingInitializeOnLoad (192ms)
			ProcessInitializeOnLoadAttributes (308ms)
			ProcessInitializeOnLoadMethodAttributes (523ms)
[Licensing::Client] Successfully resolved entitlement details
Application.AssetDatabase Initial Refresh Start
[Package Manager] Restoring resolved packages state from cache
[Licensing::Client] Successfully resolved entitlement details
[Package Manager] Registered 70 packages:
  Packages from [https://packages.unity.com]:
    com.unity.animation.rigging@1.4.1 (location: C:\Unity\code\Library\PackageCache\com.unity.animation.rigging@ae5f251e1ed4)
    com.unity.cinemachine@3.1.3 (location: C:\Unity\code\Library\PackageCache\com.unity.cinemachine@624f919d8cdd)
    com.unity.cloud.gltfast@6.9.1 (location: C:\Unity\code\Library\PackageCache\com.unity.cloud.gltfast@161e8e5e9cfb)
    com.unity.collab-proxy@2.12.4 (location: C:\Unity\code\Library\PackageCache\com.unity.collab-proxy@0b1559bcd34e)
    com.unity.inputsystem@1.19.0 (location: C:\Unity\code\Library\PackageCache\com.unity.inputsystem@21a28c3a6c83)
    com.unity.localization@1.5.3 (location: C:\Unity\code\Library\PackageCache\com.unity.localization@aa064bb50234)
    com.unity.timeline@1.8.12 (location: C:\Unity\code\Library\PackageCache\com.unity.timeline@8cd8509afae5)
    com.unity.visualscripting@1.9.11 (location: C:\Unity\code\Library\PackageCache\com.unity.visualscripting@8bed5ad90189)
    com.unity.searcher@4.9.4 (location: C:\Unity\code\Library\PackageCache\com.unity.searcher@d45a78918735)
    com.unity.ai.inference@2.6.1 (location: C:\Unity\code\Library\PackageCache\com.unity.ai.inference@9a123aee5df7)
    com.unity.burst@1.8.29 (location: C:\Unity\code\Library\PackageCache\com.unity.burst@6bb9aca3ef38)
    com.unity.mathematics@1.3.3 (location: C:\Unity\code\Library\PackageCache\com.unity.mathematics@19a9377c4ffa)
    com.unity.addressables@2.9.1 (location: C:\Unity\code\Library\PackageCache\com.unity.addressables@8460f1c9c927)
    com.unity.nuget.newtonsoft-json@3.2.2 (location: C:\Unity\code\Library\PackageCache\com.unity.nuget.newtonsoft-json@4dfd81071c64)
    com.unity.ide.visualstudio@2.0.27 (location: C:\Unity\code\Library\PackageCache\com.unity.ide.visualstudio@dc1ddd4f09b6)
    com.unity.ide.rider@3.0.40 (location: C:\Unity\code\Library\PackageCache\com.unity.ide.rider@e4950c6d131b)
    com.unity.editorcoroutines@1.1.0 (location: C:\Unity\code\Library\PackageCache\com.unity.editorcoroutines@87a15ed012c2)
    com.unity.performance.profile-analyzer@1.3.4 (location: C:\Unity\code\Library\PackageCache\com.unity.performance.profile-analyzer@418130329099)
    com.unity.testtools.codecoverage@1.3.0 (location: C:\Unity\code\Library\PackageCache\com.unity.testtools.codecoverage@19a841221620)
    com.unity.splines@2.8.4 (location: C:\Unity\code\Library\PackageCache\com.unity.splines@9b00833aca09)
    com.unity.dt.app-ui@2.1.1 (location: C:\Unity\code\Library\PackageCache\com.unity.dt.app-ui@8ac7e730dd5d)
    com.unity.nuget.mono-cecil@1.11.6 (location: C:\Unity\code\Library\PackageCache\com.unity.nuget.mono-cecil@ecb9724e46ff)
    com.unity.test-framework.performance@3.4.0 (location: C:\Unity\code\Library\PackageCache\com.unity.test-framework.performance@aa81a99c4a75)
    com.unity.profiling.core@1.0.3 (location: C:\Unity\code\Library\PackageCache\com.unity.profiling.core@8a49f7027d06)
    com.unity.scriptablebuildpipeline@2.6.1 (location: C:\Unity\code\Library\PackageCache\com.unity.scriptablebuildpipeline@36e3b5898ee2)
    com.unity.settings-manager@2.1.1 (location: C:\Unity\code\Library\PackageCache\com.unity.settings-manager@0b8638c5ce86)
  Built-in packages:
    com.unity.feature.development@1.0.2 (location: C:\Unity\code\Library\PackageCache\com.unity.feature.development@767aadbc6eb7)
    com.unity.render-pipelines.core@17.4.0 (location: C:\Unity\code\Library\PackageCache\com.unity.render-pipelines.core@5aab14b68499)
    com.unity.render-pipelines.universal@17.4.0 (location: C:\Unity\code\Library\PackageCache\com.unity.render-pipelines.universal@cdf909593d80)
    com.unity.render-pipelines.universal-config@17.4.0 (location: C:\Unity\code\Library\PackageCache\com.unity.render-pipelines.universal-config@0db4263b9e6b)
    com.unity.sentis@2.2.0 (location: C:\Unity\code\Library\PackageCache\com.unity.sentis@eef1e5173b44)
    com.unity.shadergraph@17.4.0 (location: C:\Unity\code\Library\PackageCache\com.unity.shadergraph@93ee0fdc6ad8)
    com.unity.test-framework@1.6.0 (location: C:\Unity\code\Library\PackageCache\com.unity.test-framework@996f223345ba)
    com.unity.textmeshpro@5.0.0 (location: C:\Unity\code\Library\PackageCache\com.unity.textmeshpro@53f43edfd2e0)
    com.unity.ugui@2.0.0 (location: C:\Unity\code\Library\PackageCache\com.unity.ugui@1f2d1ab0d950)
    com.unity.modules.ai@1.0.0 (location: C:\Unity\code\Library\PackageCache\com.unity.modules.ai)
    com.unity.modules.androidjni@1.0.0 (location: C:\Unity\code\Library\PackageCache\com.unity.modules.androidjni)
    com.unity.modules.animation@1.0.0 (location: C:\Unity\code\Library\PackageCache\com.unity.modules.animation)
    com.unity.modules.assetbundle@1.0.0 (location: C:\Unity\code\Library\PackageCache\com.unity.modules.assetbundle)
    com.unity.modules.audio@1.0.0 (location: C:\Unity\code\Library\PackageCache\com.unity.modules.audio)
    com.unity.modules.cloth@1.0.0 (location: C:\Unity\code\Library\PackageCache\com.unity.modules.cloth)
    com.unity.modules.director@1.0.0 (location: C:\Unity\code\Library\PackageCache\com.unity.modules.director)
    com.unity.modules.imageconversion@1.0.0 (location: C:\Unity\code\Library\PackageCache\com.unity.modules.imageconversion)
    com.unity.modules.imgui@1.0.0 (location: C:\Unity\code\Library\PackageCache\com.unity.modules.imgui)
    com.unity.modules.jsonserialize@1.0.0 (location: C:\Unity\code\Library\PackageCache\com.unity.modules.jsonserialize)
    com.unity.modules.particlesystem@1.0.0 (location: C:\Unity\code\Library\PackageCache\com.unity.modules.particlesystem)
    com.unity.modules.physics@1.0.0 (location: C:\Unity\code\Library\PackageCache\com.unity.modules.physics)
    com.unity.modules.physics2d@1.0.0 (location: C:\Unity\code\Library\PackageCache\com.unity.modules.physics2d)
    com.unity.modules.screencapture@1.0.0 (location: C:\Unity\code\Library\PackageCache\com.unity.modules.screencapture)
    com.unity.modules.subsystems@1.0.0 (location: C:\Unity\code\Library\PackageCache\com.unity.modules.subsystems)
    com.unity.modules.terrain@1.0.0 (location: C:\Unity\code\Library\PackageCache\com.unity.modules.terrain)
    com.unity.modules.terrainphysics@1.0.0 (location: C:\Unity\code\Library\PackageCache\com.unity.modules.terrainphysics)
    com.unity.modules.tilemap@1.0.0 (location: C:\Unity\code\Library\PackageCache\com.unity.modules.tilemap)
    com.unity.modules.ui@1.0.0 (location: C:\Unity\code\Library\PackageCache\com.unity.modules.ui)
    com.unity.modules.uielements@1.0.0 (location: C:\Unity\code\Library\PackageCache\com.unity.modules.uielements)
    com.unity.modules.umbra@1.0.0 (location: C:\Unity\code\Library\PackageCache\com.unity.modules.umbra)
    com.unity.modules.unityanalytics@1.0.0 (location: C:\Unity\code\Library\PackageCache\com.unity.modules.unityanalytics)
    com.unity.modules.unitywebrequest@1.0.0 (location: C:\Unity\code\Library\PackageCache\com.unity.modules.unitywebrequest)
    com.unity.modules.unitywebrequestassetbundle@1.0.0 (location: C:\Unity\code\Library\PackageCache\com.unity.modules.unitywebrequestassetbundle)
    com.unity.modules.unitywebrequestaudio@1.0.0 (location: C:\Unity\code\Library\PackageCache\com.unity.modules.unitywebrequestaudio)
    com.unity.modules.unitywebrequesttexture@1.0.0 (location: C:\Unity\code\Library\PackageCache\com.unity.modules.unitywebrequesttexture)
    com.unity.modules.unitywebrequestwww@1.0.0 (location: C:\Unity\code\Library\PackageCache\com.unity.modules.unitywebrequestwww)
    com.unity.modules.vehicles@1.0.0 (location: C:\Unity\code\Library\PackageCache\com.unity.modules.vehicles)
    com.unity.modules.video@1.0.0 (location: C:\Unity\code\Library\PackageCache\com.unity.modules.video)
    com.unity.modules.vr@1.0.0 (location: C:\Unity\code\Library\PackageCache\com.unity.modules.vr)
    com.unity.modules.wind@1.0.0 (location: C:\Unity\code\Library\PackageCache\com.unity.modules.wind)
    com.unity.modules.xr@1.0.0 (location: C:\Unity\code\Library\PackageCache\com.unity.modules.xr)
    com.unity.modules.hierarchycore@1.0.0 (location: C:\Unity\code\Library\PackageCache\com.unity.modules.hierarchycore)
    com.unity.ext.nunit@2.0.5 (location: C:\Unity\code\Library\PackageCache\com.unity.ext.nunit@d8c07649098d)
    com.unity.collections@6.4.0 (location: C:\Unity\code\Library\PackageCache\com.unity.collections@5b6ebd78ccc0)
[Package Manager] com.unity.textmeshpro is deprecated: This package is no longer supported. TextMeshPro functionalities are now included in the com.unity.ugui package. To continue using them, consider adding it to your project dependencies.
[Subsystems] No new subsystems found in resolved package list.
[Package Manager] Done registering packages in 0.07 seconds
Assembly reference Packages/com.unity.cinemachine/Editor/Samples/ExposeHDRPInternals/HDRP-Editor-ref.asmref has no target assembly definition
Assembly reference Packages/com.unity.cinemachine/Editor/Samples/ExposeHDRPInternals/HDRP-Editor-ref.asmref has no target assembly definition
[ScriptCompilation] Requested script compilation because: AssetDatabase observed changes in script compilation related files
info: Microsoft.Hosting.Lifetime[14]
      Now listening on: http://localhost:80
info: Microsoft.Hosting.Lifetime[0]
      Application started. Press Ctrl+C to shut down.
info: Microsoft.Hosting.Lifetime[0]
      Hosting environment: Production
info: Microsoft.Hosting.Lifetime[0]
      Content root path: C:\Unity\code
info: Microsoft.AspNetCore.Hosting.Diagnostics[1]
      Request starting HTTP/2 POST http://ilpp/UnityILPP.PostProcessing/Ping - application/grpc -
info: Microsoft.AspNetCore.Routing.EndpointMiddleware[0]
      Executing endpoint 'gRPC - /UnityILPP.PostProcessing/Ping'
info: Microsoft.AspNetCore.Routing.EndpointMiddleware[1]
      Executed endpoint 'gRPC - /UnityILPP.PostProcessing/Ping'
info: Microsoft.AspNetCore.Hosting.Diagnostics[2]
      Request finished HTTP/2 POST http://ilpp/UnityILPP.PostProcessing/Ping - 200 - application/grpc 68.1299ms
Starting: C:\Program Files\Unity\Hub\Editor\6000.4.10f1\Editor\Data\Tools\BuildPipeline\bee_backend.exe --ipc --defer-dag-verification --dagfile="Library/Bee/1900b0aE.dag" --continue-on-failure --profile="Library/Bee/backend1.traceevents" ScriptAssemblies
WorkingDir: C:/Unity/code
DisplayProgressbar: Compiling Scripts
info: Microsoft.AspNetCore.Hosting.Diagnostics[1]
      Request starting HTTP/2 POST http://ilpp/UnityILPP.PostProcessing/ConfigurePostProcessors - application/grpc -
info: Microsoft.AspNetCore.Routing.EndpointMiddleware[0]
      Executing endpoint 'gRPC - /UnityILPP.PostProcessing/ConfigurePostProcessors'
warn: Unity.ILPP.Runner.PostProcessingAssemblyLoadContext[0]
      Assembly system.runtime.interopservices.windowsruntime has duplicate hint path. Ignoring "C:\Program Files\Unity\Hub\Editor\6000.4.10f1\Editor\Data\UnityReferenceAssemblies\unity-4.8-api\Facades\System.Runtime.InteropServices.WindowsRuntime.dll" in favor of "C:\Program Files\Unity\Hub\Editor\6000.4.10f1\Editor\Data\NetStandard\Extensions\2.0.0\System.Runtime.InteropServices.WindowsRuntime.dll"
warn: Unity.ILPP.Runner.PostProcessingAssemblyLoadContext[0]
      Assembly system.componentmodel.composition has duplicate hint path. Ignoring "C:\Program Files\Unity\Hub\Editor\6000.4.10f1\Editor\Data\UnityReferenceAssemblies\unity-4.8-api\System.ComponentModel.Composition.dll" in favor of "C:\Program Files\Unity\Hub\Editor\6000.4.10f1\Editor\Data\NetStandard\compat\2.1.0\shims\netfx\System.ComponentModel.Composition.dll"
info: Unity.ILPP.Runner.PostProcessingAssemblyLoadContext[0]
      Resolved Unity.Burst.Cecil, Version=0.11.6.0, Culture=neutral, PublicKeyToken=50cebf1cceb9d05e with Library\PackageCache\com.unity.burst@6bb9aca3ef38\Unity.Burst.CodeGen\Unity.Burst.Cecil.dll
info: Unity.ILPP.Runner.PostProcessingAssemblyLoadContext[0]
      Resolved Mono.Cecil, Version=0.11.5.0, Culture=neutral, PublicKeyToken=50cebf1cceb9d05e with Library\PackageCache\com.unity.nuget.mono-cecil@ecb9724e46ff\Mono.Cecil.dll
info: Microsoft.AspNetCore.Routing.EndpointMiddleware[1]
      Executed endpoint 'gRPC - /UnityILPP.PostProcessing/ConfigurePostProcessors'
info: Microsoft.AspNetCore.Hosting.Diagnostics[2]
      Request finished HTTP/2 POST http://ilpp/UnityILPP.PostProcessing/ConfigurePostProcessors - 200 - application/grpc 200.9936ms
info: Microsoft.AspNetCore.Hosting.Diagnostics[1]
      Request starting HTTP/2 POST http://ilpp/UnityILPP.PostProcessing/PostProcessAssembly - application/grpc -
info: Microsoft.AspNetCore.Routing.EndpointMiddleware[0]
      Executing endpoint 'gRPC - /UnityILPP.PostProcessing/PostProcessAssembly'
info: Unity.ILPP.Runner.PostProcessingPipeline[0]
      Processing assembly Library/Bee/artifacts/1900b0aE.dag/Assembly-CSharp-Editor.dll, with 142 defines and 381 references
info: Unity.ILPP.Runner.PostProcessingPipeline[0]
      processors: Unity.Jobs.CodeGen.JobsILPostProcessor, zzzUnity.Burst.CodeGen.BurstILPostProcessor
info: Unity.ILPP.Runner.PostProcessingPipeline[0]
      running Unity.Jobs.CodeGen.JobsILPostProcessor
info: Unity.ILPP.Runner.PostProcessingAssemblyLoadContext[0]
      Resolved Unity.Collections, Version=0.0.0.0, Culture=neutral, PublicKeyToken=null with Library\Bee\artifacts\1900b0aE.dag\Unity.Collections.dll
info: Unity.ILPP.Runner.PostProcessingAssemblyLoadContext[0]
      Resolved UnityEditor.CoreModule, Version=0.0.0.0, Culture=neutral, PublicKeyToken=null with C:\Program Files\Unity\Hub\Editor\6000.4.10f1\Editor\Data\Managed\UnityEngine\UnityEditor.CoreModule.dll
info: Unity.ILPP.Runner.PostProcessingAssemblyLoadContext[0]
      Resolved UnityEngine.CoreModule, Version=0.0.0.0, Culture=neutral, PublicKeyToken=null with C:\Program Files\Unity\Hub\Editor\6000.4.10f1\Editor\Data\Managed\UnityEngine\UnityEngine.CoreModule.dll
info: Unity.ILPP.Runner.PostProcessingPipeline[0]
      running zzzUnity.Burst.CodeGen.BurstILPostProcessor
info: Unity.ILPP.Runner.PostProcessingAssemblyLoadContext[0]
      Resolved Unity.Burst.Cecil.Rocks, Version=0.11.6.0, Culture=neutral, PublicKeyToken=50cebf1cceb9d05e with Library\PackageCache\com.unity.burst@6bb9aca3ef38\Unity.Burst.CodeGen\Unity.Burst.Cecil.Rocks.dll
info: Microsoft.AspNetCore.Routing.EndpointMiddleware[1]
      Executed endpoint 'gRPC - /UnityILPP.PostProcessing/PostProcessAssembly'
info: Microsoft.AspNetCore.Hosting.Diagnostics[2]
      Request finished HTTP/2 POST http://ilpp/UnityILPP.PostProcessing/PostProcessAssembly - 200 - application/grpc 764.5975ms
ExitCode: 0 Duration: 11s
[ 645/1401  0s] ILPP-Configuration Library/ilpp-configuration.nevergeneratedoutput
[BUSY       6s] Csc Library/Bee/artifacts/1900b0aE.dag/Assembly-CSharp-Editor.dll (+2 others)
[1397/1401  6s] Csc Library/Bee/artifacts/1900b0aE.dag/Assembly-CSharp-Editor.dll (+2 others)
Assets\Editor\DayNightCycleReferenceFixer.cs(24,19): warning CS0618: 'Object.FindFirstObjectByType<T>()' is obsolete: 'FindFirstObjectByType has been deprecated because it relies on instance ID ordering. Use FindAnyObjectByType instead, which does not depend on ordering.'

Assets\Editor\DeepDiagnoseScene.cs(193,26): warning CS0618: 'Object.FindFirstObjectByType<T>()' is obsolete: 'FindFirstObjectByType has been deprecated because it relies on instance ID ordering. Use FindAnyObjectByType instead, which does not depend on ordering.'

Assets\Editor\DeepDiagnoseScene.cs(454,21): warning CS0618: 'Object.FindFirstObjectByType<T>()' is obsolete: 'FindFirstObjectByType has been deprecated because it relies on instance ID ordering. Use FindAnyObjectByType instead, which does not depend on ordering.'

Assets\Editor\FixAllCriticalIssues.cs(207,27): warning CS0618: 'Object.FindFirstObjectByType<T>()' is obsolete: 'FindFirstObjectByType has been deprecated because it relies on instance ID ordering. Use FindAnyObjectByType instead, which does not depend on ordering.'

Assets\Editor\FixAllCriticalIssues.cs(216,32): warning CS0618: 'Object.FindFirstObjectByType<T>()' is obsolete: 'FindFirstObjectByType has been deprecated because it relies on instance ID ordering. Use FindAnyObjectByType instead, which does not depend on ordering.'

Assets\Editor\FixAllCriticalIssues.cs(225,28): warning CS0618: 'Object.FindFirstObjectByType<T>()' is obsolete: 'FindFirstObjectByType has been deprecated because it relies on instance ID ordering. Use FindAnyObjectByType instead, which does not depend on ordering.'

Assets\Editor\FixAllCriticalIssues.cs(242,25): warning CS0618: 'Object.FindFirstObjectByType<T>()' is obsolete: 'FindFirstObjectByType has been deprecated because it relies on instance ID ordering. Use FindAnyObjectByType instead, which does not depend on ordering.'

Assets\Editor\FixPhase1_Terrain.cs(51,26): warning CS0618: 'Object.FindFirstObjectByType<T>()' is obsolete: 'FindFirstObjectByType has been deprecated because it relies on instance ID ordering. Use FindAnyObjectByType instead, which does not depend on ordering.'

Assets\Editor\FixPhase4_Camera.cs(106,44): warning CS0618: 'CinemachineCollider' is obsolete: 'CinemachineCollider has been deprecated. Use CinemachineDeoccluder instead'

Assets\Editor\FixPhase4_Camera.cs(107,62): warning CS0618: 'CinemachineCollider' is obsolete: 'CinemachineCollider has been deprecated. Use CinemachineDeoccluder instead'

Assets\Editor\FixPhase4_Camera.cs(113,32): warning CS0618: 'CinemachineCollider' is obsolete: 'CinemachineCollider has been deprecated. Use CinemachineDeoccluder instead'

Assets\Editor\GroundDiagRunner.cs(19,25): warning CS0618: 'Object.FindObjectsOfType<T>()' is obsolete: 'Object.FindObjectsOfType has been deprecated. Use Object.FindObjectsByType instead which lets you decide whether you need the results sorted or not.  FindObjectsOfType sorts the results by InstanceID but if you do not need this using FindObjectSortMode.None is considerably faster.'

Assets\Editor\FixMainScene.cs(938,19): warning CS0618: 'Object.FindFirstObjectByType<T>()' is obsolete: 'FindFirstObjectByType has been deprecated because it relies on instance ID ordering. Use FindAnyObjectByType instead, which does not depend on ordering.'

Assets\Editor\IndoorShellMenu.cs(30,94): warning CS0618: 'FindObjectsSortMode' is obsolete: 'FindObjectsSortMode has been deprecated. Use the FindObjectsByType overloads that do not take a FindObjectsSortMode parameter.'

Assets\Editor\IndoorShellMenu.cs(30,28): warning CS0618: 'Object.FindObjectsByType<T>(FindObjectsInactive, FindObjectsSortMode)' is obsolete: 'FindObjectsByType with FindObjectsSortMode parameter has been deprecated. Use FindObjectsByType<T>() or FindObjectsByType<T>(FindObjectsInactive) instead. InstanceID will be replaced in the future with EntityId and previous sort order cannot be maintained.'

Assets\Editor\VFXResourceInstaller.cs(279,23): warning CS0618: 'Object.GetInstanceID()' is obsolete: 'GetInstanceID is deprecated. Use GetEntityId instead. This will be removed in a future version.'
[1398/1401  0s] ILPostProcess Library/Bee/artifacts/1900b0aE.dag/post-processed/Assembly-CSharp-Editor.dll (+pdb)
Processing assembly Library/Bee/artifacts/1900b0aE.dag/Assembly-CSharp-Editor.dll, with 142 defines and 381 references

processors: Unity.Jobs.CodeGen.JobsILPostProcessor, zzzUnity.Burst.CodeGen.BurstILPostProcessor

running Unity.Jobs.CodeGen.JobsILPostProcessor

running zzzUnity.Burst.CodeGen.BurstILPostProcessor
[1399/1401  0s] CopyFiles Library/ScriptAssemblies/Assembly-CSharp-Editor.pdb
[1400/1401  0s] CopyFiles Library/ScriptAssemblies/Assembly-CSharp-Editor.dll
*** Tundra build success (11.59 seconds), 5 items updated, 1401 evaluated
Assets\Editor\DayNightCycleReferenceFixer.cs(24,19): warning CS0618: 'Object.FindFirstObjectByType<T>()' is obsolete: 'FindFirstObjectByType has been deprecated because it relies on instance ID ordering. Use FindAnyObjectByType instead, which does not depend on ordering.'
Assets\Editor\DeepDiagnoseScene.cs(193,26): warning CS0618: 'Object.FindFirstObjectByType<T>()' is obsolete: 'FindFirstObjectByType has been deprecated because it relies on instance ID ordering. Use FindAnyObjectByType instead, which does not depend on ordering.'
Assets\Editor\DeepDiagnoseScene.cs(454,21): warning CS0618: 'Object.FindFirstObjectByType<T>()' is obsolete: 'FindFirstObjectByType has been deprecated because it relies on instance ID ordering. Use FindAnyObjectByType instead, which does not depend on ordering.'
Assets\Editor\FixAllCriticalIssues.cs(207,27): warning CS0618: 'Object.FindFirstObjectByType<T>()' is obsolete: 'FindFirstObjectByType has been deprecated because it relies on instance ID ordering. Use FindAnyObjectByType instead, which does not depend on ordering.'
Assets\Editor\FixAllCriticalIssues.cs(216,32): warning CS0618: 'Object.FindFirstObjectByType<T>()' is obsolete: 'FindFirstObjectByType has been deprecated because it relies on instance ID ordering. Use FindAnyObjectByType instead, which does not depend on ordering.'
Assets\Editor\FixAllCriticalIssues.cs(225,28): warning CS0618: 'Object.FindFirstObjectByType<T>()' is obsolete: 'FindFirstObjectByType has been deprecated because it relies on instance ID ordering. Use FindAnyObjectByType instead, which does not depend on ordering.'
Assets\Editor\FixAllCriticalIssues.cs(242,25): warning CS0618: 'Object.FindFirstObjectByType<T>()' is obsolete: 'FindFirstObjectByType has been deprecated because it relies on instance ID ordering. Use FindAnyObjectByType instead, which does not depend on ordering.'
Assets\Editor\FixPhase1_Terrain.cs(51,26): warning CS0618: 'Object.FindFirstObjectByType<T>()' is obsolete: 'FindFirstObjectByType has been deprecated because it relies on instance ID ordering. Use FindAnyObjectByType instead, which does not depend on ordering.'
Assets\Editor\FixPhase4_Camera.cs(106,44): warning CS0618: 'CinemachineCollider' is obsolete: 'CinemachineCollider has been deprecated. Use CinemachineDeoccluder instead'
Assets\Editor\FixPhase4_Camera.cs(107,62): warning CS0618: 'CinemachineCollider' is obsolete: 'CinemachineCollider has been deprecated. Use CinemachineDeoccluder instead'
Assets\Editor\FixPhase4_Camera.cs(113,32): warning CS0618: 'CinemachineCollider' is obsolete: 'CinemachineCollider has been deprecated. Use CinemachineDeoccluder instead'
Assets\Editor\GroundDiagRunner.cs(19,25): warning CS0618: 'Object.FindObjectsOfType<T>()' is obsolete: 'Object.FindObjectsOfType has been deprecated. Use Object.FindObjectsByType instead which lets you decide whether you need the results sorted or not.  FindObjectsOfType sorts the results by InstanceID but if you do not need this using FindObjectSortMode.None is considerably faster.'
Assets\Editor\FixMainScene.cs(938,19): warning CS0618: 'Object.FindFirstObjectByType<T>()' is obsolete: 'FindFirstObjectByType has been deprecated because it relies on instance ID ordering. Use FindAnyObjectByType instead, which does not depend on ordering.'
Assets\Editor\IndoorShellMenu.cs(30,94): warning CS0618: 'FindObjectsSortMode' is obsolete: 'FindObjectsSortMode has been deprecated. Use the FindObjectsByType overloads that do not take a FindObjectsSortMode parameter.'
Assets\Editor\IndoorShellMenu.cs(30,28): warning CS0618: 'Object.FindObjectsByType<T>(FindObjectsInactive, FindObjectsSortMode)' is obsolete: 'FindObjectsByType with FindObjectsSortMode parameter has been deprecated. Use FindObjectsByType<T>() or FindObjectsByType<T>(FindObjectsInactive) instead. InstanceID will be replaced in the future with EntityId and previous sort order cannot be maintained.'
Assets\Editor\VFXResourceInstaller.cs(279,23): warning CS0618: 'Object.GetInstanceID()' is obsolete: 'GetInstanceID is deprecated. Use GetEntityId instead. This will be removed in a future version.'
AssetDatabase: script compilation time: 12.855829s
Begin MonoManager ReloadAssembly
Assembly Assembly-CSharp-Editor-firstpass.dll at Library/ScriptAssemblies/Assembly-CSharp-Editor-firstpass.dll not valid. Loading of assembly skipped.
Assembly Assembly-CSharp-firstpass.dll at Library/ScriptAssemblies/Assembly-CSharp-firstpass.dll not valid. Loading of assembly skipped.
Assembly DocCodeExamples.dll at Library/ScriptAssemblies/DocCodeExamples.dll not valid. Loading of assembly skipped.
Assembly TestNewCustomAssembly.dll at Library/ScriptAssemblies/TestNewCustomAssembly.dll not valid. Loading of assembly skipped.
Assembly Unity.Addressables.Editor.Tests.dll at Library/ScriptAssemblies/Unity.Addressables.Editor.Tests.dll not valid. Loading of assembly skipped.
Assembly Unity.Addressables.Runtime.Tests.dll at Library/ScriptAssemblies/Unity.Addressables.Runtime.Tests.dll not valid. Loading of assembly skipped.
Assembly Unity.AppUI.Editor.Tests.dll at Library/ScriptAssemblies/Unity.AppUI.Editor.Tests.dll not valid. Loading of assembly skipped.
Assembly Unity.AppUI.Tests.dll at Library/ScriptAssemblies/Unity.AppUI.Tests.dll not valid. Loading of assembly skipped.
Assembly Unity.Collections.BurstCompatibilityGen.dll at Library/ScriptAssemblies/Unity.Collections.BurstCompatibilityGen.dll not valid. Loading of assembly skipped.
Assembly Unity.Collections.DocCodeSamples.dll at Library/ScriptAssemblies/Unity.Collections.DocCodeSamples.dll not valid. Loading of assembly skipped.
Assembly Unity.Collections.PerformanceTests.dll at Library/ScriptAssemblies/Unity.Collections.PerformanceTests.dll not valid. Loading of assembly skipped.
Assembly Unity.Collections.Tests.dll at Library/ScriptAssemblies/Unity.Collections.Tests.dll not valid. Loading of assembly skipped.
Assembly Unity.Collections.Tests.Playmode.dll at Library/ScriptAssemblies/Unity.Collections.Tests.Playmode.dll not valid. Loading of assembly skipped.
Assembly Unity.InputSystem.IntegrationTests.dll at Library/ScriptAssemblies/Unity.InputSystem.IntegrationTests.dll not valid. Loading of assembly skipped.
Assembly Unity.Localization.DocCodeSamples.dll at Library/ScriptAssemblies/Unity.Localization.DocCodeSamples.dll not valid. Loading of assembly skipped.
Assembly Unity.Mathematics.Tests.dll at Library/ScriptAssemblies/Unity.Mathematics.Tests.dll not valid. Loading of assembly skipped.
Assembly Unity.Nuget.Mono-Cecil.dll at Library/ScriptAssemblies/Unity.Nuget.Mono-Cecil.dll not valid. Loading of assembly skipped.
Assembly Unity.PathTracing.Editor.Tests.dll at Library/ScriptAssemblies/Unity.PathTracing.Editor.Tests.dll not valid. Loading of assembly skipped.
Assembly Unity.PathTracing.Runtime.Tests.dll at Library/ScriptAssemblies/Unity.PathTracing.Runtime.Tests.dll not valid. Loading of assembly skipped.
Assembly Unity.Performance.Profile-Analyzer.EditorTests.dll at Library/ScriptAssemblies/Unity.Performance.Profile-Analyzer.EditorTests.dll not valid. Loading of assembly skipped.
Assembly Unity.RenderPipelines.Core.Editor.Tests.dll at Library/ScriptAssemblies/Unity.RenderPipelines.Core.Editor.Tests.dll not valid. Loading of assembly skipped.
Assembly Unity.RenderPipelines.Core.Runtime.Tests.dll at Library/ScriptAssemblies/Unity.RenderPipelines.Core.Runtime.Tests.dll not valid. Loading of assembly skipped.
Assembly Unity.RenderPipelines.Universal.Config.Editor.Tests.dll at Library/ScriptAssemblies/Unity.RenderPipelines.Universal.Config.Editor.Tests.dll not valid. Loading of assembly skipped.
Assembly Unity.RenderPipelines.Universal.Editor.Tests.dll at Library/ScriptAssemblies/Unity.RenderPipelines.Universal.Editor.Tests.dll not valid. Loading of assembly skipped.
Assembly Unity.RenderPipelines.Universal.Runtime.Tests.dll at Library/ScriptAssemblies/Unity.RenderPipelines.Universal.Runtime.Tests.dll not valid. Loading of assembly skipped.
Assembly Unity.ResourceManager.Tests.dll at Library/ScriptAssemblies/Unity.ResourceManager.Tests.dll not valid. Loading of assembly skipped.
Assembly Unity.ScriptableBuildPipeline.Editor.Tests.dll at Library/ScriptAssemblies/Unity.ScriptableBuildPipeline.Editor.Tests.dll not valid. Loading of assembly skipped.
Assembly Unity.ScriptableBuildPipeline.Tests.dll at Library/ScriptAssemblies/Unity.ScriptableBuildPipeline.Tests.dll not valid. Loading of assembly skipped.
Assembly Unity.ScriptableBuildPipelineTests.Runtime.Tests.dll at Library/ScriptAssemblies/Unity.ScriptableBuildPipelineTests.Runtime.Tests.dll not valid. Loading of assembly skipped.
Assembly Unity.Searcher.EditorTests.dll at Library/ScriptAssemblies/Unity.Searcher.EditorTests.dll not valid. Loading of assembly skipped.
Assembly Unity.Settings.Tests.dll at Library/ScriptAssemblies/Unity.Settings.Tests.dll not valid. Loading of assembly skipped.
Assembly Unity.ShaderGraph.Editor.Tests.dll at Library/ScriptAssemblies/Unity.ShaderGraph.Editor.Tests.dll not valid. Loading of assembly skipped.
Assembly Unity.TestTools.CodeCoverage.Editor.Compatibility.dll at Library/ScriptAssemblies/Unity.TestTools.CodeCoverage.Editor.Compatibility.dll not valid. Loading of assembly skipped.
Assembly Unity.TextMeshPro.Editor.Tests.dll at Library/ScriptAssemblies/Unity.TextMeshPro.Editor.Tests.dll not valid. Loading of assembly skipped.
Assembly Unity.TextMeshPro.Tests.dll at Library/ScriptAssemblies/Unity.TextMeshPro.Tests.dll not valid. Loading of assembly skipped.
Assembly Unity.UnifiedRayTracing.Editor.Tests.dll at Library/ScriptAssemblies/Unity.UnifiedRayTracing.Editor.Tests.dll not valid. Loading of assembly skipped.
Assembly UnityEditor.UI.Common.Tests.dll at Library/ScriptAssemblies/UnityEditor.UI.Common.Tests.dll not valid. Loading of assembly skipped.
Assembly UnityEditor.UI.EditorTests.dll at Library/ScriptAssemblies/UnityEditor.UI.EditorTests.dll not valid. Loading of assembly skipped.
Assembly UnityEngine.UI.Tests.dll at Library/ScriptAssemblies/UnityEngine.UI.Tests.dll not valid. Loading of assembly skipped.
Symbol file LoadedFromMemory is not a mono symbol file
Symbol file LoadedFromMemory is not a mono symbol file
'Packages/com.unity.cinemachine/Editor/Editors/CinemachineVirtualCameraBaseEditor.cs' contains partial class of Unity.Object, exactly 1 of the partial classes needs to be in a file with the same filename. This is to know the one that can be referenced from ie. GameObjects
'Packages/com.unity.cinemachine/Editor/Obsolete/CinemachineVirtualCameraBaseEditor.cs' contains partial class of Unity.Object, exactly 1 of the partial classes needs to be in a file with the same filename. This is to know the one that can be referenced from ie. GameObjects
Refreshing native plugins compatible for Editor in 52.54 ms, found 5 plugins.
Native extension for WindowsStandalone target not found
Native extension for WebGL target not found
Assembly reference Packages/com.unity.cinemachine/Editor/Samples/ExposeHDRPInternals/HDRP-Editor-ref.asmref has no target assembly definition
Refreshing native plugins compatible for Editor in 7.22 ms, found 5 plugins.
[MODES] ModeService[none].Initialize
[MODES] ModeService[none].LoadModes
[MODES] Loading mode Default (0) for mode-current-id-포이즌
ScheduleIndexationOnStartup MainProcess:True IndexOnStartup:True
Mono: successfully reloaded assembly
- Finished resetting the current domain, in 20.509 seconds
Domain Reload Profiling: 24967ms
	BeginReloadAssembly (575ms)
		DisableScriptedObjects (57ms)
		CreateAndSetChildDomain (193ms)
	RebuildCommonClasses (65ms)
	RebuildNativeTypeToScriptingClass (22ms)
	initialDomainReloadingComplete (1350ms)
	LoadAllAssembliesAndSetupDomain (2431ms)
		LoadAssemblies (1657ms)
		AnalyzeDomain (1000ms)
			TypeCache.Refresh (774ms)
				TypeCache.ScanAssembly (704ms)
			BuildScriptInfoCaches (183ms)
			ResolveRequiredComponents (41ms)
	FinalizeReload (20525ms)
		SetupLoadedEditorAssemblies (0ms)
			InitializePlatformSupportModulesInManaged (46ms)
			BeforeProcessingInitializeOnLoad (624ms)
			ProcessInitializeOnLoadAttributes (12606ms)
			ProcessInitializeOnLoadMethodAttributes (5827ms)
			AfterProcessingInitializeOnLoad (41ms)
			EditorAssembliesLoaded (7ms)
		AwakeInstancesAfterBackupRestoration (309ms)
Refreshing native plugins compatible for Editor in 42.09 ms, found 5 plugins.
Preloading 1 native plugins for Editor in 3.66 ms.
(Values over 0.050ms)
Asset Pipeline Refresh (id=f393dbeb9a7de714d8906dee6f1a8df4): Total: 45.663 seconds - Initiated by InitialRefreshV2(ForceSynchronousImport)
	Summary:
		Imports: total=0 (actual=0, local cache=0, cache server=0)
		Asset DB Process Time: managed=0 ms, native=26043 ms
		Asset DB Callback time: managed=1006 ms, native=867 ms
		Scripting: domain reloads=1, domain reload time=4464 ms, compile time=12870 ms, other=407 ms
		Project Asset Count: scripts=2450, non-scripts=6808
		Asset File Changes: new=0, changed=1, moved=0, deleted=0
		Scan Filter Count: 0
	InvokePackagesCallback: 100.008ms
	ApplyChangesToAssetFolders: 3.063ms
	Scan: 1288.933ms
	OnSourceAssetsModified: 3.223ms
	CategorizeScriptCompilationAssets: 431.412ms
	ProcessAssetsWithTransientArtifactChanges: 275.692ms
	CategorizeAssets: 1552.388ms
	CompileScripts: 12870.158ms
	ImportOutOfDateAssets: 20782.370ms (20750.084ms without children)
		ReloadNativeAssets: 0.081ms
		UnloadImportedAssets: 19.313ms
		EnsureUptoDateAssetsAreRegisteredWithGuidPM: 7.328ms
		OnDemandSchedulerStart: 5.555ms
	PostProcessAllAssets: 1068.856ms
		VCAutoAddAssetPostprocess 23.193ms
		XRBuildSystem.XRAssetImported 18.052ms
		ShaderAssetModifiedCallback 3.276ms
		PostProcessCallbackCreateDeferredMaterials 1.331ms
		WindowTitlePostprocess 0.834ms
		LocalizationDatabase.AssetDatabasePostprocessCallback 0.102ms
		ComputeShaderImportPostprocess 0.096ms
		SpeedTreeImporter.PostprocessAllAssets 0.060ms
		MonoPostProcessAllAssets: 1004.929ms
			AssetPostprocessor.OnPostprocessAllAssets 696.296ms
			UniversalRenderPipelineGlobalSettingsPostprocessor.OnPostprocessAllAssets 85.321ms
			StyleCatalogPostProcessor.OnPostprocessAllAssets 62.790ms
			BuilderAssetPostprocessor.OnPostprocessAllAssets 22.674ms
			WindowAssetPostprocessingWatcher.OnPostprocessAllAssets 11.673ms
			SpeedTree9Postprocessor.OnPostprocessAllAssets 9.980ms
			AssetChangedListener.OnPostprocessAllAssets 7.519ms
			ShaderGraphAssetPostProcessor.OnPostprocessAllAssets 7.293ms
			LocalizationAssetPostProcessor.OnPostprocessAllAssets 7.151ms
			TMPro_TexturePostProcessor.OnPostprocessAllAssets 5.549ms
			AudioMixerPostprocessor.OnPostprocessAllAssets 5.111ms
			UVCSAssetPostprocessor.OnPostprocessAllAssets 4.847ms
			MaterialPostprocessor.OnPostprocessAllAssets 3.950ms
			RenderPipelineGlobalSettingsPostprocessor.OnPostprocessAllAssets 3.666ms
			AddressablesAssetPostProcessor.OnPostprocessAllAssets 2.962ms
			ArtifactBrowserPostProcessor.OnPostprocessAllAssets 2.801ms
			RetainedModeAssetPostprocessor.OnPostprocessAllAssets 2.292ms
			TextAssetPostProcessor.OnPostprocessAllAssets 2.224ms
			ModelAssetProcessor.OnPostprocessAllAssets 2.013ms
			TerrainToolbarOverlayPostProcessor.OnPostprocessAllAssets 1.529ms
			ProjectSettingsPostprocessor.OnPostprocessAllAssets 1.296ms
			ReferencedClipsPostProcessor.OnPostprocessAllAssets 1.094ms
			AssetEvents.OnPostprocessAllAssets 0.943ms
			AssetPathToTypes.OnPostprocessAllAssets 0.774ms
			SpeedTreePostProcessor.OnPostprocessAllAssets 0.690ms
			CinemachineSettings.OnPostprocessAllAssets 0.676ms
			PostProcessor.OnPostprocessAllAssets 0.622ms
			InputActionAssetPostprocessor.OnPostprocessAllAssets 0.606ms
			AssetDatabaseCallbacks.OnPostprocessAllAssets 0.388ms
			InputActionJsonNameModifierAssetProcessor.OnPostprocessAllAssets 0.374ms
			ScenarioDriftAssetsTracker.OnPostprocessAllAssets 0.335ms
			SyncVS.PostprocessSyncProject 0.305ms
			ConfigAssetsTracker.OnPostprocessAllAssets 0.296ms
			SamplePostprocessor.OnPostprocessAllAssets 0.222ms
			AudioContainerPostProcessor.OnPostprocessAllAssets 0.157ms
	PostAssetChangesProfiler: 720.683ms
	UnloadStreamsBegin: 6.769ms
	PersistCurrentRevisions: 0.873ms
	GenerateScriptTypeHashes: 12.005ms
	GenerateScriptTypeSerializationHashes: 19.650ms
	Untracked: 6526.128ms

Application.AssetDatabase Initial Refresh End
Launched and connected shader compiler UnityShaderCompiler.exe after 0.07 seconds
Scanning for USB devices : 21.755ms
Initializing Unity extensions:
Unloading 70 Unused Serialized files (Serialized files now loaded: 0)
Unloading 10716 unused Assets / (15.7 MB). Loaded Objects now: 11632.
Memory consumption went from 292.4 MB to 276.7 MB.
Total: 426.825700 ms (FindLiveObjects: 2.459000 ms CreateObjectMapping: 5.083700 ms MarkObjects: 389.820600 ms  DeleteObjects: 28.286200 ms)

[SwingDir] ────────── Weapon_Combo_2 스윙 방향 실측 시작 (v4 Heat 리그 리타깃 샘플링) ──────────
UnityEngine.Debug:ExtractStackTraceNoAlloc (byte*,int,string)
UnityEngine.StackTraceUtility:ExtractStackTrace ()
UnityEngine.DebugLogHandler:Internal_Log (UnityEngine.LogType,UnityEngine.LogOption,string,UnityEngine.Object)
UnityEngine.DebugLogHandler:LogFormat (UnityEngine.LogType,UnityEngine.Object,string,object[])
UnityEngine.Logger:Log (UnityEngine.LogType,object)
UnityEngine.Debug:Log (object)
WeaponSwingDirectionAnalyzer:AnalyzeWeaponCombo2 () (at Assets/Editor/WeaponSwingDirectionAnalyzer.cs:63)

(Filename: Assets/Editor/WeaponSwingDirectionAnalyzer.cs Line: 63)

[SwingDir] 대상 클립: Armature|Weapon_Combo_2_withSkin (length=4.533s, frameRate=30.0, frames=136) | 샘플러 리그: Player_Rigged_Heat (Assets/Resources/Models/UserProvided/fbx/Player_Rigged_Heat.fbx)
UnityEngine.Debug:ExtractStackTraceNoAlloc (byte*,int,string)
UnityEngine.StackTraceUtility:ExtractStackTrace ()
UnityEngine.DebugLogHandler:Internal_Log (UnityEngine.LogType,UnityEngine.LogOption,string,UnityEngine.Object)
UnityEngine.DebugLogHandler:LogFormat (UnityEngine.LogType,UnityEngine.Object,string,object[])
UnityEngine.Logger:Log (UnityEngine.LogType,object)
UnityEngine.Debug:Log (object)
WeaponSwingDirectionAnalyzer:AnalyzeWeaponCombo2 () (at Assets/Editor/WeaponSwingDirectionAnalyzer.cs:118)

(Filename: Assets/Editor/WeaponSwingDirectionAnalyzer.cs Line: 118)

[SwingDir] Heat 리그 검증: 인스턴스 뼈 수=30 | GetBoneTransform(RightHand)=RightHand | 휴머노이드 매핑 본수=22 | avatar.humanDescription.human 길이=22
UnityEngine.Debug:ExtractStackTraceNoAlloc (byte*,int,string)
UnityEngine.StackTraceUtility:ExtractStackTrace ()
UnityEngine.DebugLogHandler:Internal_Log (UnityEngine.LogType,UnityEngine.LogOption,string,UnityEngine.Object)
UnityEngine.DebugLogHandler:LogFormat (UnityEngine.LogType,UnityEngine.Object,string,object[])
UnityEngine.Logger:Log (UnityEngine.LogType,object)
UnityEngine.Debug:Log (object)
WeaponSwingDirectionAnalyzer:AnalyzeWeaponCombo2 () (at Assets/Editor/WeaponSwingDirectionAnalyzer.cs:157)

(Filename: Assets/Editor/WeaponSwingDirectionAnalyzer.cs Line: 157)

[SwingDir] 이름 기반 뼈 후보 6개 (hand/arm/wrist 매칭, [n]=우선순위 0=RightHand 1=RightLowerArm/ForeArm 2=기타 hand 3=wrist/arm):
  [0] RightHand (path=SwingSampler/metarig/Hips/Spine/Chest/UpperChest/RightShoulder/RightUpperArm/RightLowerArm/RightHand)
  [1] RightLowerArm (path=SwingSampler/metarig/Hips/Spine/Chest/UpperChest/RightShoulder/RightUpperArm/RightLowerArm)
  [2] LeftHand (path=SwingSampler/metarig/Hips/Spine/Chest/UpperChest/LeftShoulder/LeftUpperArm/LeftLowerArm/LeftHand)
  [3] LeftLowerArm (path=SwingSampler/metarig/Hips/Spine/Chest/UpperChest/LeftShoulder/LeftUpperArm/LeftLowerArm)
  [3] LeftUpperArm (path=SwingSampler/metarig/Hips/Spine/Chest/UpperChest/LeftShoulder/LeftUpperArm)
  [3] RightUpperArm (path=SwingSampler/metarig/Hips/Spine/Chest/UpperChest/RightShoulder/RightUpperArm)
UnityEngine.Debug:ExtractStackTraceNoAlloc (byte*,int,string)
UnityEngine.StackTraceUtility:ExtractStackTrace ()
UnityEngine.DebugLogHandler:Internal_Log (UnityEngine.LogType,UnityEngine.LogOption,string,UnityEngine.Object)
UnityEngine.DebugLogHandler:LogFormat (UnityEngine.LogType,UnityEngine.Object,string,object[])
UnityEngine.Logger:Log (UnityEngine.LogType,object)
UnityEngine.Debug:Log (object)
WeaponSwingDirectionAnalyzer:AnalyzeWeaponCombo2 () (at Assets/Editor/WeaponSwingDirectionAnalyzer.cs:175)

(Filename: Assets/Editor/WeaponSwingDirectionAnalyzer.cs Line: 175)

[SwingDir] 샘플링 뼈(선택): RightHand (path=SwingSampler/metarig/Hips/Spine/Chest/UpperChest/RightShoulder/RightUpperArm/RightLowerArm/RightHand, 선택경로=humanoid-mapping(GetBoneTransform), 전체 이동 경로길이=4.170m) | 임시 캐릭터 pos=(0.00, 0.00, 0.00) rot=(0.00, 0.00, 0.00) scale=(1.00, 1.00, 1.00) (identity — world == character local, forward=+Z)
UnityEngine.Debug:ExtractStackTraceNoAlloc (byte*,int,string)
UnityEngine.StackTraceUtility:ExtractStackTrace ()
UnityEngine.DebugLogHandler:Internal_Log (UnityEngine.LogType,UnityEngine.LogOption,string,UnityEngine.Object)
UnityEngine.DebugLogHandler:LogFormat (UnityEngine.LogType,UnityEngine.Object,string,object[])
UnityEngine.Logger:Log (UnityEngine.LogType,object)
UnityEngine.Debug:Log (object)
WeaponSwingDirectionAnalyzer:AnalyzeWeaponCombo2 () (at Assets/Editor/WeaponSwingDirectionAnalyzer.cs:272)

(Filename: Assets/Editor/WeaponSwingDirectionAnalyzer.cs Line: 272)

[SwingDir] RESULT stage1 yaw=-58.0 pitch=1.3 bone=RightHand confidence=arc0.265m segments=8 window=0.666s~0.966s tangent=(-0.847,0.022,0.530)
UnityEngine.Debug:ExtractStackTraceNoAlloc (byte*,int,string)
UnityEngine.StackTraceUtility:ExtractStackTrace ()
UnityEngine.DebugLogHandler:Internal_Log (UnityEngine.LogType,UnityEngine.LogOption,string,UnityEngine.Object)
UnityEngine.DebugLogHandler:LogFormat (UnityEngine.LogType,UnityEngine.Object,string,object[])
UnityEngine.Logger:Log (UnityEngine.LogType,object)
UnityEngine.Debug:Log (object)
WeaponSwingDirectionAnalyzer:LogStageResult (int,UnityEngine.Vector3[],int,single,single,string) (at Assets/Editor/WeaponSwingDirectionAnalyzer.cs:350)
WeaponSwingDirectionAnalyzer:AnalyzeWeaponCombo2 () (at Assets/Editor/WeaponSwingDirectionAnalyzer.cs:295)

(Filename: Assets/Editor/WeaponSwingDirectionAnalyzer.cs Line: 350)

[SwingDir] stage1 상세: normT 0.000~0.331, 임팩트 후보 normT=0.18 (t=0.816s) 중심 ±0.15s, 아크길이=0.265m, 접선벡터크기=6.479/8 (1에 가까울수록 일관 방향)
UnityEngine.Debug:ExtractStackTraceNoAlloc (byte*,int,string)
UnityEngine.StackTraceUtility:ExtractStackTrace ()
UnityEngine.DebugLogHandler:Internal_Log (UnityEngine.LogType,UnityEngine.LogOption,string,UnityEngine.Object)
UnityEngine.DebugLogHandler:LogFormat (UnityEngine.LogType,UnityEngine.Object,string,object[])
UnityEngine.Logger:Log (UnityEngine.LogType,object)
UnityEngine.Debug:Log (object)
WeaponSwingDirectionAnalyzer:LogStageResult (int,UnityEngine.Vector3[],int,single,single,string) (at Assets/Editor/WeaponSwingDirectionAnalyzer.cs:352)
WeaponSwingDirectionAnalyzer:AnalyzeWeaponCombo2 () (at Assets/Editor/WeaponSwingDirectionAnalyzer.cs:295)

(Filename: Assets/Editor/WeaponSwingDirectionAnalyzer.cs Line: 352)

[SwingDir] RESULT stage2 yaw=63.2 pitch=78.0 bone=RightHand confidence=arc0.133m segments=8 window=2.253s~2.553s tangent=(0.185,0.978,0.094)
UnityEngine.Debug:ExtractStackTraceNoAlloc (byte*,int,string)
UnityEngine.StackTraceUtility:ExtractStackTrace ()
UnityEngine.DebugLogHandler:Internal_Log (UnityEngine.LogType,UnityEngine.LogOption,string,UnityEngine.Object)
UnityEngine.DebugLogHandler:LogFormat (UnityEngine.LogType,UnityEngine.Object,string,object[])
UnityEngine.Logger:Log (UnityEngine.LogType,object)
UnityEngine.Debug:Log (object)
WeaponSwingDirectionAnalyzer:LogStageResult (int,UnityEngine.Vector3[],int,single,single,string) (at Assets/Editor/WeaponSwingDirectionAnalyzer.cs:350)
WeaponSwingDirectionAnalyzer:AnalyzeWeaponCombo2 () (at Assets/Editor/WeaponSwingDirectionAnalyzer.cs:295)

(Filename: Assets/Editor/WeaponSwingDirectionAnalyzer.cs Line: 350)

[SwingDir] stage2 상세: normT 0.331~0.676, 임팩트 후보 normT=0.53 (t=2.403s) 중심 ±0.15s, 아크길이=0.133m, 접선벡터크기=4.772/8 (1에 가까울수록 일관 방향)
UnityEngine.Debug:ExtractStackTraceNoAlloc (byte*,int,string)
UnityEngine.StackTraceUtility:ExtractStackTrace ()
UnityEngine.DebugLogHandler:Internal_Log (UnityEngine.LogType,UnityEngine.LogOption,string,UnityEngine.Object)
UnityEngine.DebugLogHandler:LogFormat (UnityEngine.LogType,UnityEngine.Object,string,object[])
UnityEngine.Logger:Log (UnityEngine.LogType,object)
UnityEngine.Debug:Log (object)
WeaponSwingDirectionAnalyzer:LogStageResult (int,UnityEngine.Vector3[],int,single,single,string) (at Assets/Editor/WeaponSwingDirectionAnalyzer.cs:352)
WeaponSwingDirectionAnalyzer:AnalyzeWeaponCombo2 () (at Assets/Editor/WeaponSwingDirectionAnalyzer.cs:295)

(Filename: Assets/Editor/WeaponSwingDirectionAnalyzer.cs Line: 352)

[SwingDir] RESULT stage3 yaw=143.6 pitch=28.7 bone=RightHand confidence=arc0.269m segments=8 window=3.658s~3.958s tangent=(0.520,0.481,-0.706)
UnityEngine.Debug:ExtractStackTraceNoAlloc (byte*,int,string)
UnityEngine.StackTraceUtility:ExtractStackTrace ()
UnityEngine.DebugLogHandler:Internal_Log (UnityEngine.LogType,UnityEngine.LogOption,string,UnityEngine.Object)
UnityEngine.DebugLogHandler:LogFormat (UnityEngine.LogType,UnityEngine.Object,string,object[])
UnityEngine.Logger:Log (UnityEngine.LogType,object)
UnityEngine.Debug:Log (object)
WeaponSwingDirectionAnalyzer:LogStageResult (int,UnityEngine.Vector3[],int,single,single,string) (at Assets/Editor/WeaponSwingDirectionAnalyzer.cs:350)
WeaponSwingDirectionAnalyzer:AnalyzeWeaponCombo2 () (at Assets/Editor/WeaponSwingDirectionAnalyzer.cs:295)

(Filename: Assets/Editor/WeaponSwingDirectionAnalyzer.cs Line: 350)

[SwingDir] stage3 상세: normT 0.676~1.000, 임팩트 후보 normT=0.84 (t=3.808s) 중심 ±0.15s, 아크길이=0.269m, 접선벡터크기=7.039/8 (1에 가까울수록 일관 방향)
UnityEngine.Debug:ExtractStackTraceNoAlloc (byte*,int,string)
UnityEngine.StackTraceUtility:ExtractStackTrace ()
UnityEngine.DebugLogHandler:Internal_Log (UnityEngine.LogType,UnityEngine.LogOption,string,UnityEngine.Object)
UnityEngine.DebugLogHandler:LogFormat (UnityEngine.LogType,UnityEngine.Object,string,object[])
UnityEngine.Logger:Log (UnityEngine.LogType,object)
UnityEngine.Debug:Log (object)
WeaponSwingDirectionAnalyzer:LogStageResult (int,UnityEngine.Vector3[],int,single,single,string) (at Assets/Editor/WeaponSwingDirectionAnalyzer.cs:352)
WeaponSwingDirectionAnalyzer:AnalyzeWeaponCombo2 () (at Assets/Editor/WeaponSwingDirectionAnalyzer.cs:295)

(Filename: Assets/Editor/WeaponSwingDirectionAnalyzer.cs Line: 352)

[SwingDir] 궤적 요약(1줄): start=(0.287,0.400,-0.017) end=(0.288,0.398,-0.017) centroid=(0.185,0.468,0.033) 중심이동=0.132m 총경로=4.170m 최대이동=0.002m (프레임 137개)
UnityEngine.Debug:ExtractStackTraceNoAlloc (byte*,int,string)
UnityEngine.StackTraceUtility:ExtractStackTrace ()
UnityEngine.DebugLogHandler:Internal_Log (UnityEngine.LogType,UnityEngine.LogOption,string,UnityEngine.Object)
UnityEngine.DebugLogHandler:LogFormat (UnityEngine.LogType,UnityEngine.Object,string,object[])
UnityEngine.Logger:Log (UnityEngine.LogType,object)
UnityEngine.Debug:Log (object)
WeaponSwingDirectionAnalyzer:LogTrajectorySummary (UnityEngine.Vector3[]) (at Assets/Editor/WeaponSwingDirectionAnalyzer.cs:371)
WeaponSwingDirectionAnalyzer:AnalyzeWeaponCombo2 () (at Assets/Editor/WeaponSwingDirectionAnalyzer.cs:298)

(Filename: Assets/Editor/WeaponSwingDirectionAnalyzer.cs Line: 371)

[SwingDir] ────────── 실측 완료 — 위 RESULT 수치로 HumanoidClipDriver.FireComboSlash/ComboStageDirection 상수 교체는 다음 단계에서 진행 ──────────
UnityEngine.Debug:ExtractStackTraceNoAlloc (byte*,int,string)
UnityEngine.StackTraceUtility:ExtractStackTrace ()
UnityEngine.DebugLogHandler:Internal_Log (UnityEngine.LogType,UnityEngine.LogOption,string,UnityEngine.Object)
UnityEngine.DebugLogHandler:LogFormat (UnityEngine.LogType,UnityEngine.Object,string,object[])
UnityEngine.Logger:Log (UnityEngine.LogType,object)
UnityEngine.Debug:Log (object)
WeaponSwingDirectionAnalyzer:AnalyzeWeaponCombo2 () (at Assets/Editor/WeaponSwingDirectionAnalyzer.cs:300)

(Filename: Assets/Editor/WeaponSwingDirectionAnalyzer.cs Line: 300)

Font Asset [LiberationSans SDF - Fallback] Units Per EM set to 2048. Please commit the newly serialized value.
UnityEngine.Debug:ExtractStackTraceNoAlloc (byte*,int,string)
UnityEngine.StackTraceUtility:ExtractStackTrace ()
UnityEngine.DebugLogHandler:Internal_Log (UnityEngine.LogType,UnityEngine.LogOption,string,UnityEngine.Object)
UnityEngine.DebugLogHandler:LogFormat (UnityEngine.LogType,UnityEngine.Object,string,object[])
UnityEngine.Logger:Log (UnityEngine.LogType,object)
UnityEngine.Debug:Log (object)
TMPro.TMP_FontAsset:ReadFontAssetDefinition () (at ./Library/PackageCache/com.unity.ugui@1f2d1ab0d950/Runtime/TMP/TMP_FontAsset.cs:820)
TMPro.TMP_FontAsset:OnValidate () (at ./Library/PackageCache/com.unity.ugui@1f2d1ab0d950/Runtime/TMP/TMP_FontAsset.cs:758)
UnityEditor.AssetDatabase:LoadAssetAtPath (string,System.Type)
UnityEditor.AssetDatabase:LoadAssetAtPath<TMPro.TMP_FontAsset> (string)
TMPro.EditorEventCallbacks/<>c:<InitializeFontAssetResourceChangeCallBacks>b__0_0 () (at ./Library/PackageCache/com.unity.ugui@1f2d1ab0d950/Editor/TMP/TMP_EditorResourceManager.cs:32)
UnityEditor.EditorApplication:Internal_EditorApplicationQuit ()
WeaponSwingDirectionAnalyzer:FinishOk () (at Assets/Editor/WeaponSwingDirectionAnalyzer.cs:417)
WeaponSwingDirectionAnalyzer:AnalyzeWeaponCombo2 () (at Assets/Editor/WeaponSwingDirectionAnalyzer.cs:301)

(Filename: ./Library/PackageCache/com.unity.ugui@1f2d1ab0d950/Runtime/TMP/TMP_FontAsset.cs Line: 820)

Start importing ProjectSettings/EditorBuildSettings.asset using Guid(0000000000000000b000000000000000) (LibraryAssetImporter) -> (Import Result ID: 'bd52947ed447db5b1a3fd28b4c69231b') in 0.1103403 seconds [static dependencies only]. Details - ImportResultOutputID=d777934f36c664454d62eda103573334 DependenciesID=6e07365756e0b154cce5b039bbda3d76 StaticDependenciesID=92333616223ccd73505ef5204746baf5 
Refreshing native plugins compatible for Editor in 7.02 ms, found 5 plugins.
(Values over 0.050ms)
Asset Pipeline Refresh (id=c6baff6395251bd468729376892a1f19): Total: 0.412 seconds - Initiated by StopAssetImportingV2(NoUpdateAssetOptions)
	Summary:
		Imports: total=1 (actual=1, local cache=0, cache server=0)
		Asset DB Process Time: managed=13 ms, native=346 ms
		Asset DB Callback time: managed=10 ms, native=40 ms
		Scripting: domain reloads=0, domain reload time=0 ms, compile time=0 ms, other=0 ms
		Project Asset Count: scripts=2450, non-scripts=6808
		Asset File Changes: new=0, changed=0, moved=0, deleted=0
		Scan Filter Count: 1
	ApplyChangesToAssetFolders: 0.155ms
	Scan: 105.282ms
	ProcessAssetsWithTransientArtifactChanges: 0.200ms
	CategorizeAssets: 100.846ms
	ImportOutOfDateAssets: 134.805ms (0.979ms without children)
		ImportManagerImport: 130.025ms (3.641ms without children)
			UpdateCategorizedAssets: 0.055ms
		UnloadImportedAssets: 0.270ms
		EnsureUptoDateAssetsAreRegisteredWithGuidPM: 1.970ms
		OnDemandSchedulerStart: 1.502ms
	PostProcessAllAssets: 43.907ms
		XRBuildSystem.XRAssetImported 32.883ms
		MonoPostProcessAllAssets: 10.845ms
			AssetPostprocessor.OnPostprocessAllAssets 9.963ms
			RenderPipelineGlobalSettingsPostprocessor.OnPostprocessAllAssets 0.155ms
			SyncVS.PostprocessSyncProject 0.117ms
			ShaderGraphAssetPostProcessor.OnPostprocessAllAssets 0.109ms
			ModelAssetProcessor.OnPostprocessAllAssets 0.053ms
	PostAssetChangesProfiler: 7.261ms
	GatherAllCurrentPrimaryImportResultRevisions: 0.893ms
	UnloadStreamsBegin: 0.164ms
	PersistCurrentRevisions: 0.638ms
	Untracked: 17.637ms

[Physics::Module] Cleanup current backend.
[Physics::Module] Id: 0xf2b8ea05
Input System module state changed to: ShutdownInProgress.
Input Polling Thread exited.
Input System module state changed to: Shutdown.
[Licensing::IpcConnector] LicenseClient-korea-notifications channel disconnected successfully.
[Licensing::IpcConnector] LicenseClient-korea channel disconnected successfully.
AcceleratorClientConnectionCallback - disconnected - :0
Cleanup mono
CodeReloadManager destroyed
abort_threads: Failed aborting id: 0000000000000F7C, mono_thread_manage will ignore it

abort_threads: Failed aborting id: 0000000000000ABC, mono_thread_manage will ignore it

abort_threads: Failed aborting id: 0000000000000B10, mono_thread_manage will ignore it

abort_threads: Failed aborting id: 0000000000000F7C, mono_thread_manage will ignore it

abort_threads: Failed aborting id: 0000000000000ABC, mono_thread_manage will ignore it

abort_threads: Failed aborting id: 0000000000000B10, mono_thread_manage will ignore it

debugger-agent: Unable to listen on 3144
Checking for leaked weakptr:
  Found no leaked weakptrs.
[Package Manager] Server process was shutdown
##utp:{"type":"MemoryLeaks","version":2,"phase":"Immediate","time":1789092146642,"processId":10584,"allocatedMemory":20277800,"memoryLabels":[{"Default":274501},{"Permanent":15276},{"NewDelete":66075},{"Thread":4237512},{"Manager":22477},{"VertexData":8},{"Geometry":816},{"Texture":24},{"Shader":858018},{"Material":24},{"GfxDevice":57360},{"Animation":392},{"Audio":3008},{"FreeType":8},{"FontEngine":736},{"Physics":2090},{"Physics2D":16},{"Serialization":952},{"Input":9880},{"JobScheduler":33024},{"TextLib":216},{"Mono":32},{"MonoCode":64},{"ScriptingNativeRuntime":155052},{"BaseObject":1620368},{"Resource":1184},{"Renderer":3008},{"Transform":4685},{"File":4005},{"WebCam":616},{"Culling":32},{"Terrain":11394},{"Wind":24},{"STL":40},{"String":15608},{"StaticString":6718},{"Utility":2671686},{"Curl":2478},{"PoolAlloc":2888},{"AI":80},{"TypeTree":13637},{"ScriptManager":448},{"RuntimeInitializeOnLoadManager":64},{"SpriteAtlas":120},{"GI":7792},{"Director":8320},{"CloudService":7424},{"WebRequest":808},{"VR":48050},{"SceneManager":504},{"Video":64},{"LazyScriptCache":32},{"Camera":17},{"Secure":2377},{"SerializationCache":1576},{"APIUpdating":10320},{"Subsystems":336},{"VirtualTexturing":57888},{"StaticSafetyDebugInfo":278528},{"Analytics":648},{"Hierarchy":608},{"CoreStats":13112},{"Identifiers":12960},{"Gui":128},{"EditorUtility":124783},{"VersionControl":4},{"Undo":931},{"AssetDatabase":9549679},{"EditorGi":328},{"UnityConnect":37753},{"Upm":1912},{"UpmDiagnostics":8},{"AssetCompliance":64},{"DrivenProperties":72},{"LocalIPC":260},{"ProfilerEditor":9746},{"CoreBusinessMetrics":2932},{"Windowing":456},{"Licensing":776},{"AssetReference":32},{"IPCStream":32}]}
~StackAllocator(ALLOC_TEMP_MAIN) m_LastAlloc not NULL. Did you forget to call FreeAllStackAllocations()? To get more information, run app with -diag-temp-memory-leak-validation cmd line argument
