[Licensing::Module] Trying to connect to existing licensing client channel...
Built from '6000.4/staging' branch; Version is '6000.4.10f1 (feeafc12a938) revision 16706300'; Using compiler version '194234433'; Build Type 'Release'
[Licensing::IpcConnector] Successfully connected to: "LicenseClient-korea" at "2026-09-08T02:17:20.0143753Z"
OS: 'Windows 10  (10.0.19045) 64bit Core' Language: 'ko' Physical Memory: 7880 MB
BatchMode: 1, IsHumanControllingUs: 0, StartBugReporterOnCrash: 0, Is64bit: 1
System  architecture: x64
Process architecture: x64
Date: 2026-09-08T02:17:20Z

COMMAND LINE ARGUMENTS:
Unity.exe
-quit
-batchmode
-projectPath
C:/Unity/code
-executeMethod
ProjectName.EditorTools.UserAnimDiag.Diag
-logFile
C:/Unity/code/unity_diag.log
Successfully changed project path to: C:/Unity/code
C:/Unity/code
[UnityMemory] Configuration Parameters - Can be set up in boot.config
    "memorysetup-temp-allocator-size-gi-baking-worker=262144"
    "memorysetup-temp-allocator-size-gi-baking-worker=262144"
    "memorysetup-temp-allocator-size-gi-baking-worker=262144"
    "memorysetup-temp-allocator-size-gi-baking-worker=262144"
    "memorysetup-temp-allocator-size-gi-baking-worker=262144"
    "memorysetup-temp-allocator-size-nav-mesh-worker=65536"
    "memorysetup-temp-allocator-size-audio-worker=65536"
    "memorysetup-temp-allocator-size-cloud-worker=32768"
    "memorysetup-temp-allocator-size-gfx=262144"
    "memorysetup-temp-allocator-size-preload-manager=33554432"
    "memorysetup-temp-allocator-size-job-worker=262144"
    "memorysetup-temp-allocator-size-background-worker=32768"
    "memorysetup-allocator-temp-initial-block-size-main=262144"
    "memorysetup-allocator-temp-initial-block-size-worker=262144"
    "memorysetup-bucket-allocator-granularity=16"
    "memorysetup-bucket-allocator-bucket-count=8"
    "memorysetup-bucket-allocator-block-size=33554432"
    "memorysetup-bucket-allocator-block-count=8"
    "memorysetup-main-allocator-block-size=16777216"
    "memorysetup-thread-allocator-block-size=16777216"
    "memorysetup-gfx-main-allocator-block-size=16777216"
    "memorysetup-gfx-thread-allocator-block-size=16777216"
    "memorysetup-cache-allocator-block-size=4194304"
    "memorysetup-typetree-allocator-block-size=2097152"
    "memorysetup-profiler-bucket-allocator-granularity=16"
    "memorysetup-profiler-bucket-allocator-bucket-count=8"
    "memorysetup-profiler-bucket-allocator-block-size=33554432"
    "memorysetup-profiler-bucket-allocator-block-count=8"
    "memorysetup-profiler-allocator-block-size=16777216"
    "memorysetup-profiler-editor-allocator-block-size=1048576"
    "memorysetup-temp-allocator-size-main=16777216"
    "memorysetup-job-temp-allocator-block-size=2097152"
    "memorysetup-job-temp-allocator-block-size-background=1048576"
    "memorysetup-job-temp-allocator-reduction-small-platforms=262144"
[Licensing::Client] Code 10 while verifying Licensing Client signature (process Id: 7704, path: "C:/Program Files/Unity/Hub/Editor/6000.4.10f1/Editor/Data/Resources/Licensing/Client/Unity.Licensing.Client.exe")
[Licensing::Module] LicensingClient has failed validation; ignoring
[Licensing::Client] Handshaking with LicensingClient:
  Version:                 1.18.1+9fbee8e
  Session Id:              432fb8bf2cf74456b325f61bab4dde5d
  Correlation Id:          66307c5700fd91d1fa8a0db60c70a5f0
  External correlation Id: 4288859535238204032
  Machine Id:              5cJWr0XiXK4/b2/xsaHUUO6HAA8=
[Licensing::Module] Successfully connected to LicensingClient on channel: "LicenseClient-korea" (connect: 0.00s, validation: 0.01s, handshake: 0.14s)
[Licensing::IpcConnector] Successfully connected to: "LicenseClient-korea-notifications" at "2026-09-08T02:17:20.1587813Z"
[Licensing::Module] Error: Access token is unavailable; failed to update
Player connection [14048]  Target information:

Player connection [14048]  * "[IP] 172.21.112.1 [Port] 55504 [Flags] 2 [Guid] 4094449596 [EditorId] 4094449596 [Version] 1048832 [Id] WindowsEditor(7,DESKTOP-N0QMTC3) [Debug] 1 [PackageName] WindowsEditor [ProjectName] Editor" 

Player connection [14048]  * "[IP] 192.168.219.108 [Port] 55504 [Flags] 2 [Guid] 4094449596 [EditorId] 4094449596 [Version] 1048832 [Id] WindowsEditor(7,DESKTOP-N0QMTC3) [Debug] 1 [PackageName] WindowsEditor [ProjectName] Editor" 

[Licensing::Client] Successfully resolved entitlement details
[Licensing::Module] License group:
  Id: 14569764733855-UnityPersXXXX
  Product: Unity Personal
  Type: Assigned
  Expiration: Unlimited
[Licensing::Client] Successfully updated license, isAsync: True, time: 0.00
[Licensing::Client] Successfully resolved entitlement details
[Licensing::Module] Licensing Background thread has ended after 0.19s
Player connection [14048] Host joined multi-casting on [225.0.0.222:54997]...
Player connection [14048] Host joined alternative multi-casting on [225.0.0.222:34997]...
Input System module state changed to: Initialized.
[Physics::Module] Initialized fallback backend.
[Physics::Module] Id: 0xdecafbad
[Package Manager] Connected to IPC stream "Upm-13780" after 0.5 seconds.
[Licensing::Client] Successfully resolved entitlement details
Library Redirect Path: Library/
[Physics::Module] Selected backend.
[Physics::Module] Name: PhysX
[Physics::Module] Id: 0xf2b8ea05
[Physics::Module] SDK Version: 4.1.2
[Physics::Module] Integration Version: 1.0.0
[Physics::Module] Threading Mode: Multi-Threaded
Refreshing native plugins compatible for Editor in 2.12 ms, found 0 plugins.
Initialize engine version: 6000.4.10f1 (feeafc12a938)
[Subsystems] Discovering subsystems at path C:/Program Files/Unity/Hub/Editor/6000.4.10f1/Editor/Data/Resources/UnitySubsystems
[Subsystems] Discovering subsystems at path C:/Unity/code/Assets
GfxDevice: creating device client; kGfxThreadingModeNonThreaded
d3d12: failed to query info queue interface (0x80004002).
Direct3D:
    Version:         Direct3D 12 [level 12.1]
    Renderer:        Intel(R) HD Graphics 530 (ID=0x1912)
    Vendor:          Intel
    VRAM:            3940 MB
    App VRAM Budget: 3546 MB
    Driver:          25.20.100.6577
    Unified Memory Architecture
    Cache Coherent UMA
Initialize mono
Mono path[0] = 'C:/Program Files/Unity/Hub/Editor/6000.4.10f1/Editor/Data/Managed'
Mono path[1] = 'C:/Program Files/Unity/Hub/Editor/6000.4.10f1/Editor/Data/MonoBleedingEdge/lib/mono/unityjit-win32'
Mono config path = 'C:/Program Files/Unity/Hub/Editor/6000.4.10f1/Editor/Data/MonoBleedingEdge/etc'
Using monoOptions --debugger-agent=transport=dt_socket,embedding=1,server=y,suspend=n,address=127.0.0.1:56780
CodeReloadManager initialized
Using cacheserver namespaces - metadata:defaultmetadata, artifacts:defaultartifacts
Using cacheserver namespaces - metadata:defaultmetadata, artifacts:defaultartifacts
ImportWorker Server TCP listen port: 0
AcceleratorClientConnectionCallback - disconnected - :0
Begin MonoManager ReloadAssembly
Registering precompiled unity dll's ...
Register platform support module: C:/Program Files/Unity/Hub/Editor/6000.4.10f1/Editor/Data/PlaybackEngines/WebGLSupport/UnityEditor.WebGL.Extensions.dll
Register platform support module: C:/Program Files/Unity/Hub/Editor/6000.4.10f1/Editor/Data/PlaybackEngines/WindowsStandaloneSupport/UnityEditor.WindowsStandalone.Extensions.dll
Registered in 0.005954 seconds.
Native extension for WindowsStandalone target not found
Native extension for WebGL target not found
Package Manager log level set to [2]
ScheduleIndexationOnStartup MainProcess:False IndexOnStartup:True
Mono: successfully reloaded assembly
- Finished resetting the current domain, in  0.914 seconds
Domain Reload Profiling: 1841ms
	BeginReloadAssembly (286ms)
		CreateAndSetChildDomain (12ms)
	RebuildCommonClasses (73ms)
	RebuildNativeTypeToScriptingClass (27ms)
	initialDomainReloadingComplete (133ms)
	LoadAllAssembliesAndSetupDomain (404ms)
		LoadAssemblies (270ms)
		AnalyzeDomain (388ms)
			TypeCache.Refresh (386ms)
				TypeCache.ScanAssembly (359ms)
	FinalizeReload (917ms)
		SetupLoadedEditorAssemblies (0ms)
			InitializePlatformSupportModulesInManaged (87ms)
			BeforeProcessingInitializeOnLoad (173ms)
			ProcessInitializeOnLoadAttributes (210ms)
			ProcessInitializeOnLoadMethodAttributes (323ms)
[Licensing::Client] Successfully resolved entitlement details
Application.AssetDatabase Initial Refresh Start
[Package Manager] Restoring resolved packages state from cache
[Licensing::Client] Successfully resolved entitlement details
[Package Manager] Registered 70 packages:
  Packages from [https://packages.unity.com]:
    com.unity.animation.rigging@1.4.1 (location: C:\Unity\code\Library\PackageCache\com.unity.animation.rigging@ae5f251e1ed4)
    com.unity.cinemachine@3.1.3 (location: C:\Unity\code\Library\PackageCache\com.unity.cinemachine@624f919d8cdd)
    com.unity.cloud.gltfast@6.9.1 (location: C:\Unity\code\Library\PackageCache\com.unity.cloud.gltfast@161e8e5e9cfb)
    com.unity.collab-proxy@2.12.4 (location: C:\Unity\code\Library\PackageCache\com.unity.collab-proxy@0b1559bcd34e)
    com.unity.inputsystem@1.19.0 (location: C:\Unity\code\Library\PackageCache\com.unity.inputsystem@21a28c3a6c83)
    com.unity.localization@1.5.3 (location: C:\Unity\code\Library\PackageCache\com.unity.localization@aa064bb50234)
    com.unity.timeline@1.8.12 (location: C:\Unity\code\Library\PackageCache\com.unity.timeline@8cd8509afae5)
    com.unity.visualscripting@1.9.11 (location: C:\Unity\code\Library\PackageCache\com.unity.visualscripting@8bed5ad90189)
    com.unity.addressables@2.9.1 (location: C:\Unity\code\Library\PackageCache\com.unity.addressables@8460f1c9c927)
    com.unity.nuget.newtonsoft-json@3.2.2 (location: C:\Unity\code\Library\PackageCache\com.unity.nuget.newtonsoft-json@4dfd81071c64)
    com.unity.ide.visualstudio@2.0.27 (location: C:\Unity\code\Library\PackageCache\com.unity.ide.visualstudio@dc1ddd4f09b6)
    com.unity.ide.rider@3.0.40 (location: C:\Unity\code\Library\PackageCache\com.unity.ide.rider@e4950c6d131b)
    com.unity.editorcoroutines@1.1.0 (location: C:\Unity\code\Library\PackageCache\com.unity.editorcoroutines@87a15ed012c2)
    com.unity.performance.profile-analyzer@1.3.4 (location: C:\Unity\code\Library\PackageCache\com.unity.performance.profile-analyzer@418130329099)
    com.unity.testtools.codecoverage@1.3.0 (location: C:\Unity\code\Library\PackageCache\com.unity.testtools.codecoverage@19a841221620)
    com.unity.burst@1.8.29 (location: C:\Unity\code\Library\PackageCache\com.unity.burst@6bb9aca3ef38)
    com.unity.mathematics@1.3.3 (location: C:\Unity\code\Library\PackageCache\com.unity.mathematics@19a9377c4ffa)
    com.unity.ai.inference@2.6.1 (location: C:\Unity\code\Library\PackageCache\com.unity.ai.inference@9a123aee5df7)
    com.unity.splines@2.8.4 (location: C:\Unity\code\Library\PackageCache\com.unity.splines@9b00833aca09)
    com.unity.searcher@4.9.4 (location: C:\Unity\code\Library\PackageCache\com.unity.searcher@d45a78918735)
    com.unity.profiling.core@1.0.3 (location: C:\Unity\code\Library\PackageCache\com.unity.profiling.core@8a49f7027d06)
    com.unity.scriptablebuildpipeline@2.6.1 (location: C:\Unity\code\Library\PackageCache\com.unity.scriptablebuildpipeline@36e3b5898ee2)
    com.unity.settings-manager@2.1.1 (location: C:\Unity\code\Library\PackageCache\com.unity.settings-manager@0b8638c5ce86)
    com.unity.nuget.mono-cecil@1.11.6 (location: C:\Unity\code\Library\PackageCache\com.unity.nuget.mono-cecil@ecb9724e46ff)
    com.unity.test-framework.performance@3.4.0 (location: C:\Unity\code\Library\PackageCache\com.unity.test-framework.performance@aa81a99c4a75)
    com.unity.dt.app-ui@2.1.1 (location: C:\Unity\code\Library\PackageCache\com.unity.dt.app-ui@8ac7e730dd5d)
  Built-in packages:
    com.unity.sentis@2.2.0 (location: C:\Unity\code\Library\PackageCache\com.unity.sentis@eef1e5173b44)
    com.unity.feature.development@1.0.2 (location: C:\Unity\code\Library\PackageCache\com.unity.feature.development@767aadbc6eb7)
    com.unity.render-pipelines.universal@17.4.0 (location: C:\Unity\code\Library\PackageCache\com.unity.render-pipelines.universal@cdf909593d80)
    com.unity.test-framework@1.6.0 (location: C:\Unity\code\Library\PackageCache\com.unity.test-framework@996f223345ba)
    com.unity.textmeshpro@5.0.0 (location: C:\Unity\code\Library\PackageCache\com.unity.textmeshpro@53f43edfd2e0)
    com.unity.ugui@2.0.0 (location: C:\Unity\code\Library\PackageCache\com.unity.ugui@1f2d1ab0d950)
    com.unity.modules.ai@1.0.0 (location: C:\Unity\code\Library\PackageCache\com.unity.modules.ai)
    com.unity.modules.androidjni@1.0.0 (location: C:\Unity\code\Library\PackageCache\com.unity.modules.androidjni)
    com.unity.modules.animation@1.0.0 (location: C:\Unity\code\Library\PackageCache\com.unity.modules.animation)
    com.unity.modules.assetbundle@1.0.0 (location: C:\Unity\code\Library\PackageCache\com.unity.modules.assetbundle)
    com.unity.modules.audio@1.0.0 (location: C:\Unity\code\Library\PackageCache\com.unity.modules.audio)
    com.unity.modules.cloth@1.0.0 (location: C:\Unity\code\Library\PackageCache\com.unity.modules.cloth)
    com.unity.modules.director@1.0.0 (location: C:\Unity\code\Library\PackageCache\com.unity.modules.director)
    com.unity.modules.imageconversion@1.0.0 (location: C:\Unity\code\Library\PackageCache\com.unity.modules.imageconversion)
    com.unity.modules.imgui@1.0.0 (location: C:\Unity\code\Library\PackageCache\com.unity.modules.imgui)
    com.unity.modules.jsonserialize@1.0.0 (location: C:\Unity\code\Library\PackageCache\com.unity.modules.jsonserialize)
    com.unity.modules.particlesystem@1.0.0 (location: C:\Unity\code\Library\PackageCache\com.unity.modules.particlesystem)
    com.unity.modules.physics@1.0.0 (location: C:\Unity\code\Library\PackageCache\com.unity.modules.physics)
    com.unity.modules.physics2d@1.0.0 (location: C:\Unity\code\Library\PackageCache\com.unity.modules.physics2d)
    com.unity.modules.screencapture@1.0.0 (location: C:\Unity\code\Library\PackageCache\com.unity.modules.screencapture)
    com.unity.modules.terrain@1.0.0 (location: C:\Unity\code\Library\PackageCache\com.unity.modules.terrain)
    com.unity.modules.terrainphysics@1.0.0 (location: C:\Unity\code\Library\PackageCache\com.unity.modules.terrainphysics)
    com.unity.modules.tilemap@1.0.0 (location: C:\Unity\code\Library\PackageCache\com.unity.modules.tilemap)
    com.unity.modules.ui@1.0.0 (location: C:\Unity\code\Library\PackageCache\com.unity.modules.ui)
    com.unity.modules.uielements@1.0.0 (location: C:\Unity\code\Library\PackageCache\com.unity.modules.uielements)
    com.unity.modules.umbra@1.0.0 (location: C:\Unity\code\Library\PackageCache\com.unity.modules.umbra)
    com.unity.modules.unityanalytics@1.0.0 (location: C:\Unity\code\Library\PackageCache\com.unity.modules.unityanalytics)
    com.unity.modules.unitywebrequest@1.0.0 (location: C:\Unity\code\Library\PackageCache\com.unity.modules.unitywebrequest)
    com.unity.modules.unitywebrequestassetbundle@1.0.0 (location: C:\Unity\code\Library\PackageCache\com.unity.modules.unitywebrequestassetbundle)
    com.unity.modules.unitywebrequestaudio@1.0.0 (location: C:\Unity\code\Library\PackageCache\com.unity.modules.unitywebrequestaudio)
    com.unity.modules.unitywebrequesttexture@1.0.0 (location: C:\Unity\code\Library\PackageCache\com.unity.modules.unitywebrequesttexture)
    com.unity.modules.unitywebrequestwww@1.0.0 (location: C:\Unity\code\Library\PackageCache\com.unity.modules.unitywebrequestwww)
    com.unity.modules.vehicles@1.0.0 (location: C:\Unity\code\Library\PackageCache\com.unity.modules.vehicles)
    com.unity.modules.video@1.0.0 (location: C:\Unity\code\Library\PackageCache\com.unity.modules.video)
    com.unity.modules.vr@1.0.0 (location: C:\Unity\code\Library\PackageCache\com.unity.modules.vr)
    com.unity.modules.wind@1.0.0 (location: C:\Unity\code\Library\PackageCache\com.unity.modules.wind)
    com.unity.modules.xr@1.0.0 (location: C:\Unity\code\Library\PackageCache\com.unity.modules.xr)
    com.unity.modules.subsystems@1.0.0 (location: C:\Unity\code\Library\PackageCache\com.unity.modules.subsystems)
    com.unity.modules.hierarchycore@1.0.0 (location: C:\Unity\code\Library\PackageCache\com.unity.modules.hierarchycore)
    com.unity.ext.nunit@2.0.5 (location: C:\Unity\code\Library\PackageCache\com.unity.ext.nunit@d8c07649098d)
    com.unity.render-pipelines.core@17.4.0 (location: C:\Unity\code\Library\PackageCache\com.unity.render-pipelines.core@5aab14b68499)
    com.unity.shadergraph@17.4.0 (location: C:\Unity\code\Library\PackageCache\com.unity.shadergraph@93ee0fdc6ad8)
    com.unity.render-pipelines.universal-config@17.4.0 (location: C:\Unity\code\Library\PackageCache\com.unity.render-pipelines.universal-config@0db4263b9e6b)
    com.unity.collections@6.4.0 (location: C:\Unity\code\Library\PackageCache\com.unity.collections@5b6ebd78ccc0)
[Package Manager] com.unity.textmeshpro is deprecated: This package is no longer supported. TextMeshPro functionalities are now included in the com.unity.ugui package. To continue using them, consider adding it to your project dependencies.
[Subsystems] No new subsystems found in resolved package list.
[Package Manager] Done registering packages in 0.05 seconds
Assembly reference Packages/com.unity.cinemachine/Editor/Samples/ExposeHDRPInternals/HDRP-Editor-ref.asmref has no target assembly definition
Assembly reference Packages/com.unity.cinemachine/Editor/Samples/ExposeHDRPInternals/HDRP-Editor-ref.asmref has no target assembly definition
[ScriptCompilation] Requested script compilation because: AssetDatabase observed changes in script compilation related files
info: Microsoft.Hosting.Lifetime[14]
      Now listening on: http://localhost:80
info: Microsoft.Hosting.Lifetime[0]
      Application started. Press Ctrl+C to shut down.
info: Microsoft.Hosting.Lifetime[0]
      Hosting environment: Production
info: Microsoft.Hosting.Lifetime[0]
      Content root path: C:\Unity\code
info: Microsoft.AspNetCore.Hosting.Diagnostics[1]
      Request starting HTTP/2 POST http://ilpp/UnityILPP.PostProcessing/Ping - application/grpc -
info: Microsoft.AspNetCore.Routing.EndpointMiddleware[0]
      Executing endpoint 'gRPC - /UnityILPP.PostProcessing/Ping'
info: Microsoft.AspNetCore.Routing.EndpointMiddleware[1]
      Executed endpoint 'gRPC - /UnityILPP.PostProcessing/Ping'
info: Microsoft.AspNetCore.Hosting.Diagnostics[2]
      Request finished HTTP/2 POST http://ilpp/UnityILPP.PostProcessing/Ping - 200 - application/grpc 66.7563ms
Starting: C:\Program Files\Unity\Hub\Editor\6000.4.10f1\Editor\Data\Tools\BuildPipeline\bee_backend.exe --ipc --defer-dag-verification --dagfile="Library/Bee/1900b0aE.dag" --continue-on-failure --profile="Library/Bee/backend1.traceevents" ScriptAssemblies
WorkingDir: C:/Unity/code
DisplayProgressbar: Compiling Scripts
info: Microsoft.AspNetCore.Hosting.Diagnostics[1]
      Request starting HTTP/2 POST http://ilpp/UnityILPP.PostProcessing/ConfigurePostProcessors - application/grpc -
info: Microsoft.AspNetCore.Routing.EndpointMiddleware[0]
      Executing endpoint 'gRPC - /UnityILPP.PostProcessing/ConfigurePostProcessors'
warn: Unity.ILPP.Runner.PostProcessingAssemblyLoadContext[0]
      Assembly system.runtime.interopservices.windowsruntime has duplicate hint path. Ignoring "C:\Program Files\Unity\Hub\Editor\6000.4.10f1\Editor\Data\UnityReferenceAssemblies\unity-4.8-api\Facades\System.Runtime.InteropServices.WindowsRuntime.dll" in favor of "C:\Program Files\Unity\Hub\Editor\6000.4.10f1\Editor\Data\NetStandard\Extensions\2.0.0\System.Runtime.InteropServices.WindowsRuntime.dll"
warn: Unity.ILPP.Runner.PostProcessingAssemblyLoadContext[0]
      Assembly system.componentmodel.composition has duplicate hint path. Ignoring "C:\Program Files\Unity\Hub\Editor\6000.4.10f1\Editor\Data\UnityReferenceAssemblies\unity-4.8-api\System.ComponentModel.Composition.dll" in favor of "C:\Program Files\Unity\Hub\Editor\6000.4.10f1\Editor\Data\NetStandard\compat\2.1.0\shims\netfx\System.ComponentModel.Composition.dll"
info: Unity.ILPP.Runner.PostProcessingAssemblyLoadContext[0]
      Resolved Unity.Burst.Cecil, Version=0.11.6.0, Culture=neutral, PublicKeyToken=50cebf1cceb9d05e with Library\PackageCache\com.unity.burst@6bb9aca3ef38\Unity.Burst.CodeGen\Unity.Burst.Cecil.dll
info: Unity.ILPP.Runner.PostProcessingAssemblyLoadContext[0]
      Resolved Mono.Cecil, Version=0.11.5.0, Culture=neutral, PublicKeyToken=50cebf1cceb9d05e with Library\PackageCache\com.unity.nuget.mono-cecil@ecb9724e46ff\Mono.Cecil.dll
info: Microsoft.AspNetCore.Routing.EndpointMiddleware[1]
      Executed endpoint 'gRPC - /UnityILPP.PostProcessing/ConfigurePostProcessors'
info: Microsoft.AspNetCore.Hosting.Diagnostics[2]
      Request finished HTTP/2 POST http://ilpp/UnityILPP.PostProcessing/ConfigurePostProcessors - 200 - application/grpc 989.5347ms
Starting: C:\Program Files\Unity\Hub\Editor\6000.4.10f1\Editor\Data\netcorerun\netcorerun.exe "C:\Program Files\Unity\Hub\Editor\6000.4.10f1\Editor\Data\Tools\BuildPipeline\ScriptCompilationBuildProgram.exe" "Library/Bee/1900b0aE.dag.json" "Library/Bee/1900b0aE-inputdata.json" "Library\Bee\buildprogram0.traceevents"
WorkingDir: C:/Unity/code
ExitCode: 4 Duration: 1s675ms
Rebuilding DAG because FileSignature timestamp changed: Library/Bee/1900b0aE-inputdata.json
[ 889/1401  1s] ILPP-Configuration Library/ilpp-configuration.nevergeneratedoutput
*** Tundra requires additional run (1.61 seconds), 1 items updated, 886 evaluated
ExitCode: 0 Duration: 3s935ms
Starting: C:\Program Files\Unity\Hub\Editor\6000.4.10f1\Editor\Data\Tools\BuildPipeline\bee_backend.exe --ipc --defer-dag-verification --dagfile="Library/Bee/1900b0aE.dag" --continue-on-failure --dagfilejson="Library\Bee\1900b0aE.dag.json" --profile="Library/Bee/backend2.traceevents" ScriptAssemblies
WorkingDir: C:/Unity/code
info: Microsoft.AspNetCore.Hosting.Diagnostics[1]
      Request starting HTTP/2 POST http://ilpp/UnityILPP.PostProcessing/ConfigurePostProcessors - application/grpc -
info: Microsoft.AspNetCore.Routing.EndpointMiddleware[0]
      Executing endpoint 'gRPC - /UnityILPP.PostProcessing/ConfigurePostProcessors'
info: Unity.ILPP.Runner.PostProcessingAssemblyLoadContext[0]
      Current configuration matches the requested one, skipping
info: Microsoft.AspNetCore.Routing.EndpointMiddleware[1]
      Executed endpoint 'gRPC - /UnityILPP.PostProcessing/ConfigurePostProcessors'
info: Microsoft.AspNetCore.Hosting.Diagnostics[2]
      Request finished HTTP/2 POST http://ilpp/UnityILPP.PostProcessing/ConfigurePostProcessors - 200 - application/grpc 50.1830ms
info: Microsoft.AspNetCore.Hosting.Diagnostics[1]
      Request starting HTTP/2 POST http://ilpp/UnityILPP.PostProcessing/PostProcessAssembly - application/grpc -
info: Microsoft.AspNetCore.Routing.EndpointMiddleware[0]
      Executing endpoint 'gRPC - /UnityILPP.PostProcessing/PostProcessAssembly'
info: Unity.ILPP.Runner.PostProcessingPipeline[0]
      Processing assembly Library/Bee/artifacts/1900b0aE.dag/Assembly-CSharp-Editor.dll, with 142 defines and 381 references
info: Unity.ILPP.Runner.PostProcessingPipeline[0]
      processors: Unity.Jobs.CodeGen.JobsILPostProcessor, zzzUnity.Burst.CodeGen.BurstILPostProcessor
info: Unity.ILPP.Runner.PostProcessingPipeline[0]
      running Unity.Jobs.CodeGen.JobsILPostProcessor
info: Unity.ILPP.Runner.PostProcessingAssemblyLoadContext[0]
      Resolved Unity.Collections, Version=0.0.0.0, Culture=neutral, PublicKeyToken=null with Library\Bee\artifacts\1900b0aE.dag\Unity.Collections.dll
info: Unity.ILPP.Runner.PostProcessingAssemblyLoadContext[0]
      Resolved UnityEditor.CoreModule, Version=0.0.0.0, Culture=neutral, PublicKeyToken=null with C:\Program Files\Unity\Hub\Editor\6000.4.10f1\Editor\Data\Managed\UnityEngine\UnityEditor.CoreModule.dll
info: Unity.ILPP.Runner.PostProcessingAssemblyLoadContext[0]
      Resolved UnityEngine.CoreModule, Version=0.0.0.0, Culture=neutral, PublicKeyToken=null with C:\Program Files\Unity\Hub\Editor\6000.4.10f1\Editor\Data\Managed\UnityEngine\UnityEngine.CoreModule.dll
info: Unity.ILPP.Runner.PostProcessingPipeline[0]
      running zzzUnity.Burst.CodeGen.BurstILPostProcessor
info: Unity.ILPP.Runner.PostProcessingAssemblyLoadContext[0]
      Resolved Unity.Burst.Cecil.Rocks, Version=0.11.6.0, Culture=neutral, PublicKeyToken=50cebf1cceb9d05e with Library\PackageCache\com.unity.burst@6bb9aca3ef38\Unity.Burst.CodeGen\Unity.Burst.Cecil.Rocks.dll
info: Microsoft.AspNetCore.Routing.EndpointMiddleware[1]
      Executed endpoint 'gRPC - /UnityILPP.PostProcessing/PostProcessAssembly'
info: Microsoft.AspNetCore.Hosting.Diagnostics[2]
      Request finished HTTP/2 POST http://ilpp/UnityILPP.PostProcessing/PostProcessAssembly - 200 - application/grpc 768.1721ms
ExitCode: 0 Duration: 5s48ms
Finished compiling graph: 1405 nodes, 28579 flattened edges (23153 ToBuild, 232 ToUse), maximum node priority 1579
[ 674/1401  0s] WriteText Library/Bee/artifacts/1900b0aE.dag/Assembly-CSharp-Editor.rsp
[1069/1401  0s] ILPP-Configuration Library/ilpp-configuration.nevergeneratedoutput
[1397/1401  0s] Csc Library/Bee/artifacts/1900b0aE.dag/Assembly-CSharp-Editor.dll (+2 others)
Assets\Editor\FixMainScene.cs(5,7): warning CS0105: The using directive for 'UnityEngine.SceneManagement' appeared previously in this namespace

Assets\Editor\DayNightCycleReferenceFixer.cs(24,19): warning CS0618: 'Object.FindFirstObjectByType<T>()' is obsolete: 'FindFirstObjectByType has been deprecated because it relies on instance ID ordering. Use FindAnyObjectByType instead, which does not depend on ordering.'

Assets\Editor\CapturePlayFrame.cs(19,57): warning CS0618: 'FindObjectsSortMode' is obsolete: 'FindObjectsSortMode has been deprecated. Use the FindObjectsByType overloads that do not take a FindObjectsSortMode parameter.'

Assets\Editor\CapturePlayFrame.cs(19,24): warning CS0618: 'Object.FindObjectsByType<T>(FindObjectsSortMode)' is obsolete: 'FindObjectsByType with FindObjectsSortMode parameter has been deprecated. Use FindObjectsByType<T>() or FindObjectsByType<T>(FindObjectsInactive) instead. InstanceID will be replaced in the future with EntityId and previous sort order cannot be maintained.'

Assets\Editor\DiagnoseTerrain.cs(19,59): warning CS0618: 'FindObjectsSortMode' is obsolete: 'FindObjectsSortMode has been deprecated. Use the FindObjectsByType overloads that do not take a FindObjectsSortMode parameter.'

Assets\Editor\DiagnoseTerrain.cs(19,27): warning CS0618: 'Object.FindObjectsByType<T>(FindObjectsSortMode)' is obsolete: 'FindObjectsByType with FindObjectsSortMode parameter has been deprecated. Use FindObjectsByType<T>() or FindObjectsByType<T>(FindObjectsInactive) instead. InstanceID will be replaced in the future with EntityId and previous sort order cannot be maintained.'

Assets\Editor\FixFinal_Complete.cs(86,44): warning CS0618: 'CinemachineCollider' is obsolete: 'CinemachineCollider has been deprecated. Use CinemachineDeoccluder instead'

Assets\Editor\FixFinal_Complete.cs(87,62): warning CS0618: 'CinemachineCollider' is obsolete: 'CinemachineCollider has been deprecated. Use CinemachineDeoccluder instead'

Assets\Editor\FixFinal_Complete.cs(93,32): warning CS0618: 'CinemachineCollider' is obsolete: 'CinemachineCollider has been deprecated. Use CinemachineDeoccluder instead'

Assets\Editor\FixAllCriticalIssues.cs(207,27): warning CS0618: 'Object.FindFirstObjectByType<T>()' is obsolete: 'FindFirstObjectByType has been deprecated because it relies on instance ID ordering. Use FindAnyObjectByType instead, which does not depend on ordering.'

Assets\Editor\FixAllCriticalIssues.cs(216,32): warning CS0618: 'Object.FindFirstObjectByType<T>()' is obsolete: 'FindFirstObjectByType has been deprecated because it relies on instance ID ordering. Use FindAnyObjectByType instead, which does not depend on ordering.'

Assets\Editor\FixAllCriticalIssues.cs(225,28): warning CS0618: 'Object.FindFirstObjectByType<T>()' is obsolete: 'FindFirstObjectByType has been deprecated because it relies on instance ID ordering. Use FindAnyObjectByType instead, which does not depend on ordering.'

Assets\Editor\FixAllCriticalIssues.cs(242,25): warning CS0618: 'Object.FindFirstObjectByType<T>()' is obsolete: 'FindFirstObjectByType has been deprecated because it relies on instance ID ordering. Use FindAnyObjectByType instead, which does not depend on ordering.'

Assets\Editor\FixPhase1_Terrain.cs(51,26): warning CS0618: 'Object.FindFirstObjectByType<T>()' is obsolete: 'FindFirstObjectByType has been deprecated because it relies on instance ID ordering. Use FindAnyObjectByType instead, which does not depend on ordering.'

Assets\Editor\DeepDiagnoseScene.cs(193,26): warning CS0618: 'Object.FindFirstObjectByType<T>()' is obsolete: 'FindFirstObjectByType has been deprecated because it relies on instance ID ordering. Use FindAnyObjectByType instead, which does not depend on ordering.'

Assets\Editor\FixPhase4_Camera.cs(106,44): warning CS0618: 'CinemachineCollider' is obsolete: 'CinemachineCollider has been deprecated. Use CinemachineDeoccluder instead'

Assets\Editor\FixPhase4_Camera.cs(107,62): warning CS0618: 'CinemachineCollider' is obsolete: 'CinemachineCollider has been deprecated. Use CinemachineDeoccluder instead'

Assets\Editor\FixPhase4_Camera.cs(113,32): warning CS0618: 'CinemachineCollider' is obsolete: 'CinemachineCollider has been deprecated. Use CinemachineDeoccluder instead'

Assets\Editor\GroundDiagRunner.cs(19,25): warning CS0618: 'Object.FindObjectsOfType<T>()' is obsolete: 'Object.FindObjectsOfType has been deprecated. Use Object.FindObjectsByType instead which lets you decide whether you need the results sorted or not.  FindObjectsOfType sorts the results by InstanceID but if you do not need this using FindObjectSortMode.None is considerably faster.'

Assets\Editor\DeepDiagnoseScene.cs(454,21): warning CS0618: 'Object.FindFirstObjectByType<T>()' is obsolete: 'FindFirstObjectByType has been deprecated because it relies on instance ID ordering. Use FindAnyObjectByType instead, which does not depend on ordering.'

Assets\Editor\FixMainScene.cs(939,19): warning CS0618: 'Object.FindFirstObjectByType<T>()' is obsolete: 'FindFirstObjectByType has been deprecated because it relies on instance ID ordering. Use FindAnyObjectByType instead, which does not depend on ordering.'
[1398/1401  0s] ILPostProcess Library/Bee/artifacts/1900b0aE.dag/post-processed/Assembly-CSharp-Editor.dll (+pdb)
Processing assembly Library/Bee/artifacts/1900b0aE.dag/Assembly-CSharp-Editor.dll, with 142 defines and 381 references

processors: Unity.Jobs.CodeGen.JobsILPostProcessor, zzzUnity.Burst.CodeGen.BurstILPostProcessor

running Unity.Jobs.CodeGen.JobsILPostProcessor

running zzzUnity.Burst.CodeGen.BurstILPostProcessor
[1399/1401  0s] CopyFiles Library/ScriptAssemblies/Assembly-CSharp-Editor.pdb
[1400/1401  0s] CopyFiles Library/ScriptAssemblies/Assembly-CSharp-Editor.dll
*** Tundra build success (4.99 seconds), 6 items updated, 1401 evaluated
Assets\Editor\FixMainScene.cs(5,7): warning CS0105: The using directive for 'UnityEngine.SceneManagement' appeared previously in this namespace
Assets\Editor\DayNightCycleReferenceFixer.cs(24,19): warning CS0618: 'Object.FindFirstObjectByType<T>()' is obsolete: 'FindFirstObjectByType has been deprecated because it relies on instance ID ordering. Use FindAnyObjectByType instead, which does not depend on ordering.'
Assets\Editor\CapturePlayFrame.cs(19,57): warning CS0618: 'FindObjectsSortMode' is obsolete: 'FindObjectsSortMode has been deprecated. Use the FindObjectsByType overloads that do not take a FindObjectsSortMode parameter.'
Assets\Editor\CapturePlayFrame.cs(19,24): warning CS0618: 'Object.FindObjectsByType<T>(FindObjectsSortMode)' is obsolete: 'FindObjectsByType with FindObjectsSortMode parameter has been deprecated. Use FindObjectsByType<T>() or FindObjectsByType<T>(FindObjectsInactive) instead. InstanceID will be replaced in the future with EntityId and previous sort order cannot be maintained.'
Assets\Editor\DiagnoseTerrain.cs(19,59): warning CS0618: 'FindObjectsSortMode' is obsolete: 'FindObjectsSortMode has been deprecated. Use the FindObjectsByType overloads that do not take a FindObjectsSortMode parameter.'
Assets\Editor\DiagnoseTerrain.cs(19,27): warning CS0618: 'Object.FindObjectsByType<T>(FindObjectsSortMode)' is obsolete: 'FindObjectsByType with FindObjectsSortMode parameter has been deprecated. Use FindObjectsByType<T>() or FindObjectsByType<T>(FindObjectsInactive) instead. InstanceID will be replaced in the future with EntityId and previous sort order cannot be maintained.'
Assets\Editor\FixFinal_Complete.cs(86,44): warning CS0618: 'CinemachineCollider' is obsolete: 'CinemachineCollider has been deprecated. Use CinemachineDeoccluder instead'
Assets\Editor\FixFinal_Complete.cs(87,62): warning CS0618: 'CinemachineCollider' is obsolete: 'CinemachineCollider has been deprecated. Use CinemachineDeoccluder instead'
Assets\Editor\FixFinal_Complete.cs(93,32): warning CS0618: 'CinemachineCollider' is obsolete: 'CinemachineCollider has been deprecated. Use CinemachineDeoccluder instead'
Assets\Editor\FixAllCriticalIssues.cs(207,27): warning CS0618: 'Object.FindFirstObjectByType<T>()' is obsolete: 'FindFirstObjectByType has been deprecated because it relies on instance ID ordering. Use FindAnyObjectByType instead, which does not depend on ordering.'
Assets\Editor\FixAllCriticalIssues.cs(216,32): warning CS0618: 'Object.FindFirstObjectByType<T>()' is obsolete: 'FindFirstObjectByType has been deprecated because it relies on instance ID ordering. Use FindAnyObjectByType instead, which does not depend on ordering.'
Assets\Editor\FixAllCriticalIssues.cs(225,28): warning CS0618: 'Object.FindFirstObjectByType<T>()' is obsolete: 'FindFirstObjectByType has been deprecated because it relies on instance ID ordering. Use FindAnyObjectByType instead, which does not depend on ordering.'
Assets\Editor\FixAllCriticalIssues.cs(242,25): warning CS0618: 'Object.FindFirstObjectByType<T>()' is obsolete: 'FindFirstObjectByType has been deprecated because it relies on instance ID ordering. Use FindAnyObjectByType instead, which does not depend on ordering.'
Assets\Editor\FixPhase1_Terrain.cs(51,26): warning CS0618: 'Object.FindFirstObjectByType<T>()' is obsolete: 'FindFirstObjectByType has been deprecated because it relies on instance ID ordering. Use FindAnyObjectByType instead, which does not depend on ordering.'
Assets\Editor\DeepDiagnoseScene.cs(193,26): warning CS0618: 'Object.FindFirstObjectByType<T>()' is obsolete: 'FindFirstObjectByType has been deprecated because it relies on instance ID ordering. Use FindAnyObjectByType instead, which does not depend on ordering.'
Assets\Editor\FixPhase4_Camera.cs(106,44): warning CS0618: 'CinemachineCollider' is obsolete: 'CinemachineCollider has been deprecated. Use CinemachineDeoccluder instead'
Assets\Editor\FixPhase4_Camera.cs(107,62): warning CS0618: 'CinemachineCollider' is obsolete: 'CinemachineCollider has been deprecated. Use CinemachineDeoccluder instead'
Assets\Editor\FixPhase4_Camera.cs(113,32): warning CS0618: 'CinemachineCollider' is obsolete: 'CinemachineCollider has been deprecated. Use CinemachineDeoccluder instead'
Assets\Editor\GroundDiagRunner.cs(19,25): warning CS0618: 'Object.FindObjectsOfType<T>()' is obsolete: 'Object.FindObjectsOfType has been deprecated. Use Object.FindObjectsByType instead which lets you decide whether you need the results sorted or not.  FindObjectsOfType sorts the results by InstanceID but if you do not need this using FindObjectSortMode.None is considerably faster.'
Assets\Editor\DeepDiagnoseScene.cs(454,21): warning CS0618: 'Object.FindFirstObjectByType<T>()' is obsolete: 'FindFirstObjectByType has been deprecated because it relies on instance ID ordering. Use FindAnyObjectByType instead, which does not depend on ordering.'
Assets\Editor\FixMainScene.cs(939,19): warning CS0618: 'Object.FindFirstObjectByType<T>()' is obsolete: 'FindFirstObjectByType has been deprecated because it relies on instance ID ordering. Use FindAnyObjectByType instead, which does not depend on ordering.'
AssetDatabase: script compilation time: 11.709213s
Begin MonoManager ReloadAssembly
Assembly Assembly-CSharp-Editor-firstpass.dll at Library/ScriptAssemblies/Assembly-CSharp-Editor-firstpass.dll not valid. Loading of assembly skipped.
Assembly Assembly-CSharp-firstpass.dll at Library/ScriptAssemblies/Assembly-CSharp-firstpass.dll not valid. Loading of assembly skipped.
Assembly DocCodeExamples.dll at Library/ScriptAssemblies/DocCodeExamples.dll not valid. Loading of assembly skipped.
Assembly TestNewCustomAssembly.dll at Library/ScriptAssemblies/TestNewCustomAssembly.dll not valid. Loading of assembly skipped.
Assembly Unity.Addressables.Editor.Tests.dll at Library/ScriptAssemblies/Unity.Addressables.Editor.Tests.dll not valid. Loading of assembly skipped.
Assembly Unity.Addressables.Runtime.Tests.dll at Library/ScriptAssemblies/Unity.Addressables.Runtime.Tests.dll not valid. Loading of assembly skipped.
Assembly Unity.AppUI.Editor.Tests.dll at Library/ScriptAssemblies/Unity.AppUI.Editor.Tests.dll not valid. Loading of assembly skipped.
Assembly Unity.AppUI.Tests.dll at Library/ScriptAssemblies/Unity.AppUI.Tests.dll not valid. Loading of assembly skipped.
Assembly Unity.Collections.BurstCompatibilityGen.dll at Library/ScriptAssemblies/Unity.Collections.BurstCompatibilityGen.dll not valid. Loading of assembly skipped.
Assembly Unity.Collections.DocCodeSamples.dll at Library/ScriptAssemblies/Unity.Collections.DocCodeSamples.dll not valid. Loading of assembly skipped.
Assembly Unity.Collections.PerformanceTests.dll at Library/ScriptAssemblies/Unity.Collections.PerformanceTests.dll not valid. Loading of assembly skipped.
Assembly Unity.Collections.Tests.dll at Library/ScriptAssemblies/Unity.Collections.Tests.dll not valid. Loading of assembly skipped.
Assembly Unity.Collections.Tests.Playmode.dll at Library/ScriptAssemblies/Unity.Collections.Tests.Playmode.dll not valid. Loading of assembly skipped.
Assembly Unity.InputSystem.IntegrationTests.dll at Library/ScriptAssemblies/Unity.InputSystem.IntegrationTests.dll not valid. Loading of assembly skipped.
Assembly Unity.Localization.DocCodeSamples.dll at Library/ScriptAssemblies/Unity.Localization.DocCodeSamples.dll not valid. Loading of assembly skipped.
Assembly Unity.Mathematics.Tests.dll at Library/ScriptAssemblies/Unity.Mathematics.Tests.dll not valid. Loading of assembly skipped.
Assembly Unity.Nuget.Mono-Cecil.dll at Library/ScriptAssemblies/Unity.Nuget.Mono-Cecil.dll not valid. Loading of assembly skipped.
Assembly Unity.PathTracing.Editor.Tests.dll at Library/ScriptAssemblies/Unity.PathTracing.Editor.Tests.dll not valid. Loading of assembly skipped.
Assembly Unity.PathTracing.Runtime.Tests.dll at Library/ScriptAssemblies/Unity.PathTracing.Runtime.Tests.dll not valid. Loading of assembly skipped.
Assembly Unity.Performance.Profile-Analyzer.EditorTests.dll at Library/ScriptAssemblies/Unity.Performance.Profile-Analyzer.EditorTests.dll not valid. Loading of assembly skipped.
Assembly Unity.RenderPipelines.Core.Editor.Tests.dll at Library/ScriptAssemblies/Unity.RenderPipelines.Core.Editor.Tests.dll not valid. Loading of assembly skipped.
Assembly Unity.RenderPipelines.Core.Runtime.Tests.dll at Library/ScriptAssemblies/Unity.RenderPipelines.Core.Runtime.Tests.dll not valid. Loading of assembly skipped.
Assembly Unity.RenderPipelines.Universal.Config.Editor.Tests.dll at Library/ScriptAssemblies/Unity.RenderPipelines.Universal.Config.Editor.Tests.dll not valid. Loading of assembly skipped.
Assembly Unity.RenderPipelines.Universal.Editor.Tests.dll at Library/ScriptAssemblies/Unity.RenderPipelines.Universal.Editor.Tests.dll not valid. Loading of assembly skipped.
Assembly Unity.RenderPipelines.Universal.Runtime.Tests.dll at Library/ScriptAssemblies/Unity.RenderPipelines.Universal.Runtime.Tests.dll not valid. Loading of assembly skipped.
Assembly Unity.ResourceManager.Tests.dll at Library/ScriptAssemblies/Unity.ResourceManager.Tests.dll not valid. Loading of assembly skipped.
Assembly Unity.ScriptableBuildPipeline.Editor.Tests.dll at Library/ScriptAssemblies/Unity.ScriptableBuildPipeline.Editor.Tests.dll not valid. Loading of assembly skipped.
Assembly Unity.ScriptableBuildPipeline.Tests.dll at Library/ScriptAssemblies/Unity.ScriptableBuildPipeline.Tests.dll not valid. Loading of assembly skipped.
Assembly Unity.ScriptableBuildPipelineTests.Runtime.Tests.dll at Library/ScriptAssemblies/Unity.ScriptableBuildPipelineTests.Runtime.Tests.dll not valid. Loading of assembly skipped.
Assembly Unity.Searcher.EditorTests.dll at Library/ScriptAssemblies/Unity.Searcher.EditorTests.dll not valid. Loading of assembly skipped.
Assembly Unity.Settings.Tests.dll at Library/ScriptAssemblies/Unity.Settings.Tests.dll not valid. Loading of assembly skipped.
Assembly Unity.ShaderGraph.Editor.Tests.dll at Library/ScriptAssemblies/Unity.ShaderGraph.Editor.Tests.dll not valid. Loading of assembly skipped.
Assembly Unity.TestTools.CodeCoverage.Editor.Compatibility.dll at Library/ScriptAssemblies/Unity.TestTools.CodeCoverage.Editor.Compatibility.dll not valid. Loading of assembly skipped.
Assembly Unity.TextMeshPro.Editor.Tests.dll at Library/ScriptAssemblies/Unity.TextMeshPro.Editor.Tests.dll not valid. Loading of assembly skipped.
Assembly Unity.TextMeshPro.Tests.dll at Library/ScriptAssemblies/Unity.TextMeshPro.Tests.dll not valid. Loading of assembly skipped.
Assembly Unity.UnifiedRayTracing.Editor.Tests.dll at Library/ScriptAssemblies/Unity.UnifiedRayTracing.Editor.Tests.dll not valid. Loading of assembly skipped.
Assembly UnityEditor.UI.Common.Tests.dll at Library/ScriptAssemblies/UnityEditor.UI.Common.Tests.dll not valid. Loading of assembly skipped.
Assembly UnityEditor.UI.EditorTests.dll at Library/ScriptAssemblies/UnityEditor.UI.EditorTests.dll not valid. Loading of assembly skipped.
Assembly UnityEngine.UI.Tests.dll at Library/ScriptAssemblies/UnityEngine.UI.Tests.dll not valid. Loading of assembly skipped.
Symbol file LoadedFromMemory is not a mono symbol file
Symbol file LoadedFromMemory is not a mono symbol file
'Packages/com.unity.cinemachine/Editor/Editors/CinemachineVirtualCameraBaseEditor.cs' contains partial class of Unity.Object, exactly 1 of the partial classes needs to be in a file with the same filename. This is to know the one that can be referenced from ie. GameObjects
'Packages/com.unity.cinemachine/Editor/Obsolete/CinemachineVirtualCameraBaseEditor.cs' contains partial class of Unity.Object, exactly 1 of the partial classes needs to be in a file with the same filename. This is to know the one that can be referenced from ie. GameObjects
Refreshing native plugins compatible for Editor in 7.97 ms, found 5 plugins.
Native extension for WindowsStandalone target not found
Native extension for WebGL target not found
Assembly reference Packages/com.unity.cinemachine/Editor/Samples/ExposeHDRPInternals/HDRP-Editor-ref.asmref has no target assembly definition
Refreshing native plugins compatible for Editor in 7.10 ms, found 5 plugins.
[MODES] ModeService[none].Initialize
[MODES] ModeService[none].LoadModes
[MODES] Loading mode Default (0) for mode-current-id-포이즌
ScheduleIndexationOnStartup MainProcess:True IndexOnStartup:True
Mono: successfully reloaded assembly
- Finished resetting the current domain, in  8.467 seconds
Domain Reload Profiling: 12062ms
	BeginReloadAssembly (565ms)
		DisableScriptedObjects (54ms)
		CreateAndSetChildDomain (179ms)
	RebuildCommonClasses (72ms)
	RebuildNativeTypeToScriptingClass (24ms)
	initialDomainReloadingComplete (1267ms)
	LoadAllAssembliesAndSetupDomain (1666ms)
		LoadAssemblies (1091ms)
		AnalyzeDomain (817ms)
			TypeCache.Refresh (610ms)
				TypeCache.ScanAssembly (577ms)
			BuildScriptInfoCaches (169ms)
			ResolveRequiredComponents (33ms)
	FinalizeReload (8468ms)
		SetupLoadedEditorAssemblies (0ms)
			InitializePlatformSupportModulesInManaged (49ms)
			BeforeProcessingInitializeOnLoad (585ms)
			ProcessInitializeOnLoadAttributes (6046ms)
			ProcessInitializeOnLoadMethodAttributes (1166ms)
			AfterProcessingInitializeOnLoad (17ms)
		AwakeInstancesAfterBackupRestoration (52ms)
Start importing Assets/Animations/MixamoUser/left_change_direction.fbx using Guid(111c00cb6d4c44b43b520fefb8212211) (FBXImporter)Keyframe reduction: Ratio: 17.343241%;
 -> (Import Result ID: '68628078f98bc91d896782037f0eea08') in 0.5816614 seconds [static dependencies only]. Details - ImportResultOutputID=7045d351651a5a52fcb466ec4ae110a9 DependenciesID=86d1304c21a0ba2312bb2b4116d8ad96 StaticDependenciesID=2a476fe317491763128ac2eddae2f33b 
Start importing Assets/Animations/MixamoUser/right_change_direction.fbx using Guid(d13a7b671f1167149a909a060cb16d85) (FBXImporter)Keyframe reduction: Ratio: 17.717342%;
 -> (Import Result ID: '70537d8c3b7d2f9ea016271b3c749cf2') in 0.3733482 seconds [static dependencies only]. Details - ImportResultOutputID=2bdaca05e82410649f8f5ccb5ee306b6 DependenciesID=9ec15f61428f262dbdbd6071fcec0d1e StaticDependenciesID=efbbe2992d63eacf43a9807eeb7c482c 
Start importing Assets/Animations/MixamoUser/back_run.fbx using Guid(543d277d830e7db42b3cbdbdbc22eeb1) (FBXImporter)Keyframe reduction: Ratio: 32.763824%;
 -> (Import Result ID: '9b59f45c797e1b410f3f57eb52144eca') in 0.282306 seconds [static dependencies only]. Details - ImportResultOutputID=9037a7b778dcc73df833c502054f06cc DependenciesID=4f623898b137aebf3e496d35b1353cb9 StaticDependenciesID=b0ea8e79f9af66cdae1191567f5f5aeb 
Start importing Assets/Animations/MixamoUser/run.fbx using Guid(96ee832a216ff224daaf12c817fe091f) (FBXImporter)Keyframe reduction: Ratio: 44.477318%;
 -> (Import Result ID: '44ffdfd39b4bc862d560404be300f481') in 0.775782 seconds [static dependencies only]. Details - ImportResultOutputID=58a9283a87282186a727fbc9223ff5e3 DependenciesID=c241a90fccdcdeab90c85f4812730d99 StaticDependenciesID=a34eb38fbd18ae311d1f3e013ae0e9e9 
Start importing Assets/Animations/MixamoUser/idle.fbx using Guid(a6e7a3f1ce3271e4688d99eb9728da44) (FBXImporter)Keyframe reduction: Ratio: 15.269324%;
 -> (Import Result ID: 'b88256e51bdf3f49bc714d9421f65427') in 0.2063863 seconds [static dependencies only]. Details - ImportResultOutputID=f85dd2aed37bb291d45b9b837975fb27 DependenciesID=fb89fc20042b6575c113fbecd31582da StaticDependenciesID=cba87f6d99e60edee63733e22a5b43f7 
Start importing Assets/Animations/MixamoUser/walk.fbx using Guid(2799e49fe21b55b46beae6d98dc43f93) (FBXImporter)Keyframe reduction: Ratio: 31.988308%;
 -> (Import Result ID: '7b45ec9f875fc13e299402244c92d4d4') in 0.16831 seconds [static dependencies only]. Details - ImportResultOutputID=e2f7445150a7e49042addc196364e390 DependenciesID=c95a28201e147a3725ccb62beff426fe StaticDependenciesID=fbcdceae28f6fe1ce9a45e79f84e6047 
Start importing Assets/Animations/MixamoUser/jump.fbx using Guid(cc10f4a67f995d547b45a4ebc380659e) (FBXImporter)Keyframe reduction: Ratio: 21.710140%;
 -> (Import Result ID: '03899645e4b242c9355ebdfd23136147') in 0.2659126 seconds [static dependencies only]. Details - ImportResultOutputID=0b6541e16b0503e7a074af85d26f35bc DependenciesID=c53d1759a48471d8cac8f59c54f7ac10 StaticDependenciesID=277cd8a922ab274f2808e5d115101ac8 
Start importing Assets/Animations/MixamoUser/back_walk.fbx using Guid(ef34939e151f9b844a8ab9fee341d8c7) (FBXImporter)Keyframe reduction: Ratio: 29.320543%;
 -> (Import Result ID: 'c4c9f0550de70146ba667aa4377fe84d') in 0.3851246 seconds [static dependencies only]. Details - ImportResultOutputID=84c25a9f81ed92594e1ce0d4b75f4b28 DependenciesID=b587341d03917ed957ede19e0573d7b6 StaticDependenciesID=0bd10aa6b270fd8d87fc0cf4bbe3cb98 
Refreshing native plugins compatible for Editor in 76.45 ms, found 5 plugins.
(Values over 0.050ms)
Asset Pipeline Refresh (id=96f56cc25c9fde545aa89b67bf790562): Total: 30.877 seconds - Initiated by InitialRefreshV2(ForceSynchronousImport)
	Summary:
		Imports: total=8 (actual=8, local cache=0, cache server=0)
		Asset DB Process Time: managed=24 ms, native=14214 ms
		Asset DB Callback time: managed=824 ms, native=190 ms
		Scripting: domain reloads=1, domain reload time=3608 ms, compile time=11711 ms, other=300 ms
		Project Asset Count: scripts=2388, non-scripts=6447
		Asset File Changes: new=1, changed=9, moved=0, deleted=0
		Scan Filter Count: 0
	InvokePackagesCallback: 61.062ms
	ApplyChangesToAssetFolders: 1.111ms
	Scan: 523.044ms
	OnSourceAssetsModified: 1.276ms
	CategorizeScriptCompilationAssets: 191.910ms
	ProcessAssetsWithTransientArtifactChanges: 252.797ms
	CategorizeAssets: 502.898ms
	CompileScripts: 11711.499ms
	ImportOutOfDateAssets: 12084.131ms (8523.880ms without children)
		ImportManagerImport: 3546.560ms (2.805ms without children)
			UpdateCategorizedAssets: 0.158ms
		ReloadNativeAssets: 0.066ms
		UnloadImportedAssets: 7.238ms
		EnsureUptoDateAssetsAreRegisteredWithGuidPM: 2.680ms
		OnDemandSchedulerStart: 3.690ms
	PostProcessAllAssets: 840.264ms
		VCAutoAddAssetPostprocess 6.558ms
		XRBuildSystem.XRAssetImported 2.208ms
		VersionControlSettings.HiddenFilePostprocess 0.169ms
		PostProcessCallbackCreateDeferredMaterials 0.138ms
		MonoPostProcessAllAssets: 820.570ms
			AssetPostprocessor.OnPostprocessAllAssets 521.775ms
			UniversalRenderPipelineGlobalSettingsPostprocessor.OnPostprocessAllAssets 144.794ms
			StyleCatalogPostProcessor.OnPostprocessAllAssets 54.626ms
			ShaderGraphAssetPostProcessor.OnPostprocessAllAssets 21.062ms
			BuilderAssetPostprocessor.OnPostprocessAllAssets 11.996ms
			LocalizationAssetPostProcessor.OnPostprocessAllAssets 7.589ms
			SpeedTree9Postprocessor.OnPostprocessAllAssets 6.819ms
			WindowAssetPostprocessingWatcher.OnPostprocessAllAssets 4.561ms
			MaterialPostprocessor.OnPostprocessAllAssets 2.842ms
			AddressablesAssetPostProcessor.OnPostprocessAllAssets 2.409ms
			RetainedModeAssetPostprocessor.OnPostprocessAllAssets 2.128ms
			AssetChangedListener.OnPostprocessAllAssets 2.126ms
			RenderPipelineGlobalSettingsPostprocessor.OnPostprocessAllAssets 1.357ms
			TextAssetPostProcessor.OnPostprocessAllAssets 1.254ms
			AssetPathToTypes.OnPostprocessAllAssets 1.148ms
			InputActionAssetPostprocessor.OnPostprocessAllAssets 0.954ms
			ArtifactBrowserPostProcessor.OnPostprocessAllAssets 0.897ms
			SyncVS.PostprocessSyncProject 0.875ms
			AudioMixerPostprocessor.OnPostprocessAllAssets 0.765ms
			TMPro_TexturePostProcessor.OnPostprocessAllAssets 0.728ms
			TerrainToolbarOverlayPostProcessor.OnPostprocessAllAssets 0.698ms
			UVCSAssetPostprocessor.OnPostprocessAllAssets 0.668ms
			ModelAssetProcessor.OnPostprocessAllAssets 0.647ms
			ReferencedClipsPostProcessor.OnPostprocessAllAssets 0.605ms
			PostProcessor.OnPostprocessAllAssets 0.598ms
			CinemachineSettings.OnPostprocessAllAssets 0.486ms
			InputActionJsonNameModifierAssetProcessor.OnPostprocessAllAssets 0.473ms
			SamplePostprocessor.OnPostprocessAllAssets 0.386ms
			AssetEvents.OnPostprocessAllAssets 0.368ms
			AssetDatabaseCallbacks.OnPostprocessAllAssets 0.363ms
			ProjectSettingsPostprocessor.OnPostprocessAllAssets 0.327ms
			ConfigAssetsTracker.OnPostprocessAllAssets 0.291ms
			SpeedTreePostProcessor.OnPostprocessAllAssets 0.268ms
			ScenarioDriftAssetsTracker.OnPostprocessAllAssets 0.241ms
			AudioContainerPostProcessor.OnPostprocessAllAssets 0.106ms
	PostAssetChangesProfiler: 117.406ms
	UnloadStreamsBegin: 3.086ms
	PersistCurrentRevisions: 0.759ms
	GenerateScriptTypeHashes: 6.377ms
	GenerateScriptTypeSerializationHashes: 11.430ms
	Untracked: 4577.139ms

Application.AssetDatabase Initial Refresh End
Launched and connected shader compiler UnityShaderCompiler.exe after 0.11 seconds
Scanning for USB devices : 7.322ms
Initializing Unity extensions:
Unloading 205 Unused Serialized files (Serialized files now loaded: 0)
Unloading 10815 unused Assets / (25.0 MB). Loaded Objects now: 11454.
Memory consumption went from 312.3 MB to 287.3 MB.
Total: 57.349500 ms (FindLiveObjects: 1.761500 ms CreateObjectMapping: 3.541900 ms MarkObjects: 30.327100 ms  DeleteObjects: 21.713000 ms)

[DIAG] back_run.fbx animType=Human importAnim=True clipAnimations=0 subAssets=(AnimationClip:'__preview__Armature|back_run') (GameObject:'back_run') (Transform:'LeftShoulder') (GameObject:'Chest2') (Transform:'LeftHand') (Transform:'back_run') (Transform:'RightLowerArm') (Transform:'breast.R_end') (GameObject:'hand.L_end') (GameObject:'LeftUpperArm') (GameObject:'RightLowerArm') (Transform:'UpperChest') (GameObject:'Chest') (GameObject:'RightLowerLeg') (GameObject:'pelvis.R') (Transform:'LeftFoot') (GameObject:'LeftLowerArm') (GameObject:'breast.R') (GameObject:'toe.L_end') (GameObject:'LeftHand') (GameObject:'RightUpperArm') (Transform:'Chest2') (GameObject:'RightToes') (GameObject:'toe.R_end') (GameObject:'UpperChest') (GameObject:'breast.R_end') (GameObject:'breast.L') (GameObject:'Neck') (GameObject:'Head') (Transform:'hand.L_end') (Transform:'RightFoot') (GameObject:'LeftFoot') (Transform:'pelvis.L') (Transform:'RightHand') (GameObject:'Hips') (Transform:'Spine') (Avatar:'back_runAvatar') (Transform:'Hips') (Transform:'pelvis.R') (Transform:'LeftUpperArm') (Transform:'toe.R_end') (GameObject:'pelvis.R_end') (Transform:'pelvis.R_end') (Transform:'RightToes') (GameObject:'hand.R_end') (Transform:'LeftToes') (GameObject:'spine.005_end') (Transform:'breast.L_end') (GameObject:'RightUpperLeg') (AnimationClip:'Armature|back_run') (GameObject:'LeftToes') (GameObject:'RightHand') (Transform:'LeftLowerArm') (Transform:'Head') (Transform:'RightUpperArm') (Transform:'RightLowerLeg') (Transform:'RightUpperLeg') (Transform:'toe.L_end') (GameObject:'pelvis.L_end') (GameObject:'LeftShoulder') (Animator:'back_run') (Transform:'spine.005_end') (Transform:'Chest') (Transform:'LeftUpperLeg') (Transform:'breast.L') (GameObject:'Spine') (GameObject:'LeftLowerLeg') (Transform:'pelvis.L_end') (GameObject:'RightFoot') (Transform:'LeftLowerLeg') (Transform:'Neck') (Transform:'hand.R_end') (Transform:'breast.R') (Transform:'RightShoulder') (GameObject:'breast.L_end') (GameObject:'pelvis.L') (GameObject:'RightShoulder') (GameObject:'LeftUpperLeg') 
UnityEngine.Debug:ExtractStackTraceNoAlloc (byte*,int,string)
UnityEngine.StackTraceUtility:ExtractStackTrace ()
UnityEngine.DebugLogHandler:Internal_Log (UnityEngine.LogType,UnityEngine.LogOption,string,UnityEngine.Object)
UnityEngine.DebugLogHandler:LogFormat (UnityEngine.LogType,UnityEngine.Object,string,object[])
UnityEngine.Logger:Log (UnityEngine.LogType,object)
UnityEngine.Debug:Log (object)
ProjectName.EditorTools.UserAnimDiag:Diag () (at Assets/Editor/Mixamo/UserAnimDiag.cs:25)

(Filename: Assets/Editor/Mixamo/UserAnimDiag.cs Line: 25)

[DIAG] back_walk.fbx animType=Human importAnim=True clipAnimations=0 subAssets=(AnimationClip:'__preview__Armature|back_walk') (GameObject:'back_walk') (Transform:'LeftShoulder') (GameObject:'Chest2') (Transform:'LeftHand') (Transform:'back_walk') (Transform:'RightLowerArm') (Transform:'breast.R_end') (GameObject:'hand.L_end') (GameObject:'LeftUpperArm') (GameObject:'RightLowerArm') (Transform:'UpperChest') (GameObject:'Chest') (GameObject:'RightLowerLeg') (GameObject:'pelvis.R') (Transform:'LeftFoot') (GameObject:'LeftLowerArm') (GameObject:'breast.R') (GameObject:'toe.L_end') (GameObject:'LeftHand') (GameObject:'RightUpperArm') (Transform:'Chest2') (GameObject:'RightToes') (GameObject:'toe.R_end') (GameObject:'UpperChest') (GameObject:'breast.R_end') (GameObject:'breast.L') (AnimationClip:'Armature|back_walk') (GameObject:'Neck') (GameObject:'Head') (Transform:'hand.L_end') (Transform:'RightFoot') (GameObject:'LeftFoot') (Transform:'pelvis.L') (Transform:'RightHand') (GameObject:'Hips') (Transform:'Spine') (Avatar:'back_walkAvatar') (Transform:'Hips') (Transform:'pelvis.R') (Transform:'LeftUpperArm') (Transform:'toe.R_end') (GameObject:'pelvis.R_end') (Transform:'pelvis.R_end') (Transform:'RightToes') (GameObject:'hand.R_end') (Transform:'LeftToes') (GameObject:'spine.005_end') (Transform:'breast.L_end') (GameObject:'RightUpperLeg') (GameObject:'LeftToes') (GameObject:'RightHand') (Transform:'LeftLowerArm') (Transform:'Head') (Transform:'RightUpperArm') (Transform:'RightLowerLeg') (Transform:'RightUpperLeg') (Transform:'toe.L_end') (GameObject:'pelvis.L_end') (GameObject:'LeftShoulder') (Animator:'back_walk') (Transform:'spine.005_end') (Transform:'Chest') (Transform:'LeftUpperLeg') (Transform:'breast.L') (GameObject:'Spine') (GameObject:'LeftLowerLeg') (Transform:'pelvis.L_end') (GameObject:'RightFoot') (Transform:'LeftLowerLeg') (Transform:'Neck') (Transform:'hand.R_end') (Transform:'breast.R') (Transform:'RightShoulder') (GameObject:'breast.L_end') (GameObject:'pelvis.L') (GameObject:'RightShoulder') (GameObject:'LeftUpperLeg') 
UnityEngine.Debug:ExtractStackTraceNoAlloc (byte*,int,string)
UnityEngine.StackTraceUtility:ExtractStackTrace ()
UnityEngine.DebugLogHandler:Internal_Log (UnityEngine.LogType,UnityEngine.LogOption,string,UnityEngine.Object)
UnityEngine.DebugLogHandler:LogFormat (UnityEngine.LogType,UnityEngine.Object,string,object[])
UnityEngine.Logger:Log (UnityEngine.LogType,object)
UnityEngine.Debug:Log (object)
ProjectName.EditorTools.UserAnimDiag:Diag () (at Assets/Editor/Mixamo/UserAnimDiag.cs:25)

(Filename: Assets/Editor/Mixamo/UserAnimDiag.cs Line: 25)

[DIAG] idle.fbx animType=Human importAnim=True clipAnimations=0 subAssets=(AnimationClip:'__preview__Armature|idle') (GameObject:'idle') (Transform:'LeftShoulder') (GameObject:'Chest2') (Transform:'LeftHand') (Transform:'idle') (Transform:'RightLowerArm') (Transform:'breast.R_end') (GameObject:'hand.L_end') (GameObject:'LeftUpperArm') (GameObject:'RightLowerArm') (Transform:'UpperChest') (GameObject:'Chest') (GameObject:'RightLowerLeg') (GameObject:'pelvis.R') (Transform:'LeftFoot') (GameObject:'LeftLowerArm') (GameObject:'breast.R') (GameObject:'toe.L_end') (GameObject:'LeftHand') (GameObject:'RightUpperArm') (Transform:'Chest2') (GameObject:'RightToes') (GameObject:'toe.R_end') (GameObject:'UpperChest') (GameObject:'breast.R_end') (GameObject:'breast.L') (AnimationClip:'Armature|idle') (GameObject:'Neck') (GameObject:'Head') (Transform:'hand.L_end') (Transform:'RightFoot') (GameObject:'LeftFoot') (Transform:'pelvis.L') (Transform:'RightHand') (GameObject:'Hips') (Transform:'Spine') (Avatar:'idleAvatar') (Transform:'Hips') (Transform:'pelvis.R') (Transform:'LeftUpperArm') (Transform:'toe.R_end') (GameObject:'pelvis.R_end') (Transform:'pelvis.R_end') (Transform:'RightToes') (GameObject:'hand.R_end') (Transform:'LeftToes') (GameObject:'spine.005_end') (Transform:'breast.L_end') (GameObject:'RightUpperLeg') (GameObject:'LeftToes') (GameObject:'RightHand') (Transform:'LeftLowerArm') (Transform:'Head') (Transform:'RightUpperArm') (Transform:'RightLowerLeg') (Transform:'RightUpperLeg') (Transform:'toe.L_end') (GameObject:'pelvis.L_end') (GameObject:'LeftShoulder') (Animator:'idle') (Transform:'spine.005_end') (Transform:'Chest') (Transform:'LeftUpperLeg') (Transform:'breast.L') (GameObject:'Spine') (GameObject:'LeftLowerLeg') (Transform:'pelvis.L_end') (GameObject:'RightFoot') (Transform:'LeftLowerLeg') (Transform:'Neck') (Transform:'hand.R_end') (Transform:'breast.R') (Transform:'RightShoulder') (GameObject:'breast.L_end') (GameObject:'pelvis.L') (GameObject:'RightShoulder') (GameObject:'LeftUpperLeg') 
UnityEngine.Debug:ExtractStackTraceNoAlloc (byte*,int,string)
UnityEngine.StackTraceUtility:ExtractStackTrace ()
UnityEngine.DebugLogHandler:Internal_Log (UnityEngine.LogType,UnityEngine.LogOption,string,UnityEngine.Object)
UnityEngine.DebugLogHandler:LogFormat (UnityEngine.LogType,UnityEngine.Object,string,object[])
UnityEngine.Logger:Log (UnityEngine.LogType,object)
UnityEngine.Debug:Log (object)
ProjectName.EditorTools.UserAnimDiag:Diag () (at Assets/Editor/Mixamo/UserAnimDiag.cs:25)

(Filename: Assets/Editor/Mixamo/UserAnimDiag.cs Line: 25)

[DIAG] jump.fbx animType=Human importAnim=True clipAnimations=0 subAssets=(AnimationClip:'__preview__Armature|jump') (GameObject:'jump') (Transform:'LeftShoulder') (GameObject:'Chest2') (Transform:'LeftHand') (Transform:'jump') (Transform:'RightLowerArm') (Transform:'breast.R_end') (GameObject:'hand.L_end') (GameObject:'LeftUpperArm') (GameObject:'RightLowerArm') (Transform:'UpperChest') (GameObject:'Chest') (GameObject:'RightLowerLeg') (GameObject:'pelvis.R') (Transform:'LeftFoot') (GameObject:'LeftLowerArm') (GameObject:'breast.R') (GameObject:'toe.L_end') (GameObject:'LeftHand') (GameObject:'RightUpperArm') (Transform:'Chest2') (GameObject:'RightToes') (GameObject:'toe.R_end') (GameObject:'UpperChest') (GameObject:'breast.R_end') (GameObject:'breast.L') (GameObject:'Neck') (GameObject:'Head') (Transform:'hand.L_end') (Transform:'RightFoot') (GameObject:'LeftFoot') (Transform:'pelvis.L') (Transform:'RightHand') (GameObject:'Hips') (Transform:'Spine') (Avatar:'jumpAvatar') (Transform:'Hips') (Transform:'pelvis.R') (Transform:'LeftUpperArm') (Transform:'toe.R_end') (GameObject:'pelvis.R_end') (Transform:'pelvis.R_end') (Transform:'RightToes') (GameObject:'hand.R_end') (Transform:'LeftToes') (GameObject:'spine.005_end') (Transform:'breast.L_end') (GameObject:'RightUpperLeg') (GameObject:'LeftToes') (GameObject:'RightHand') (Transform:'LeftLowerArm') (Transform:'Head') (Transform:'RightUpperArm') (Transform:'RightLowerLeg') (Transform:'RightUpperLeg') (Transform:'toe.L_end') (GameObject:'pelvis.L_end') (GameObject:'LeftShoulder') (Animator:'jump') (Transform:'spine.005_end') (Transform:'Chest') (Transform:'LeftUpperLeg') (Transform:'breast.L') (GameObject:'Spine') (AnimationClip:'Armature|jump') (GameObject:'LeftLowerLeg') (Transform:'pelvis.L_end') (GameObject:'RightFoot') (Transform:'LeftLowerLeg') (Transform:'Neck') (Transform:'hand.R_end') (Transform:'breast.R') (Transform:'RightShoulder') (GameObject:'breast.L_end') (GameObject:'pelvis.L') (GameObject:'RightShoulder') (GameObject:'LeftUpperLeg') 
UnityEngine.Debug:ExtractStackTraceNoAlloc (byte*,int,string)
UnityEngine.StackTraceUtility:ExtractStackTrace ()
UnityEngine.DebugLogHandler:Internal_Log (UnityEngine.LogType,UnityEngine.LogOption,string,UnityEngine.Object)
UnityEngine.DebugLogHandler:LogFormat (UnityEngine.LogType,UnityEngine.Object,string,object[])
UnityEngine.Logger:Log (UnityEngine.LogType,object)
UnityEngine.Debug:Log (object)
ProjectName.EditorTools.UserAnimDiag:Diag () (at Assets/Editor/Mixamo/UserAnimDiag.cs:25)

(Filename: Assets/Editor/Mixamo/UserAnimDiag.cs Line: 25)

[DIAG] left_change_direction.fbx animType=Human importAnim=True clipAnimations=0 subAssets=(AnimationClip:'__preview__Armature|left_change_direction') (GameObject:'left_change_direction') (Transform:'LeftShoulder') (GameObject:'Chest2') (Transform:'LeftHand') (Transform:'left_change_direction') (Transform:'RightLowerArm') (Transform:'breast.R_end') (GameObject:'hand.L_end') (GameObject:'LeftUpperArm') (GameObject:'RightLowerArm') (Transform:'UpperChest') (GameObject:'Chest') (GameObject:'RightLowerLeg') (GameObject:'pelvis.R') (Transform:'LeftFoot') (GameObject:'LeftLowerArm') (GameObject:'breast.R') (GameObject:'toe.L_end') (GameObject:'LeftHand') (GameObject:'RightUpperArm') (Transform:'Chest2') (GameObject:'RightToes') (GameObject:'toe.R_end') (GameObject:'UpperChest') (GameObject:'breast.R_end') (GameObject:'breast.L') (GameObject:'Neck') (GameObject:'Head') (AnimationClip:'Armature|left_change_direction') (Transform:'hand.L_end') (Transform:'RightFoot') (GameObject:'LeftFoot') (Transform:'pelvis.L') (Transform:'RightHand') (GameObject:'Hips') (Transform:'Spine') (Avatar:'left_change_directionAvatar') (Transform:'Hips') (Transform:'pelvis.R') (Transform:'LeftUpperArm') (Transform:'toe.R_end') (GameObject:'pelvis.R_end') (Transform:'pelvis.R_end') (Transform:'RightToes') (GameObject:'hand.R_end') (Transform:'LeftToes') (GameObject:'spine.005_end') (Transform:'breast.L_end') (GameObject:'RightUpperLeg') (GameObject:'LeftToes') (GameObject:'RightHand') (Transform:'LeftLowerArm') (Transform:'Head') (Transform:'RightUpperArm') (Transform:'RightLowerLeg') (Transform:'RightUpperLeg') (Transform:'toe.L_end') (GameObject:'pelvis.L_end') (GameObject:'LeftShoulder') (Animator:'left_change_direction') (Transform:'spine.005_end') (Transform:'Chest') (Transform:'LeftUpperLeg') (Transform:'breast.L') (GameObject:'Spine') (GameObject:'LeftLowerLeg') (Transform:'pelvis.L_end') (GameObject:'RightFoot') (Transform:'LeftLowerLeg') (Transform:'Neck') (Transform:'hand.R_end') (Transform:'breast.R') (Transform:'RightShoulder') (GameObject:'breast.L_end') (GameObject:'pelvis.L') (GameObject:'RightShoulder') (GameObject:'LeftUpperLeg') 
UnityEngine.Debug:ExtractStackTraceNoAlloc (byte*,int,string)
UnityEngine.StackTraceUtility:ExtractStackTrace ()
UnityEngine.DebugLogHandler:Internal_Log (UnityEngine.LogType,UnityEngine.LogOption,string,UnityEngine.Object)
UnityEngine.DebugLogHandler:LogFormat (UnityEngine.LogType,UnityEngine.Object,string,object[])
UnityEngine.Logger:Log (UnityEngine.LogType,object)
UnityEngine.Debug:Log (object)
ProjectName.EditorTools.UserAnimDiag:Diag () (at Assets/Editor/Mixamo/UserAnimDiag.cs:25)

(Filename: Assets/Editor/Mixamo/UserAnimDiag.cs Line: 25)

[DIAG] right_change_direction.fbx animType=Human importAnim=True clipAnimations=0 subAssets=(AnimationClip:'__preview__Armature|right_change_direction') (GameObject:'right_change_direction') (Transform:'LeftShoulder') (GameObject:'Chest2') (Transform:'LeftHand') (Transform:'right_change_direction') (Transform:'RightLowerArm') (Transform:'breast.R_end') (GameObject:'hand.L_end') (GameObject:'LeftUpperArm') (GameObject:'RightLowerArm') (Transform:'UpperChest') (GameObject:'Chest') (GameObject:'RightLowerLeg') (GameObject:'pelvis.R') (Transform:'LeftFoot') (GameObject:'LeftLowerArm') (GameObject:'breast.R') (GameObject:'toe.L_end') (GameObject:'LeftHand') (GameObject:'RightUpperArm') (Transform:'Chest2') (GameObject:'RightToes') (GameObject:'toe.R_end') (GameObject:'UpperChest') (GameObject:'breast.R_end') (GameObject:'breast.L') (GameObject:'Neck') (GameObject:'Head') (Transform:'hand.L_end') (Transform:'RightFoot') (GameObject:'LeftFoot') (Transform:'pelvis.L') (Transform:'RightHand') (GameObject:'Hips') (Transform:'Spine') (Avatar:'right_change_directionAvatar') (Transform:'Hips') (Transform:'pelvis.R') (Transform:'LeftUpperArm') (Transform:'toe.R_end') (GameObject:'pelvis.R_end') (Transform:'pelvis.R_end') (Transform:'RightToes') (GameObject:'hand.R_end') (Transform:'LeftToes') (GameObject:'spine.005_end') (Transform:'breast.L_end') (GameObject:'RightUpperLeg') (GameObject:'LeftToes') (GameObject:'RightHand') (AnimationClip:'Armature|right_change_direction') (Transform:'LeftLowerArm') (Transform:'Head') (Transform:'RightUpperArm') (Transform:'RightLowerLeg') (Transform:'RightUpperLeg') (Transform:'toe.L_end') (GameObject:'pelvis.L_end') (GameObject:'LeftShoulder') (Animator:'right_change_direction') (Transform:'spine.005_end') (Transform:'Chest') (Transform:'LeftUpperLeg') (Transform:'breast.L') (GameObject:'Spine') (GameObject:'LeftLowerLeg') (Transform:'pelvis.L_end') (GameObject:'RightFoot') (Transform:'LeftLowerLeg') (Transform:'Neck') (Transform:'hand.R_end') (Transform:'breast.R') (Transform:'RightShoulder') (GameObject:'breast.L_end') (GameObject:'pelvis.L') (GameObject:'RightShoulder') (GameObject:'LeftUpperLeg') 
UnityEngine.Debug:ExtractStackTraceNoAlloc (byte*,int,string)
UnityEngine.StackTraceUtility:ExtractStackTrace ()
UnityEngine.DebugLogHandler:Internal_Log (UnityEngine.LogType,UnityEngine.LogOption,string,UnityEngine.Object)
UnityEngine.DebugLogHandler:LogFormat (UnityEngine.LogType,UnityEngine.Object,string,object[])
UnityEngine.Logger:Log (UnityEngine.LogType,object)
UnityEngine.Debug:Log (object)
ProjectName.EditorTools.UserAnimDiag:Diag () (at Assets/Editor/Mixamo/UserAnimDiag.cs:25)

(Filename: Assets/Editor/Mixamo/UserAnimDiag.cs Line: 25)

[DIAG] run.fbx animType=Human importAnim=True clipAnimations=0 subAssets=(AnimationClip:'__preview__Armature|run') (GameObject:'run') (Transform:'LeftShoulder') (GameObject:'Chest2') (Transform:'LeftHand') (Transform:'run') (Transform:'RightLowerArm') (Transform:'breast.R_end') (GameObject:'hand.L_end') (GameObject:'LeftUpperArm') (GameObject:'RightLowerArm') (Transform:'UpperChest') (GameObject:'Chest') (GameObject:'RightLowerLeg') (GameObject:'pelvis.R') (Transform:'LeftFoot') (GameObject:'LeftLowerArm') (GameObject:'breast.R') (GameObject:'toe.L_end') (GameObject:'LeftHand') (GameObject:'RightUpperArm') (Transform:'Chest2') (GameObject:'RightToes') (GameObject:'toe.R_end') (GameObject:'UpperChest') (GameObject:'breast.R_end') (GameObject:'breast.L') (GameObject:'Neck') (GameObject:'Head') (Transform:'hand.L_end') (Transform:'RightFoot') (GameObject:'LeftFoot') (Transform:'pelvis.L') (Transform:'RightHand') (GameObject:'Hips') (Transform:'Spine') (Avatar:'runAvatar') (Transform:'Hips') (Transform:'pelvis.R') (Transform:'LeftUpperArm') (Transform:'toe.R_end') (GameObject:'pelvis.R_end') (Transform:'pelvis.R_end') (Transform:'RightToes') (GameObject:'hand.R_end') (AnimationClip:'Armature|run') (Transform:'LeftToes') (GameObject:'spine.005_end') (Transform:'breast.L_end') (GameObject:'RightUpperLeg') (GameObject:'LeftToes') (GameObject:'RightHand') (Transform:'LeftLowerArm') (Transform:'Head') (Transform:'RightUpperArm') (Transform:'RightLowerLeg') (Transform:'RightUpperLeg') (Transform:'toe.L_end') (GameObject:'pelvis.L_end') (GameObject:'LeftShoulder') (Animator:'run') (Transform:'spine.005_end') (Transform:'Chest') (Transform:'LeftUpperLeg') (Transform:'breast.L') (GameObject:'Spine') (GameObject:'LeftLowerLeg') (Transform:'pelvis.L_end') (GameObject:'RightFoot') (Transform:'LeftLowerLeg') (Transform:'Neck') (Transform:'hand.R_end') (Transform:'breast.R') (Transform:'RightShoulder') (GameObject:'breast.L_end') (GameObject:'pelvis.L') (GameObject:'RightShoulder') (GameObject:'LeftUpperLeg') 
UnityEngine.Debug:ExtractStackTraceNoAlloc (byte*,int,string)
UnityEngine.StackTraceUtility:ExtractStackTrace ()
UnityEngine.DebugLogHandler:Internal_Log (UnityEngine.LogType,UnityEngine.LogOption,string,UnityEngine.Object)
UnityEngine.DebugLogHandler:LogFormat (UnityEngine.LogType,UnityEngine.Object,string,object[])
UnityEngine.Logger:Log (UnityEngine.LogType,object)
UnityEngine.Debug:Log (object)
ProjectName.EditorTools.UserAnimDiag:Diag () (at Assets/Editor/Mixamo/UserAnimDiag.cs:25)

(Filename: Assets/Editor/Mixamo/UserAnimDiag.cs Line: 25)

[DIAG] walk.fbx animType=Human importAnim=True clipAnimations=0 subAssets=(AnimationClip:'__preview__Armature|walk') (GameObject:'walk') (Transform:'LeftShoulder') (GameObject:'Chest2') (Transform:'LeftHand') (Transform:'walk') (Transform:'RightLowerArm') (Transform:'breast.R_end') (GameObject:'hand.L_end') (GameObject:'LeftUpperArm') (GameObject:'RightLowerArm') (Transform:'UpperChest') (GameObject:'Chest') (GameObject:'RightLowerLeg') (GameObject:'pelvis.R') (Transform:'LeftFoot') (GameObject:'LeftLowerArm') (GameObject:'breast.R') (GameObject:'toe.L_end') (GameObject:'LeftHand') (AnimationClip:'Armature|walk') (GameObject:'RightUpperArm') (Transform:'Chest2') (GameObject:'RightToes') (GameObject:'toe.R_end') (GameObject:'UpperChest') (GameObject:'breast.R_end') (GameObject:'breast.L') (GameObject:'Neck') (GameObject:'Head') (Transform:'hand.L_end') (Transform:'RightFoot') (GameObject:'LeftFoot') (Transform:'pelvis.L') (Transform:'RightHand') (GameObject:'Hips') (Transform:'Spine') (Avatar:'walkAvatar') (Transform:'Hips') (Transform:'pelvis.R') (Transform:'LeftUpperArm') (Transform:'toe.R_end') (GameObject:'pelvis.R_end') (Transform:'pelvis.R_end') (Transform:'RightToes') (GameObject:'hand.R_end') (Transform:'LeftToes') (GameObject:'spine.005_end') (Transform:'breast.L_end') (GameObject:'RightUpperLeg') (GameObject:'LeftToes') (GameObject:'RightHand') (Transform:'LeftLowerArm') (Transform:'Head') (Transform:'RightUpperArm') (Transform:'RightLowerLeg') (Transform:'RightUpperLeg') (Transform:'toe.L_end') (GameObject:'pelvis.L_end') (GameObject:'LeftShoulder') (Animator:'walk') (Transform:'spine.005_end') (Transform:'Chest') (Transform:'LeftUpperLeg') (Transform:'breast.L') (GameObject:'Spine') (GameObject:'LeftLowerLeg') (Transform:'pelvis.L_end') (GameObject:'RightFoot') (Transform:'LeftLowerLeg') (Transform:'Neck') (Transform:'hand.R_end') (Transform:'breast.R') (Transform:'RightShoulder') (GameObject:'breast.L_end') (GameObject:'pelvis.L') (GameObject:'RightShoulder') (GameObject:'LeftUpperLeg') 
UnityEngine.Debug:ExtractStackTraceNoAlloc (byte*,int,string)
UnityEngine.StackTraceUtility:ExtractStackTrace ()
UnityEngine.DebugLogHandler:Internal_Log (UnityEngine.LogType,UnityEngine.LogOption,string,UnityEngine.Object)
UnityEngine.DebugLogHandler:LogFormat (UnityEngine.LogType,UnityEngine.Object,string,object[])
UnityEngine.Logger:Log (UnityEngine.LogType,object)
UnityEngine.Debug:Log (object)
ProjectName.EditorTools.UserAnimDiag:Diag () (at Assets/Editor/Mixamo/UserAnimDiag.cs:25)

(Filename: Assets/Editor/Mixamo/UserAnimDiag.cs Line: 25)

[DIAG] back run.fbx animType=Generic importAnim=True clipAnimations=0 subAssets=(AnimationClip:'__preview__Armature|Armature|Take 001|BaseLayer') (GameObject:'back run') (Transform:'hand.R_end') (Transform:'toe.R_end') (Transform:'foot.L') (Transform:'back run') (GameObject:'breast.R_end') (Transform:'forearm.R') (GameObject:'foot.R') (GameObject:'toe.L_end') (Transform:'pelvis.L_end') (Transform:'toe.L_end') (GameObject:'toe.R') (Transform:'spine.005_end') (GameObject:'forearm.R') (Transform:'input') (Transform:'foot.R') (GameObject:'foot.L') (GameObject:'breast.L') (Transform:'breast.L') (Transform:'hand.L') (Transform:'thigh.L') (SkinnedMeshRenderer:'input') (GameObject:'shin.L') (GameObject:'thigh.R') (GameObject:'thigh.L') (Transform:'breast.R_end') (GameObject:'hand.R') (Transform:'spine.005') (GameObject:'hand.R_end') (GameObject:'pelvis.R_end') (Transform:'breast.L_end') (Material:'material_0') (GameObject:'spine.001') (Transform:'forearm.L') (Transform:'upper_arm.R') (GameObject:'shin.R') (GameObject:'upper_arm.R') (GameObject:'upper_arm.L') (Transform:'spine.001') (Transform:'spine') (GameObject:'spine') (GameObject:'pelvis.L') (GameObject:'spine.005') (GameObject:'forearm.L') (Transform:'spine.003') (Transform:'shin.R') (Transform:'upper_arm.L') (Transform:'pelvis.L') (Transform:'toe.L') (Transform:'hand.L_end') (Mesh:'input') (GameObject:'breast.L_end') (Transform:'pelvis.R_end') (Transform:'hand.R') (Transform:'spine.002') (GameObject:'breast.R') (GameObject:'pelvis.L_end') (GameObject:'hand.L') (Transform:'shoulder.L') (GameObject:'spine.003') (GameObject:'toe.R_end') (Transform:'toe.R') (GameObject:'spine.005_end') (GameObject:'shoulder.R') (GameObject:'Root') (Transform:'shin.L') (Transform:'Root') (GameObject:'spine.004') (AnimationClip:'Armature|Armature|Take 001|BaseLayer') (Transform:'spine.004') (Transform:'breast.R') (Transform:'pelvis.R') (Transform:'shoulder.R') (GameObject:'Armature') (GameObject:'shoulder.L') (GameObject:'hand.L_end') (GameObject:'spine.002') (GameObject:'pelvis.R') (Transform:'thigh.R') (GameObject:'toe.L') (GameObject:'input') (Transform:'Armature') 
UnityEngine.Debug:ExtractStackTraceNoAlloc (byte*,int,string)
UnityEngine.StackTraceUtility:ExtractStackTrace ()
UnityEngine.DebugLogHandler:Internal_Log (UnityEngine.LogType,UnityEngine.LogOption,string,UnityEngine.Object)
UnityEngine.DebugLogHandler:LogFormat (UnityEngine.LogType,UnityEngine.Object,string,object[])
UnityEngine.Logger:Log (UnityEngine.LogType,object)
UnityEngine.Debug:Log (object)
ProjectName.EditorTools.UserAnimDiag:Diag () (at Assets/Editor/Mixamo/UserAnimDiag.cs:25)

(Filename: Assets/Editor/Mixamo/UserAnimDiag.cs Line: 25)

[DIAG] back walk.fbx animType=Generic importAnim=True clipAnimations=0 subAssets=(AnimationClip:'__preview__Armature|Armature|Take 001|BaseLayer') (GameObject:'back walk') (Transform:'hand.R_end') (Transform:'toe.R_end') (Transform:'foot.L') (Transform:'back walk') (GameObject:'breast.R_end') (Transform:'forearm.R') (GameObject:'foot.R') (GameObject:'toe.L_end') (Transform:'pelvis.L_end') (Transform:'toe.L_end') (GameObject:'toe.R') (Transform:'spine.005_end') (GameObject:'forearm.R') (Transform:'input') (Transform:'foot.R') (GameObject:'foot.L') (GameObject:'breast.L') (Transform:'breast.L') (Transform:'hand.L') (Transform:'thigh.L') (SkinnedMeshRenderer:'input') (GameObject:'shin.L') (GameObject:'thigh.R') (GameObject:'thigh.L') (Transform:'breast.R_end') (GameObject:'hand.R') (Transform:'spine.005') (GameObject:'hand.R_end') (GameObject:'pelvis.R_end') (Transform:'breast.L_end') (Material:'material_0') (GameObject:'spine.001') (Transform:'forearm.L') (Transform:'upper_arm.R') (GameObject:'shin.R') (GameObject:'upper_arm.R') (GameObject:'upper_arm.L') (Transform:'spine.001') (Transform:'spine') (GameObject:'spine') (GameObject:'pelvis.L') (GameObject:'spine.005') (GameObject:'forearm.L') (Transform:'spine.003') (Transform:'shin.R') (Transform:'upper_arm.L') (Transform:'pelvis.L') (Transform:'toe.L') (Transform:'hand.L_end') (Mesh:'input') (GameObject:'breast.L_end') (Transform:'pelvis.R_end') (Transform:'hand.R') (Transform:'spine.002') (GameObject:'breast.R') (GameObject:'pelvis.L_end') (GameObject:'hand.L') (Transform:'shoulder.L') (GameObject:'spine.003') (GameObject:'toe.R_end') (Transform:'toe.R') (GameObject:'spine.005_end') (GameObject:'shoulder.R') (GameObject:'Root') (Transform:'shin.L') (Transform:'Root') (GameObject:'spine.004') (AnimationClip:'Armature|Armature|Take 001|BaseLayer') (Transform:'spine.004') (Transform:'breast.R') (Transform:'pelvis.R') (Transform:'shoulder.R') (GameObject:'Armature') (GameObject:'shoulder.L') (GameObject:'hand.L_end') (GameObject:'spine.002') (GameObject:'pelvis.R') (Transform:'thigh.R') (GameObject:'toe.L') (GameObject:'input') (Transform:'Armature') 
UnityEngine.Debug:ExtractStackTraceNoAlloc (byte*,int,string)
UnityEngine.StackTraceUtility:ExtractStackTrace ()
UnityEngine.DebugLogHandler:Internal_Log (UnityEngine.LogType,UnityEngine.LogOption,string,UnityEngine.Object)
UnityEngine.DebugLogHandler:LogFormat (UnityEngine.LogType,UnityEngine.Object,string,object[])
UnityEngine.Logger:Log (UnityEngine.LogType,object)
UnityEngine.Debug:Log (object)
ProjectName.EditorTools.UserAnimDiag:Diag () (at Assets/Editor/Mixamo/UserAnimDiag.cs:25)

(Filename: Assets/Editor/Mixamo/UserAnimDiag.cs Line: 25)

[DIAG] idle.fbx animType=Generic importAnim=True clipAnimations=0 subAssets=(AnimationClip:'__preview__Armature|Armature|Take 001|BaseLayer') (GameObject:'idle') (Transform:'hand.R_end') (Transform:'toe.R_end') (Transform:'foot.L') (Transform:'idle') (GameObject:'breast.R_end') (Transform:'forearm.R') (GameObject:'foot.R') (GameObject:'toe.L_end') (Transform:'pelvis.L_end') (Transform:'toe.L_end') (GameObject:'toe.R') (Transform:'spine.005_end') (GameObject:'forearm.R') (Transform:'input') (Transform:'foot.R') (GameObject:'foot.L') (GameObject:'breast.L') (Transform:'breast.L') (Transform:'hand.L') (Transform:'thigh.L') (SkinnedMeshRenderer:'input') (GameObject:'shin.L') (GameObject:'thigh.R') (GameObject:'thigh.L') (Transform:'breast.R_end') (GameObject:'hand.R') (Transform:'spine.005') (GameObject:'hand.R_end') (GameObject:'pelvis.R_end') (Transform:'breast.L_end') (Material:'material_0') (GameObject:'spine.001') (Transform:'forearm.L') (Transform:'upper_arm.R') (GameObject:'shin.R') (GameObject:'upper_arm.R') (GameObject:'upper_arm.L') (Transform:'spine.001') (Transform:'spine') (GameObject:'spine') (GameObject:'pelvis.L') (GameObject:'spine.005') (GameObject:'forearm.L') (Transform:'spine.003') (Transform:'shin.R') (Transform:'upper_arm.L') (Transform:'pelvis.L') (Transform:'toe.L') (Transform:'hand.L_end') (Mesh:'input') (GameObject:'breast.L_end') (Transform:'pelvis.R_end') (Transform:'hand.R') (Transform:'spine.002') (GameObject:'breast.R') (GameObject:'pelvis.L_end') (GameObject:'hand.L') (Transform:'shoulder.L') (GameObject:'spine.003') (GameObject:'toe.R_end') (Transform:'toe.R') (GameObject:'spine.005_end') (GameObject:'shoulder.R') (GameObject:'Root') (Transform:'shin.L') (Transform:'Root') (GameObject:'spine.004') (AnimationClip:'Armature|Armature|Take 001|BaseLayer') (Transform:'spine.004') (Transform:'breast.R') (Transform:'pelvis.R') (Transform:'shoulder.R') (GameObject:'Armature') (GameObject:'shoulder.L') (GameObject:'hand.L_end') (GameObject:'spine.002') (GameObject:'pelvis.R') (Transform:'thigh.R') (GameObject:'toe.L') (GameObject:'input') (Transform:'Armature') 
UnityEngine.Debug:ExtractStackTraceNoAlloc (byte*,int,string)
UnityEngine.StackTraceUtility:ExtractStackTrace ()
UnityEngine.DebugLogHandler:Internal_Log (UnityEngine.LogType,UnityEngine.LogOption,string,UnityEngine.Object)
UnityEngine.DebugLogHandler:LogFormat (UnityEngine.LogType,UnityEngine.Object,string,object[])
UnityEngine.Logger:Log (UnityEngine.LogType,object)
UnityEngine.Debug:Log (object)
ProjectName.EditorTools.UserAnimDiag:Diag () (at Assets/Editor/Mixamo/UserAnimDiag.cs:25)

(Filename: Assets/Editor/Mixamo/UserAnimDiag.cs Line: 25)

[DIAG] jump.fbx animType=Generic importAnim=True clipAnimations=0 subAssets=(AnimationClip:'__preview__Armature|Armature|Take 001|BaseLayer') (GameObject:'jump') (Transform:'hand.R_end') (Transform:'toe.R_end') (Transform:'foot.L') (Transform:'jump') (GameObject:'breast.R_end') (Transform:'forearm.R') (GameObject:'foot.R') (GameObject:'toe.L_end') (Transform:'pelvis.L_end') (Transform:'toe.L_end') (GameObject:'toe.R') (Transform:'spine.005_end') (GameObject:'forearm.R') (Transform:'input') (Transform:'foot.R') (GameObject:'foot.L') (GameObject:'breast.L') (Transform:'breast.L') (Transform:'hand.L') (Transform:'thigh.L') (SkinnedMeshRenderer:'input') (GameObject:'shin.L') (GameObject:'thigh.R') (GameObject:'thigh.L') (Transform:'breast.R_end') (GameObject:'hand.R') (Transform:'spine.005') (GameObject:'hand.R_end') (GameObject:'pelvis.R_end') (Transform:'breast.L_end') (Material:'material_0') (GameObject:'spine.001') (Transform:'forearm.L') (Transform:'upper_arm.R') (GameObject:'shin.R') (GameObject:'upper_arm.R') (GameObject:'upper_arm.L') (Transform:'spine.001') (Transform:'spine') (GameObject:'spine') (GameObject:'pelvis.L') (GameObject:'spine.005') (GameObject:'forearm.L') (Transform:'spine.003') (Transform:'shin.R') (Transform:'upper_arm.L') (Transform:'pelvis.L') (Transform:'toe.L') (Transform:'hand.L_end') (Mesh:'input') (GameObject:'breast.L_end') (Transform:'pelvis.R_end') (Transform:'hand.R') (Transform:'spine.002') (GameObject:'breast.R') (GameObject:'pelvis.L_end') (GameObject:'hand.L') (Transform:'shoulder.L') (GameObject:'spine.003') (GameObject:'toe.R_end') (Transform:'toe.R') (GameObject:'spine.005_end') (GameObject:'shoulder.R') (GameObject:'Root') (Transform:'shin.L') (Transform:'Root') (GameObject:'spine.004') (AnimationClip:'Armature|Armature|Take 001|BaseLayer') (Transform:'spine.004') (Transform:'breast.R') (Transform:'pelvis.R') (Transform:'shoulder.R') (GameObject:'Armature') (GameObject:'shoulder.L') (GameObject:'hand.L_end') (GameObject:'spine.002') (GameObject:'pelvis.R') (Transform:'thigh.R') (GameObject:'toe.L') (GameObject:'input') (Transform:'Armature') 
UnityEngine.Debug:ExtractStackTraceNoAlloc (byte*,int,string)
UnityEngine.StackTraceUtility:ExtractStackTrace ()
UnityEngine.DebugLogHandler:Internal_Log (UnityEngine.LogType,UnityEngine.LogOption,string,UnityEngine.Object)
UnityEngine.DebugLogHandler:LogFormat (UnityEngine.LogType,UnityEngine.Object,string,object[])
UnityEngine.Logger:Log (UnityEngine.LogType,object)
UnityEngine.Debug:Log (object)
ProjectName.EditorTools.UserAnimDiag:Diag () (at Assets/Editor/Mixamo/UserAnimDiag.cs:25)

(Filename: Assets/Editor/Mixamo/UserAnimDiag.cs Line: 25)

[DIAG] left change direction.fbx animType=Generic importAnim=True clipAnimations=0 subAssets=(AnimationClip:'__preview__Armature|Armature|Take 001|BaseLayer') (GameObject:'left change direction') (Transform:'hand.R_end') (Transform:'toe.R_end') (Transform:'foot.L') (Transform:'left change direction') (GameObject:'breast.R_end') (Transform:'forearm.R') (GameObject:'foot.R') (GameObject:'toe.L_end') (Transform:'pelvis.L_end') (Transform:'toe.L_end') (GameObject:'toe.R') (Transform:'spine.005_end') (GameObject:'forearm.R') (Transform:'input') (Transform:'foot.R') (GameObject:'foot.L') (GameObject:'breast.L') (Transform:'breast.L') (Transform:'hand.L') (Transform:'thigh.L') (SkinnedMeshRenderer:'input') (GameObject:'shin.L') (GameObject:'thigh.R') (GameObject:'thigh.L') (Transform:'breast.R_end') (GameObject:'hand.R') (Transform:'spine.005') (GameObject:'hand.R_end') (GameObject:'pelvis.R_end') (Transform:'breast.L_end') (Material:'material_0') (GameObject:'spine.001') (Transform:'forearm.L') (Transform:'upper_arm.R') (GameObject:'shin.R') (GameObject:'upper_arm.R') (GameObject:'upper_arm.L') (Transform:'spine.001') (Transform:'spine') (GameObject:'spine') (GameObject:'pelvis.L') (GameObject:'spine.005') (GameObject:'forearm.L') (Transform:'spine.003') (Transform:'shin.R') (Transform:'upper_arm.L') (Transform:'pelvis.L') (Transform:'toe.L') (Transform:'hand.L_end') (Mesh:'input') (GameObject:'breast.L_end') (Transform:'pelvis.R_end') (Transform:'hand.R') (Transform:'spine.002') (GameObject:'breast.R') (GameObject:'pelvis.L_end') (GameObject:'hand.L') (Transform:'shoulder.L') (GameObject:'spine.003') (GameObject:'toe.R_end') (Transform:'toe.R') (GameObject:'spine.005_end') (GameObject:'shoulder.R') (GameObject:'Root') (Transform:'shin.L') (Transform:'Root') (GameObject:'spine.004') (AnimationClip:'Armature|Armature|Take 001|BaseLayer') (Transform:'spine.004') (Transform:'breast.R') (Transform:'pelvis.R') (Transform:'shoulder.R') (GameObject:'Armature') (GameObject:'shoulder.L') (GameObject:'hand.L_end') (GameObject:'spine.002') (GameObject:'pelvis.R') (Transform:'thigh.R') (GameObject:'toe.L') (GameObject:'input') (Transform:'Armature') 
UnityEngine.Debug:ExtractStackTraceNoAlloc (byte*,int,string)
UnityEngine.StackTraceUtility:ExtractStackTrace ()
UnityEngine.DebugLogHandler:Internal_Log (UnityEngine.LogType,UnityEngine.LogOption,string,UnityEngine.Object)
UnityEngine.DebugLogHandler:LogFormat (UnityEngine.LogType,UnityEngine.Object,string,object[])
UnityEngine.Logger:Log (UnityEngine.LogType,object)
UnityEngine.Debug:Log (object)
ProjectName.EditorTools.UserAnimDiag:Diag () (at Assets/Editor/Mixamo/UserAnimDiag.cs:25)

(Filename: Assets/Editor/Mixamo/UserAnimDiag.cs Line: 25)

[DIAG] right change direction.fbx animType=Generic importAnim=True clipAnimations=0 subAssets=(AnimationClip:'__preview__Armature|Armature|Take 001|BaseLayer') (GameObject:'right change direction') (Transform:'hand.R_end') (Transform:'toe.R_end') (Transform:'foot.L') (Transform:'right change direction') (GameObject:'breast.R_end') (Transform:'forearm.R') (GameObject:'foot.R') (GameObject:'toe.L_end') (Transform:'pelvis.L_end') (Transform:'toe.L_end') (GameObject:'toe.R') (Transform:'spine.005_end') (GameObject:'forearm.R') (Transform:'input') (Transform:'foot.R') (GameObject:'foot.L') (GameObject:'breast.L') (Transform:'breast.L') (Transform:'hand.L') (Transform:'thigh.L') (SkinnedMeshRenderer:'input') (GameObject:'shin.L') (GameObject:'thigh.R') (GameObject:'thigh.L') (Transform:'breast.R_end') (GameObject:'hand.R') (Transform:'spine.005') (GameObject:'hand.R_end') (GameObject:'pelvis.R_end') (Transform:'breast.L_end') (Material:'material_0') (GameObject:'spine.001') (Transform:'forearm.L') (Transform:'upper_arm.R') (GameObject:'shin.R') (GameObject:'upper_arm.R') (GameObject:'upper_arm.L') (Transform:'spine.001') (Transform:'spine') (GameObject:'spine') (GameObject:'pelvis.L') (GameObject:'spine.005') (GameObject:'forearm.L') (Transform:'spine.003') (Transform:'shin.R') (Transform:'upper_arm.L') (Transform:'pelvis.L') (Transform:'toe.L') (Transform:'hand.L_end') (Mesh:'input') (GameObject:'breast.L_end') (Transform:'pelvis.R_end') (Transform:'hand.R') (Transform:'spine.002') (GameObject:'breast.R') (GameObject:'pelvis.L_end') (GameObject:'hand.L') (Transform:'shoulder.L') (GameObject:'spine.003') (GameObject:'toe.R_end') (Transform:'toe.R') (GameObject:'spine.005_end') (GameObject:'shoulder.R') (GameObject:'Root') (Transform:'shin.L') (Transform:'Root') (GameObject:'spine.004') (AnimationClip:'Armature|Armature|Take 001|BaseLayer') (Transform:'spine.004') (Transform:'breast.R') (Transform:'pelvis.R') (Transform:'shoulder.R') (GameObject:'Armature') (GameObject:'shoulder.L') (GameObject:'hand.L_end') (GameObject:'spine.002') (GameObject:'pelvis.R') (Transform:'thigh.R') (GameObject:'toe.L') (GameObject:'input') (Transform:'Armature') 
UnityEngine.Debug:ExtractStackTraceNoAlloc (byte*,int,string)
UnityEngine.StackTraceUtility:ExtractStackTrace ()
UnityEngine.DebugLogHandler:Internal_Log (UnityEngine.LogType,UnityEngine.LogOption,string,UnityEngine.Object)
UnityEngine.DebugLogHandler:LogFormat (UnityEngine.LogType,UnityEngine.Object,string,object[])
UnityEngine.Logger:Log (UnityEngine.LogType,object)
UnityEngine.Debug:Log (object)
ProjectName.EditorTools.UserAnimDiag:Diag () (at Assets/Editor/Mixamo/UserAnimDiag.cs:25)

(Filename: Assets/Editor/Mixamo/UserAnimDiag.cs Line: 25)

[DIAG] run.fbx animType=Generic importAnim=True clipAnimations=0 subAssets=(AnimationClip:'__preview__Armature|Armature|Take 001|BaseLayer') (GameObject:'run') (Transform:'hand.R_end') (Transform:'toe.R_end') (Transform:'foot.L') (Transform:'run') (GameObject:'breast.R_end') (Transform:'forearm.R') (GameObject:'foot.R') (GameObject:'toe.L_end') (Transform:'pelvis.L_end') (Transform:'toe.L_end') (GameObject:'toe.R') (Transform:'spine.005_end') (GameObject:'forearm.R') (Transform:'input') (Transform:'foot.R') (GameObject:'foot.L') (GameObject:'breast.L') (Transform:'breast.L') (Transform:'hand.L') (Transform:'thigh.L') (SkinnedMeshRenderer:'input') (GameObject:'shin.L') (GameObject:'thigh.R') (GameObject:'thigh.L') (Transform:'breast.R_end') (GameObject:'hand.R') (Transform:'spine.005') (GameObject:'hand.R_end') (GameObject:'pelvis.R_end') (Transform:'breast.L_end') (Material:'material_0') (GameObject:'spine.001') (Transform:'forearm.L') (Transform:'upper_arm.R') (GameObject:'shin.R') (GameObject:'upper_arm.R') (GameObject:'upper_arm.L') (Transform:'spine.001') (Transform:'spine') (GameObject:'spine') (GameObject:'pelvis.L') (GameObject:'spine.005') (GameObject:'forearm.L') (Transform:'spine.003') (Transform:'shin.R') (Transform:'upper_arm.L') (Transform:'pelvis.L') (Transform:'toe.L') (Transform:'hand.L_end') (Mesh:'input') (GameObject:'breast.L_end') (Transform:'pelvis.R_end') (Transform:'hand.R') (Transform:'spine.002') (GameObject:'breast.R') (GameObject:'pelvis.L_end') (GameObject:'hand.L') (Transform:'shoulder.L') (GameObject:'spine.003') (GameObject:'toe.R_end') (Transform:'toe.R') (GameObject:'spine.005_end') (GameObject:'shoulder.R') (GameObject:'Root') (Transform:'shin.L') (Transform:'Root') (GameObject:'spine.004') (AnimationClip:'Armature|Armature|Take 001|BaseLayer') (Transform:'spine.004') (Transform:'breast.R') (Transform:'pelvis.R') (Transform:'shoulder.R') (GameObject:'Armature') (GameObject:'shoulder.L') (GameObject:'hand.L_end') (GameObject:'spine.002') (GameObject:'pelvis.R') (Transform:'thigh.R') (GameObject:'toe.L') (GameObject:'input') (Transform:'Armature') 
UnityEngine.Debug:ExtractStackTraceNoAlloc (byte*,int,string)
UnityEngine.StackTraceUtility:ExtractStackTrace ()
UnityEngine.DebugLogHandler:Internal_Log (UnityEngine.LogType,UnityEngine.LogOption,string,UnityEngine.Object)
UnityEngine.DebugLogHandler:LogFormat (UnityEngine.LogType,UnityEngine.Object,string,object[])
UnityEngine.Logger:Log (UnityEngine.LogType,object)
UnityEngine.Debug:Log (object)
ProjectName.EditorTools.UserAnimDiag:Diag () (at Assets/Editor/Mixamo/UserAnimDiag.cs:25)

(Filename: Assets/Editor/Mixamo/UserAnimDiag.cs Line: 25)

[DIAG] walk.fbx animType=Generic importAnim=True clipAnimations=0 subAssets=(AnimationClip:'__preview__Armature|Armature|Take 001|BaseLayer') (GameObject:'walk') (Transform:'hand.R_end') (Transform:'toe.R_end') (Transform:'foot.L') (Transform:'walk') (GameObject:'breast.R_end') (Transform:'forearm.R') (GameObject:'foot.R') (GameObject:'toe.L_end') (Transform:'pelvis.L_end') (Transform:'toe.L_end') (GameObject:'toe.R') (Transform:'spine.005_end') (GameObject:'forearm.R') (Transform:'input') (Transform:'foot.R') (GameObject:'foot.L') (GameObject:'breast.L') (Transform:'breast.L') (Transform:'hand.L') (Transform:'thigh.L') (SkinnedMeshRenderer:'input') (GameObject:'shin.L') (GameObject:'thigh.R') (GameObject:'thigh.L') (Transform:'breast.R_end') (GameObject:'hand.R') (Transform:'spine.005') (GameObject:'hand.R_end') (GameObject:'pelvis.R_end') (Transform:'breast.L_end') (Material:'material_0') (GameObject:'spine.001') (Transform:'forearm.L') (Transform:'upper_arm.R') (GameObject:'shin.R') (GameObject:'upper_arm.R') (GameObject:'upper_arm.L') (Transform:'spine.001') (Transform:'spine') (GameObject:'spine') (GameObject:'pelvis.L') (GameObject:'spine.005') (GameObject:'forearm.L') (Transform:'spine.003') (Transform:'shin.R') (Transform:'upper_arm.L') (Transform:'pelvis.L') (Transform:'toe.L') (Transform:'hand.L_end') (Mesh:'input') (GameObject:'breast.L_end') (Transform:'pelvis.R_end') (Transform:'hand.R') (Transform:'spine.002') (GameObject:'breast.R') (GameObject:'pelvis.L_end') (GameObject:'hand.L') (Transform:'shoulder.L') (GameObject:'spine.003') (GameObject:'toe.R_end') (Transform:'toe.R') (GameObject:'spine.005_end') (GameObject:'shoulder.R') (GameObject:'Root') (Transform:'shin.L') (Transform:'Root') (GameObject:'spine.004') (AnimationClip:'Armature|Armature|Take 001|BaseLayer') (Transform:'spine.004') (Transform:'breast.R') (Transform:'pelvis.R') (Transform:'shoulder.R') (GameObject:'Armature') (GameObject:'shoulder.L') (GameObject:'hand.L_end') (GameObject:'spine.002') (GameObject:'pelvis.R') (Transform:'thigh.R') (GameObject:'toe.L') (GameObject:'input') (Transform:'Armature') 
UnityEngine.Debug:ExtractStackTraceNoAlloc (byte*,int,string)
UnityEngine.StackTraceUtility:ExtractStackTrace ()
UnityEngine.DebugLogHandler:Internal_Log (UnityEngine.LogType,UnityEngine.LogOption,string,UnityEngine.Object)
UnityEngine.DebugLogHandler:LogFormat (UnityEngine.LogType,UnityEngine.Object,string,object[])
UnityEngine.Logger:Log (UnityEngine.LogType,object)
UnityEngine.Debug:Log (object)
ProjectName.EditorTools.UserAnimDiag:Diag () (at Assets/Editor/Mixamo/UserAnimDiag.cs:25)

(Filename: Assets/Editor/Mixamo/UserAnimDiag.cs Line: 25)

Curl error 42: Callback aborted
Batchmode quit successfully invoked - shutting down!
Start importing ProjectSettings/EditorBuildSettings.asset using Guid(0000000000000000b000000000000000) (LibraryAssetImporter) -> (Import Result ID: 'bd52947ed447db5b1a3fd28b4c69231b') in 0.3942958 seconds [static dependencies only]. Details - ImportResultOutputID=d777934f36c664454d62eda103573334 DependenciesID=6e07365756e0b154cce5b039bbda3d76 StaticDependenciesID=92333616223ccd73505ef5204746baf5 
Refreshing native plugins compatible for Editor in 6.22 ms, found 5 plugins.
(Values over 0.050ms)
Asset Pipeline Refresh (id=2f9dc377da3e14849aa4aae96553bb5e): Total: 0.689 seconds - Initiated by StopAssetImportingV2(NoUpdateAssetOptions)
	Summary:
		Imports: total=1 (actual=1, local cache=0, cache server=0)
		Asset DB Process Time: managed=312 ms, native=338 ms
		Asset DB Callback time: managed=5 ms, native=32 ms
		Scripting: domain reloads=0, domain reload time=0 ms, compile time=0 ms, other=0 ms
		Project Asset Count: scripts=2388, non-scripts=6447
		Asset File Changes: new=0, changed=0, moved=0, deleted=0
		Scan Filter Count: 1
	ApplyChangesToAssetFolders: 0.315ms
	Scan: 78.965ms
	ProcessAssetsWithTransientArtifactChanges: 1.849ms
	CategorizeAssets: 109.357ms
	ImportOutOfDateAssets: 428.285ms (9.022ms without children)
		ImportManagerImport: 415.120ms (10.118ms without children)
		UnloadImportedAssets: 0.407ms
		EnsureUptoDateAssetsAreRegisteredWithGuidPM: 1.937ms
		OnDemandSchedulerStart: 1.744ms
	PostProcessAllAssets: 31.057ms
		XRBuildSystem.XRAssetImported 19.875ms
		AssemblyValidation.PostprocessAllAssets 0.524ms
		MonoPostProcessAllAssets: 5.605ms
			AssetPostprocessor.OnPostprocessAllAssets 4.440ms
			RenderPipelineGlobalSettingsPostprocessor.OnPostprocessAllAssets 0.206ms
			ShaderGraphAssetPostProcessor.OnPostprocessAllAssets 0.165ms
			SyncVS.PostprocessSyncProject 0.143ms
			ModelAssetProcessor.OnPostprocessAllAssets 0.100ms
	PostAssetChangesProfiler: 6.580ms
	GatherAllCurrentPrimaryImportResultRevisions: 1.750ms
	UnloadStreamsBegin: 0.522ms
	PersistCurrentRevisions: 0.802ms
	Untracked: 29.475ms

[Physics::Module] Cleanup current backend.
[Physics::Module] Id: 0xf2b8ea05
Input System module state changed to: ShutdownInProgress.
Input Polling Thread exited.
Input System module state changed to: Shutdown.
[Licensing::IpcConnector] LicenseClient-korea-notifications channel disconnected successfully.
[Licensing::IpcConnector] LicenseClient-korea channel disconnected successfully.
AcceleratorClientConnectionCallback - disconnected - :0
Cleanup mono
CodeReloadManager destroyed
abort_threads: Failed aborting id: 0000000000003738, mono_thread_manage will ignore it

abort_threads: Failed aborting id: 000000000000317C, mono_thread_manage will ignore it

abort_threads: Failed aborting id: 0000000000002B54, mono_thread_manage will ignore it

abort_threads: Failed aborting id: 0000000000003738, mono_thread_manage will ignore it

abort_threads: Failed aborting id: 000000000000317C, mono_thread_manage will ignore it

abort_threads: Failed aborting id: 0000000000002B54, mono_thread_manage will ignore it

debugger-agent: Unable to listen on 3144
Exiting batchmode successfully now!
Exiting without the bug reporter. Application will terminate with return code 0